Archive member included to satisfy reference by file (symbol)

app/libapp.a(main.c.obj)      (--whole-archive)
app/libapp.a(L298N.c.obj)     (--whole-archive)
app/libapp.a(HCSR04.c.obj)    (--whole-archive)
app/libapp.a(button.c.obj)    (--whole-archive)
app/libapp.a(led.c.obj)       (--whole-archive)
zephyr/libzephyr.a(isr_tables.c.obj)
                              (--whole-archive)
zephyr/libzephyr.a(sw_isr_common.c.obj)
                              (--whole-archive)
zephyr/libzephyr.a(crc32_sw.c.obj)
                              (--whole-archive)
zephyr/libzephyr.a(crc16_sw.c.obj)
                              (--whole-archive)
zephyr/libzephyr.a(crc8_sw.c.obj)
                              (--whole-archive)
zephyr/libzephyr.a(crc7_sw.c.obj)
                              (--whole-archive)
zephyr/libzephyr.a(fdtable.c.obj)
                              (--whole-archive)
zephyr/libzephyr.a(mempool.c.obj)
                              (--whole-archive)
zephyr/libzephyr.a(rb.c.obj)  (--whole-archive)
zephyr/libzephyr.a(thread_entry.c.obj)
                              (--whole-archive)
zephyr/libzephyr.a(work_q.c.obj)
                              (--whole-archive)
zephyr/libzephyr.a(printk.c.obj)
                              (--whole-archive)
zephyr/libzephyr.a(ring_buffer.c.obj)
                              (--whole-archive)
zephyr/libzephyr.a(configs.c.obj)
                              (--whole-archive)
zephyr/libzephyr.a(soc.c.obj)
                              (--whole-archive)
zephyr/libzephyr.a(power.c.obj)
                              (--whole-archive)
zephyr/libzephyr.a(mpu_regions.c.obj)
                              (--whole-archive)
zephyr/libzephyr.a(fnmatch.c.obj)
                              (--whole-archive)
zephyr/libzephyr.a(system_nrf52.c.obj)
                              (--whole-archive)
zephyr/libzephyr.a(nrfx_glue.c.obj)
                              (--whole-archive)
zephyr/libzephyr.a(kernel_service.c.obj)
                              (--whole-archive)
zephyr/libzephyr.a(device_service.c.obj)
                              (--whole-archive)
zephyr/libzephyr.a(shell.c.obj)
                              (--whole-archive)
zephyr/libzephyr.a(shell_fprintf.c.obj)
                              (--whole-archive)
zephyr/libzephyr.a(shell_utils.c.obj)
                              (--whole-archive)
zephyr/libzephyr.a(shell_ops.c.obj)
                              (--whole-archive)
zephyr/libzephyr.a(shell_uart.c.obj)
                              (--whole-archive)
zephyr/libzephyr.a(shell_help.c.obj)
                              (--whole-archive)
zephyr/libzephyr.a(shell_cmds.c.obj)
                              (--whole-archive)
zephyr/libzephyr.a(shell_history.c.obj)
                              (--whole-archive)
zephyr/libzephyr.a(shell_wildcard.c.obj)
                              (--whole-archive)
zephyr/libzephyr.a(power.c.obj)
                              (--whole-archive)
zephyr/libzephyr.a(policy_residency.c.obj)
                              (--whole-archive)
zephyr/libzephyr.a(uart_console.c.obj)
                              (--whole-archive)
zephyr/libzephyr.a(nrf_power_clock.c.obj)
                              (--whole-archive)
zephyr/libzephyr.a(sys_clock_init.c.obj)
                              (--whole-archive)
zephyr/libzephyr.a(nrf_rtc_timer.c.obj)
                              (--whole-archive)
zephyr/arch/arch/arm/core/libarch__arm__core.a(exc_exit.S.obj)
                              (--whole-archive)
zephyr/arch/arch/arm/core/libarch__arm__core.a(irq_init.c.obj)
                              (--whole-archive)
zephyr/arch/arch/arm/core/libarch__arm__core.a(swap.c.obj)
                              (--whole-archive)
zephyr/arch/arch/arm/core/libarch__arm__core.a(swap_helper.S.obj)
                              (--whole-archive)
zephyr/arch/arch/arm/core/libarch__arm__core.a(fault.c.obj)
                              (--whole-archive)
zephyr/arch/arch/arm/core/libarch__arm__core.a(irq_manage.c.obj)
                              (--whole-archive)
zephyr/arch/arch/arm/core/libarch__arm__core.a(thread.c.obj)
                              (--whole-archive)
zephyr/arch/arch/arm/core/libarch__arm__core.a(cpu_idle.S.obj)
                              (--whole-archive)
zephyr/arch/arch/arm/core/libarch__arm__core.a(fault_s.S.obj)
                              (--whole-archive)
zephyr/arch/arch/arm/core/libarch__arm__core.a(fatal.c.obj)
                              (--whole-archive)
zephyr/arch/arch/arm/core/libarch__arm__core.a(sys_fatal_error_handler.c.obj)
                              (--whole-archive)
zephyr/arch/arch/arm/core/libarch__arm__core.a(thread_abort.c.obj)
                              (--whole-archive)
zephyr/arch/arch/arm/core/libarch__arm__core.a(isr_wrapper.S.obj)
                              (--whole-archive)
zephyr/arch/arch/arm/core/cortex_m/libarch__arm__core__cortex_m.a(vector_table.S.obj)
                              (--whole-archive)
[...]
Memory Configuration

Name             Origin             Length             Attributes
FLASH            0x0000000000000000 0x0000000000080000 xr
SRAM             0x0000000020000000 0x0000000000010000 xw
IDT_LIST         0x0000000020010000 0x0000000000000800 xw
*default*        0x0000000000000000 0xffffffffffffffff

Linker script and memory map

LOAD zephyr/CMakeFiles/zephyr_final.dir/misc/empty_file.c.obj
LOAD zephyr/CMakeFiles/zephyr_final.dir/isr_tables.c.obj
                0x0000000000000020                _region_min_align = 0x20

.rel.plt        0x0000000000000000        0x0
 *(SORT_BY_ALIGNMENT(.rel.plt))
                [!provide]                        PROVIDE (__rel_iplt_start = .)
 *(SORT_BY_ALIGNMENT(.rel.iplt))
 .rel.iplt      0x0000000000000000        0x0 zephyr/CMakeFiles/zephyr_final.dir/isr_tables.c.obj
                [!provide]                        PROVIDE (__rel_iplt_end = .)

.rela.plt       0x0000000000000000        0x0
 *(SORT_BY_ALIGNMENT(.rela.plt))
                [!provide]                        PROVIDE (__rela_iplt_start = .)
 *(SORT_BY_ALIGNMENT(.rela.iplt))
                [!provide]                        PROVIDE (__rela_iplt_end = .)

.rel.dyn
 *(SORT_BY_ALIGNMENT(.rel.*))

.rela.dyn
 *(SORT_BY_ALIGNMENT(.rela.*))

/DISCARD/
 *(SORT_BY_ALIGNMENT(.plt))
 *(SORT_BY_ALIGNMENT(.iplt))
 *(SORT_BY_ALIGNMENT(.got.plt))
 *(SORT_BY_ALIGNMENT(.igot.plt))
 *(SORT_BY_ALIGNMENT(.got))
 *(SORT_BY_ALIGNMENT(.igot))
 *(SORT_BY_ALIGNMENT(.irq_info))
 *(SORT_BY_ALIGNMENT(.intList))
                0x0000000000000000                _image_rom_start = 0x0

text            0x0000000000000000       0xdc
                0x0000000000000000                . = 0x0
                0x0000000000000000                _vector_start = .
 *(SORT_BY_ALIGNMENT(.exc_vector_table))
 *(SORT_BY_ALIGNMENT(.exc_vector_table.*))
 .exc_vector_table._vector_table_section
                0x0000000000000000       0x40 zephyr/arch/arch/arm/core/cortex_m/libarch__arm__core__cortex_m.a(vector_table.S.obj)
                0x0000000000000000                _vector_table
 *(SORT_BY_ALIGNMENT(.gnu.linkonce.irq_vector_table))
 .gnu.linkonce.irq_vector_table
                0x0000000000000040       0x9c zephyr/CMakeFiles/zephyr_final.dir/isr_tables.c.obj
                0x0000000000000040                _irq_vector_table
 *(SORT_BY_ALIGNMENT(.vectors))
 *(SORT_BY_ALIGNMENT(.openocd_dbg))
 *(SORT_BY_ALIGNMENT(.openocd_dbg.*))
 *(SORT_BY_ALIGNMENT(.kinetis_flash_config))
 *(SORT_BY_ALIGNMENT(.kinetis_flash_config.*))
                0x00000000000000dc                _vector_end = .

_TEXT_SECTION_NAME_2
                0x00000000000000dc     0x6de4
                0x00000000000000dc                _image_text_start = .
 *(SORT_BY_ALIGNMENT(.text))
 .text          0x00000000000000dc       0xa0 /home/ricardofragoso/zephyr-sdk-0.10.0/arm-zephyr-eabi/bin/../lib/gcc/arm-zephyr-eabi/8.3.0/thumb/v7e-m/nofp/libgcc.a(_aeabi_ldivmod.o)
                0x00000000000000dc                __aeabi_ldivmod
 .text          0x000000000000017c        0x4 /home/ricardofragoso/zephyr-sdk-0.10.0/arm-zephyr-eabi/bin/../lib/gcc/arm-zephyr-eabi/8.3.0/thumb/v7e-m/nofp/libgcc.a(_dvmd_tls.o)
                0x000000000000017c                __aeabi_ldiv0
                0x000000000000017c                __aeabi_idiv0
 .text          0x0000000000000180      0x2b4 /home/ricardofragoso/zephyr-sdk-0.10.0/arm-zephyr-eabi/bin/../lib/gcc/arm-zephyr-eabi/8.3.0/thumb/v7e-m/nofp/libgcc.a(_udivmoddi4.o)
                0x0000000000000180                __udivmoddi4
 *(SORT_BY_ALIGNMENT(.text.*))
 .text.buttonsThread
                0x0000000000000434       0x90 app/libapp.a(main.c.obj)
                0x0000000000000434                buttonsThread
 .text.update_inside
                0x00000000000004c4       0x28 app/libapp.a(main.c.obj)
                0x00000000000004c4                update_inside
 .text.update_outside_up
                0x00000000000004ec       0x28 app/libapp.a(main.c.obj)
                0x00000000000004ec                update_outside_up
 .text.update_outside_down
                0x0000000000000514       0x30 app/libapp.a(main.c.obj)
                0x0000000000000514                update_outside_down
 .text.main     0x0000000000000544      0x110 app/libapp.a(main.c.obj)
                0x0000000000000544                main
 .text.bridge_check_error
                0x0000000000000654       0x1c app/libapp.a(L298N.c.obj)
                0x0000000000000654                bridge_check_error
 .text.bridge_open
                0x0000000000000670       0x3c app/libapp.a(L298N.c.obj)
                0x0000000000000670                bridge_open
 .text.bridge_configure
                0x00000000000006ac       0x70 app/libapp.a(L298N.c.obj)
                0x00000000000006ac                bridge_configure
 .text.bridge_enable
                0x000000000000071c       0x38 app/libapp.a(L298N.c.obj)
                0x000000000000071c                bridge_enable
 .text.new_bridge
                0x0000000000000754       0x64 app/libapp.a(L298N.c.obj)
                0x0000000000000754                new_bridge
 .text.ultrasonic_check_error
                0x00000000000007b8       0x1c app/libapp.a(HCSR04.c.obj)
                0x00000000000007b8                ultrasonic_check_error
 .text.ultrasonic_open
                0x00000000000007d4       0x34 app/libapp.a(HCSR04.c.obj)
                0x00000000000007d4                ultrasonic_open
 .text.ultrasonic_configure
                0x0000000000000808       0x50 app/libapp.a(HCSR04.c.obj)
                0x0000000000000808                ultrasonic_configure
 .text.new_ultrasonic
                0x0000000000000858       0x4c app/libapp.a(HCSR04.c.obj)
                0x0000000000000858                new_ultrasonic
 .text.button_check_error
                0x00000000000008a4       0x1c app/libapp.a(button.c.obj)
                0x00000000000008a4                button_check_error
 .text.button_open
                0x00000000000008c0       0x34 app/libapp.a(button.c.obj)
                0x00000000000008c0                button_open
 .text.button_configure
                0x00000000000008f4       0x68 app/libapp.a(button.c.obj)
                0x00000000000008f4                button_configure
 .text.button_read
                0x000000000000095c       0x34 app/libapp.a(button.c.obj)
                0x000000000000095c                button_read
 .text.new_button
                0x0000000000000990       0x44 app/libapp.a(button.c.obj)
                0x0000000000000990                new_button
 .text.led_check_error
                0x00000000000009d4       0x1c app/libapp.a(led.c.obj)
                0x00000000000009d4                led_check_error
 .text.led_open
                0x00000000000009f0       0x38 app/libapp.a(led.c.obj)
                0x00000000000009f0                led_open
 .text.led_configure
                0x0000000000000a28       0x48 app/libapp.a(led.c.obj)
                0x0000000000000a28                led_configure
 .text.new_led  0x0000000000000a70       0x3c app/libapp.a(led.c.obj)
                0x0000000000000a70                new_led
 .text.char_out
                0x0000000000000aac       0x10 zephyr/libzephyr.a(printk.c.obj)
 .text._printk_dec_ulong
                0x0000000000000abc       0x98 zephyr/libzephyr.a(printk.c.obj)
 .text.__printk_hook_install
                0x0000000000000b54        0xc zephyr/libzephyr.a(printk.c.obj)
                0x0000000000000b54                __printk_hook_install
 .text.vprintk  0x0000000000000b60       0x1c zephyr/libzephyr.a(printk.c.obj)
                0x0000000000000b60                vprintk
 .text.nordicsemi_nrf52_init
                0x0000000000000b7c       0x30 zephyr/libzephyr.a(soc.c.obj)
 .text.z_arch_busy_wait
                0x0000000000000bac       0x14 zephyr/libzephyr.a(soc.c.obj)
                0x0000000000000bac                z_arch_busy_wait
 .text.errata_12
                0x0000000000000bc0       0x40 zephyr/libzephyr.a(system_nrf52.c.obj)
 .text.errata_16
                0x0000000000000c00       0x34 zephyr/libzephyr.a(system_nrf52.c.obj)
 .text.SystemInit
                0x0000000000000c34      0x248 zephyr/libzephyr.a(system_nrf52.c.obj)
                0x0000000000000c34                SystemInit
 .text.cmd_kernel_version
                0x0000000000000e7c       0x2c zephyr/libzephyr.a(kernel_service.c.obj)
 .text.cmd_kernel_uptime
                0x0000000000000ea8       0x1c zephyr/libzephyr.a(kernel_service.c.obj)
 .text.cmd_kernel_cycles
                0x0000000000000ec4       0x1c zephyr/libzephyr.a(kernel_service.c.obj)
 .text.cmd_device_list
                0x0000000000000ee0       0x40 zephyr/libzephyr.a(device_service.c.obj)
 .text.device_get_config_level
                0x0000000000000f20       0x3c zephyr/libzephyr.a(device_service.c.obj)
 .text.cmd_device_levels
                0x0000000000000f5c       0x94 zephyr/libzephyr.a(device_service.c.obj)
 .text.history_handle
                0x0000000000000ff0       0xa4 zephyr/libzephyr.a(shell.c.obj)
 .text.execute  0x0000000000001094      0x274 zephyr/libzephyr.a(shell.c.obj)
 .text.shell_init
                0x0000000000001308       0xf4 zephyr/libzephyr.a(shell.c.obj)
                0x0000000000001308                shell_init
 .text.shell_start
                0x00000000000013fc       0x30 zephyr/libzephyr.a(shell.c.obj)
                0x00000000000013fc                shell_start
 .text.shell_process
                0x000000000000142c      0x744 zephyr/libzephyr.a(shell.c.obj)
                0x000000000000142c                shell_process
 .text.shell_thread
                0x0000000000001b70       0xc4 zephyr/libzephyr.a(shell.c.obj)
                0x0000000000001b70                shell_thread
 .text.shell_fprintf_fmt
                0x0000000000001c34       0x28 zephyr/libzephyr.a(shell_fprintf.c.obj)
                0x0000000000001c34                shell_fprintf_fmt
 .text.shell_cmd_get
                0x0000000000001c5c       0x54 zephyr/libzephyr.a(shell_utils.c.obj)
                0x0000000000001c5c                shell_cmd_get
 .text.clear_eos.isra.6
                0x0000000000001cb0       0x10 zephyr/libzephyr.a(shell_ops.c.obj)
 .text.shell_op_cursor_vert_move
                0x0000000000001cc0       0x20 zephyr/libzephyr.a(shell_ops.c.obj)
                0x0000000000001cc0                shell_op_cursor_vert_move
 .text.shell_op_cursor_horiz_move
                0x0000000000001ce0       0x20 zephyr/libzephyr.a(shell_ops.c.obj)
                0x0000000000001ce0                shell_op_cursor_horiz_move
 .text.shell_op_cond_next_line
                0x0000000000001d00       0x28 zephyr/libzephyr.a(shell_ops.c.obj)
                0x0000000000001d00                shell_op_cond_next_line
 .text.shell_op_cursor_position_synchronize
                0x0000000000001d28       0x54 zephyr/libzephyr.a(shell_ops.c.obj)
                0x0000000000001d28                shell_op_cursor_position_synchronize
 .text.shell_print_cmd
                0x0000000000001d7c       0x10 zephyr/libzephyr.a(shell_ops.c.obj)
                0x0000000000001d7c                shell_print_cmd
 .text.shell_vt100_color_set
                0x0000000000001d8c       0x48 zephyr/libzephyr.a(shell_ops.c.obj)
                0x0000000000001d8c                shell_vt100_color_set
 .text.shell_vt100_colors_restore
                0x0000000000001dd4       0x4c zephyr/libzephyr.a(shell_ops.c.obj)
                0x0000000000001dd4                shell_vt100_colors_restore
 .text.shell_op_word_remove
                0x0000000000001e20       0xa8 zephyr/libzephyr.a(shell_ops.c.obj)
                0x0000000000001e20                shell_op_word_remove
 .text.reprint_from_cursor
                0x0000000000001ec8       0x54 zephyr/libzephyr.a(shell_ops.c.obj)
 .text.shell_op_char_insert
                0x0000000000001f1c       0x64 zephyr/libzephyr.a(shell_ops.c.obj)
                0x0000000000001f1c                shell_op_char_insert
 .text.shell_print_prompt_and_cmd
                0x0000000000001f80       0x30 zephyr/libzephyr.a(shell_ops.c.obj)
                0x0000000000001f80                shell_print_prompt_and_cmd
 .text.enable_shell_uart
                0x0000000000001fb0       0x28 zephyr/libzephyr.a(shell_uart.c.obj)
 .text.init     0x0000000000001fd8       0x30 zephyr/libzephyr.a(shell_uart.c.obj)
 .text.formatted_text_print.constprop.2
                0x0000000000002008       0xf4 zephyr/libzephyr.a(shell_help.c.obj)
 .text.shell_help_subcmd_print
                0x00000000000020fc       0xe0 zephyr/libzephyr.a(shell_help.c.obj)
                0x00000000000020fc                shell_help_subcmd_print
 .text.shell_help_cmd_print
                0x00000000000021dc       0x4c zephyr/libzephyr.a(shell_help.c.obj)
                0x00000000000021dc                shell_help_cmd_print
 .text.cmd_clear
                0x0000000000002228       0x2c zephyr/libzephyr.a(shell_cmds.c.obj)
 .text.cmd_resize_default
                0x0000000000002254       0x24 zephyr/libzephyr.a(shell_cmds.c.obj)
 .text.cmd_shell_stats_show
                0x0000000000002278       0x18 zephyr/libzephyr.a(shell_cmds.c.obj)
 .text.cmd_help
                0x0000000000002290       0x24 zephyr/libzephyr.a(shell_cmds.c.obj)
 .text.cmd_history
                0x00000000000022b4       0x48 zephyr/libzephyr.a(shell_cmds.c.obj)
 .text.cmd_echo
                0x00000000000022fc       0x54 zephyr/libzephyr.a(shell_cmds.c.obj)
 .text.cmd_resize
                0x0000000000002350      0x17c zephyr/libzephyr.a(shell_cmds.c.obj)
 .text.shell_wildcard_process
                0x00000000000024cc      0x100 zephyr/libzephyr.a(shell_wildcard.c.obj)
                0x00000000000024cc                shell_wildcard_process
 .text.console_out
                0x00000000000025cc       0x28 zephyr/libzephyr.a(uart_console.c.obj)
 .text.uart_console_hook_install
                0x00000000000025f4       0x18 zephyr/libzephyr.a(uart_console.c.obj)
                0x00000000000025f4                uart_console_hook_install
 .text.uart_console_init
                0x000000000000260c       0x1c zephyr/libzephyr.a(uart_console.c.obj)
 .text.m16src_stop
                0x0000000000002628       0x74 zephyr/libzephyr.a(nrf_power_clock.c.obj)
 .text.m16src_start
                0x000000000000269c       0xc4 zephyr/libzephyr.a(nrf_power_clock.c.obj)
 .text.k32src_start
                0x0000000000002760       0xb0 zephyr/libzephyr.a(nrf_power_clock.c.obj)
 .text.nrf_power_clock_isr
                0x0000000000002810       0xe4 zephyr/libzephyr.a(nrf_power_clock.c.obj)
                0x0000000000002810                nrf_power_clock_isr
 .text.rtc1_nrf_isr
                0x00000000000028f4       0x4c zephyr/libzephyr.a(nrf_rtc_timer.c.obj)
                0x00000000000028f4                rtc1_nrf_isr
 .text.z_clock_driver_init
                0x0000000000002940       0x8c zephyr/libzephyr.a(nrf_rtc_timer.c.obj)
                0x0000000000002940                z_clock_driver_init
 .text.z_clock_set_timeout
                0x00000000000029cc       0x74 zephyr/libzephyr.a(nrf_rtc_timer.c.obj)
                0x00000000000029cc                z_clock_set_timeout
 .text.z_clock_elapsed
                0x0000000000002a40       0x34 zephyr/libzephyr.a(nrf_rtc_timer.c.obj)
                0x0000000000002a40                z_clock_elapsed
 .text.z_timer_cycle_get_32
                0x0000000000002a74       0x34 zephyr/libzephyr.a(nrf_rtc_timer.c.obj)
                0x0000000000002a74                z_timer_cycle_get_32
 .text._HandlerModeExit
                0x0000000000002aa8       0x1c zephyr/arch/arch/arm/core/libarch__arm__core.a(exc_exit.S.obj)
                0x0000000000002aa8                z_ExcExit
                0x0000000000002aa8                _IntExit
 .text.z_IntLibInit
                0x0000000000002ac4       0x18 zephyr/arch/arch/arm/core/libarch__arm__core.a(irq_init.c.obj)
                0x0000000000002ac4                z_IntLibInit
 .text.__swap   0x0000000000002adc       0x34 zephyr/arch/arch/arm/core/libarch__arm__core.a(swap.c.obj)
                0x0000000000002adc                __swap
 .text.__pendsv
                0x0000000000002b10       0x58 zephyr/arch/arch/arm/core/libarch__arm__core.a(swap_helper.S.obj)
                0x0000000000002b10                __pendsv
 .text.__svc    0x0000000000002b68       0x24 zephyr/arch/arch/arm/core/libarch__arm__core.a(swap_helper.S.obj)
                0x0000000000002b68                __svc
 .text.MpuFault.isra.2
                0x0000000000002b8c       0x94 zephyr/arch/arch/arm/core/libarch__arm__core.a(fault.c.obj)
 .text.BusFault.isra.3
                0x0000000000002c20       0xa0 zephyr/arch/arch/arm/core/libarch__arm__core.a(fault.c.obj)
 .text.UsageFault.isra.4
                0x0000000000002cc0       0x88 zephyr/arch/arch/arm/core/libarch__arm__core.a(fault.c.obj)
 .text._Fault   0x0000000000002d48       0xd0 zephyr/arch/arch/arm/core/libarch__arm__core.a(fault.c.obj)
                0x0000000000002d48                _Fault
 .text.z_FaultInit
                0x0000000000002e18       0x10 zephyr/arch/arch/arm/core/libarch__arm__core.a(fault.c.obj)
                0x0000000000002e18                z_FaultInit
 .text.z_arch_irq_enable
                0x0000000000002e28       0x20 zephyr/arch/arch/arm/core/libarch__arm__core.a(irq_manage.c.obj)
                0x0000000000002e28                z_arch_irq_enable
 .text.z_arch_irq_disable
                0x0000000000002e48       0x28 zephyr/arch/arch/arm/core/libarch__arm__core.a(irq_manage.c.obj)
                0x0000000000002e48                z_arch_irq_disable
 .text.z_irq_priority_set
                0x0000000000002e70       0x30 zephyr/arch/arch/arm/core/libarch__arm__core.a(irq_manage.c.obj)
                0x0000000000002e70                z_irq_priority_set
 .text.z_new_thread
                0x0000000000002ea0       0x54 zephyr/arch/arch/arm/core/libarch__arm__core.a(thread.c.obj)
                0x0000000000002ea0                z_new_thread
 .text.z_CpuIdleInit
                0x0000000000002ef4        0xc zephyr/arch/arch/arm/core/libarch__arm__core.a(cpu_idle.S.obj)
                0x0000000000002ef4                z_CpuIdleInit
 .text.k_cpu_idle
                0x0000000000002f00        0xc zephyr/arch/arch/arm/core/libarch__arm__core.a(cpu_idle.S.obj)
                0x0000000000002f00                k_cpu_idle
 .text.__fault  0x0000000000002f0c       0x28 zephyr/arch/arch/arm/core/libarch__arm__core.a(fault_s.S.obj)
                0x0000000000002f0c                __usage_fault
                0x0000000000002f0c                __reserved
                0x0000000000002f0c                __bus_fault
                0x0000000000002f0c                __debug_monitor
                0x0000000000002f0c                __mpu_fault
                0x0000000000002f0c                __hard_fault
 .text.z_NanoFatalErrorHandler
                0x0000000000002f34       0x64 zephyr/arch/arch/arm/core/libarch__arm__core.a(fatal.c.obj)
                0x0000000000002f34                z_NanoFatalErrorHandler
 .text.z_SysFatalErrorHandler
                0x0000000000002f98       0x58 zephyr/arch/arch/arm/core/libarch__arm__core.a(sys_fatal_error_handler.c.obj)
                0x0000000000002f98                z_SysFatalErrorHandler
 .text.z_impl_k_thread_abort
                0x0000000000002ff0       0x4c zephyr/arch/arch/arm/core/libarch__arm__core.a(thread_abort.c.obj)
                0x0000000000002ff0                z_impl_k_thread_abort
 .text._isr_wrapper
                0x000000000000303c       0x40 zephyr/arch/arch/arm/core/libarch__arm__core.a(isr_wrapper.S.obj)
                0x000000000000303c                _isr_wrapper
 .text._reset_section
                0x000000000000307c       0x30 zephyr/arch/arch/arm/core/cortex_m/libarch__arm__core__cortex_m.a(reset.S.obj)
                0x000000000000307c                __reset
                0x000000000000307c                __start
 .text.z_SysNmiOnReset
                0x00000000000030ac        0x8 zephyr/arch/arch/arm/core/cortex_m/libarch__arm__core__cortex_m.a(nmi_on_reset.S.obj)
                0x00000000000030ac                z_SysNmiOnReset
 .text._PrepC   0x00000000000030b4       0x2c zephyr/arch/arch/arm/core/cortex_m/libarch__arm__core__cortex_m.a(prep_c.c.obj)
                0x00000000000030b4                _PrepC
 .text.z_arch_configure_static_mpu_regions
                0x00000000000030e0       0x38 zephyr/arch/arch/arm/core/cortex_m/mpu/libarch__arm__core__cortex_m__mpu.a(arm_core_mpu.c.obj)
                0x00000000000030e0                z_arch_configure_static_mpu_regions
 .text.mpu_configure_regions
                0x0000000000003118       0x88 zephyr/arch/arch/arm/core/cortex_m/mpu/libarch__arm__core__cortex_m__mpu.a(arm_mpu.c.obj)
 .text.arm_core_mpu_enable
                0x00000000000031a0       0x14 zephyr/arch/arch/arm/core/cortex_m/mpu/libarch__arm__core__cortex_m__mpu.a(arm_mpu.c.obj)
                0x00000000000031a0                arm_core_mpu_enable
 .text.arm_core_mpu_disable
                0x00000000000031b4       0x10 zephyr/arch/arch/arm/core/cortex_m/mpu/libarch__arm__core__cortex_m__mpu.a(arm_mpu.c.obj)
                0x00000000000031b4                arm_core_mpu_disable
 .text.arm_mpu_init
                0x00000000000031c4       0x5c zephyr/arch/arch/arm/core/cortex_m/mpu/libarch__arm__core__cortex_m__mpu.a(arm_mpu.c.obj)
 .text.arm_core_mpu_configure_static_mpu_regions
                0x0000000000003220       0x14 zephyr/arch/arch/arm/core/cortex_m/mpu/libarch__arm__core__cortex_m__mpu.a(arm_mpu.c.obj)
                0x0000000000003220                arm_core_mpu_configure_static_mpu_regions
 .text.arm_core_mpu_configure_dynamic_mpu_regions
                0x0000000000003234       0x2c zephyr/arch/arch/arm/core/cortex_m/mpu/libarch__arm__core__cortex_m__mpu.a(arm_mpu.c.obj)
                0x0000000000003234                arm_core_mpu_configure_dynamic_mpu_regions
 .text.z_prf    0x0000000000003260      0x7a0 zephyr/lib/libc/minimal/liblib__libc__minimal.a(prf.c.obj)
                0x0000000000003260                z_prf
 .text.__stdout_hook_install
                0x0000000000003a00        0xc zephyr/lib/libc/minimal/liblib__libc__minimal.a(stdout_console.c.obj)
                0x0000000000003a00                __stdout_hook_install
 .text.gpio_nrfx_init
                0x0000000000003a0c       0x30 zephyr/drivers/gpio/libdrivers__gpio.a(gpio_nrfx.c.obj)
 .text.gpiote_event_handler
                0x0000000000003a3c      0x140 zephyr/drivers/gpio/libdrivers__gpio.a(gpio_nrfx.c.obj)
 .text.gpiote_pin_int_cfg
                0x0000000000003b7c      0x14c zephyr/drivers/gpio/libdrivers__gpio.a(gpio_nrfx.c.obj)
 .text.event_txdrdy_check
                0x0000000000003cc8       0x20 zephyr/drivers/serial/libdrivers__serial.a(uart_nrfx_uart.c.obj)
 .text.uart_nrfx_err_check
                0x0000000000003ce8       0x14 zephyr/drivers/serial/libdrivers__serial.a(uart_nrfx_uart.c.obj)
 .text.uart_nrfx_irq_rx_enable
                0x0000000000003cfc       0x10 zephyr/drivers/serial/libdrivers__serial.a(uart_nrfx_uart.c.obj)
 .text.uart_nrfx_irq_rx_disable
                0x0000000000003d0c       0x10 zephyr/drivers/serial/libdrivers__serial.a(uart_nrfx_uart.c.obj)
 .text.uart_nrfx_irq_rx_ready
                0x0000000000003d1c       0x10 zephyr/drivers/serial/libdrivers__serial.a(uart_nrfx_uart.c.obj)
 .text.uart_nrfx_irq_err_enable
                0x0000000000003d2c       0x10 zephyr/drivers/serial/libdrivers__serial.a(uart_nrfx_uart.c.obj)
 .text.uart_nrfx_irq_err_disable
                0x0000000000003d3c       0x10 zephyr/drivers/serial/libdrivers__serial.a(uart_nrfx_uart.c.obj)
 .text.uart_nrfx_irq_callback_set
                0x0000000000003d4c       0x14 zephyr/drivers/serial/libdrivers__serial.a(uart_nrfx_uart.c.obj)
 .text.uart_nrfx_isr
                0x0000000000003d60       0x18 zephyr/drivers/serial/libdrivers__serial.a(uart_nrfx_uart.c.obj)
 .text.uart_nrfx_irq_tx_disable
                0x0000000000003d78       0x14 zephyr/drivers/serial/libdrivers__serial.a(uart_nrfx_uart.c.obj)
 .text.uart_nrfx_irq_tx_enable
                0x0000000000003d8c       0x48 zephyr/drivers/serial/libdrivers__serial.a(uart_nrfx_uart.c.obj)
 .text.uart_nrfx_configure
                0x0000000000003dd4      0x16c zephyr/drivers/serial/libdrivers__serial.a(uart_nrfx_uart.c.obj)
 .text.uart_nrfx_irq_is_pending
                0x0000000000003f40       0x3c zephyr/drivers/serial/libdrivers__serial.a(uart_nrfx_uart.c.obj)
 .text.uart_nrfx_init
                0x0000000000003f7c       0x84 zephyr/drivers/serial/libdrivers__serial.a(uart_nrfx_uart.c.obj)
 .text.uart_nrfx_fifo_read
                0x0000000000004000       0x34 zephyr/drivers/serial/libdrivers__serial.a(uart_nrfx_uart.c.obj)
 .text.uart_nrfx_poll_out
                0x0000000000004034       0x40 zephyr/drivers/serial/libdrivers__serial.a(uart_nrfx_uart.c.obj)
 .text.uart_nrfx_poll_in
                0x0000000000004074       0x2c zephyr/drivers/serial/libdrivers__serial.a(uart_nrfx_uart.c.obj)
 .text.uart_nrfx_fifo_fill
                0x00000000000040a0       0x48 zephyr/drivers/serial/libdrivers__serial.a(uart_nrfx_uart.c.obj)
 .text.z_sys_device_do_config_level
                0x00000000000040e8       0x2c zephyr/kernel/libkernel.a(device.c.obj)
                0x00000000000040e8                z_sys_device_do_config_level
 .text.z_impl_device_get_binding
                0x0000000000004114       0x4c zephyr/kernel/libkernel.a(device.c.obj)
                0x0000000000004114                z_impl_device_get_binding
 .text.idle     0x0000000000004160       0x34 zephyr/kernel/libkernel.a(idle.c.obj)
                0x0000000000004160                idle
 .text.z_bss_zero
                0x0000000000004194       0x14 zephyr/kernel/libkernel.a(init.c.obj)
                0x0000000000004194                z_bss_zero
 .text.z_data_copy
                0x00000000000041a8       0x34 zephyr/kernel/libkernel.a(init.c.obj)
                0x00000000000041a8                z_data_copy
 .text.bg_thread_main
                0x00000000000041dc       0x30 zephyr/kernel/libkernel.a(init.c.obj)
 .text.z_cstart
                0x000000000000420c      0x134 zephyr/kernel/libkernel.a(init.c.obj)
                0x000000000000420c                z_cstart
 .text.z_impl_k_mutex_lock
                0x0000000000004340       0xe0 zephyr/kernel/libkernel.a(mutex.c.obj)
                0x0000000000004340                z_impl_k_mutex_lock
 .text.z_impl_k_mutex_unlock
                0x0000000000004420       0x80 zephyr/kernel/libkernel.a(mutex.c.obj)
                0x0000000000004420                z_impl_k_mutex_unlock
 .text.reset_time_slice
                0x00000000000044a0       0x24 zephyr/kernel/libkernel.a(sched.c.obj)
 .text.resched.part.15
                0x00000000000044c4       0x24 zephyr/kernel/libkernel.a(sched.c.obj)
 .text.k_sched_time_slice_set
                0x00000000000044e8       0x5c zephyr/kernel/libkernel.a(sched.c.obj)
                0x00000000000044e8                k_sched_time_slice_set
 .text.k_sched_lock
                0x0000000000004544       0x28 zephyr/kernel/libkernel.a(sched.c.obj)
                0x0000000000004544                k_sched_lock
 .text.z_priq_dumb_remove
                0x000000000000456c       0x2c zephyr/kernel/libkernel.a(sched.c.obj)
                0x000000000000456c                z_priq_dumb_remove
 .text.update_cache
                0x0000000000004598       0x3c zephyr/kernel/libkernel.a(sched.c.obj)
 .text.k_sched_unlock
                0x00000000000045d4       0x38 zephyr/kernel/libkernel.a(sched.c.obj)
                0x00000000000045d4                k_sched_unlock
 .text.z_add_thread_to_ready_q
                0x000000000000460c       0x6c zephyr/kernel/libkernel.a(sched.c.obj)
                0x000000000000460c                z_add_thread_to_ready_q
 .text.z_move_thread_to_end_of_prio_q
                0x0000000000004678       0x80 zephyr/kernel/libkernel.a(sched.c.obj)
                0x0000000000004678                z_move_thread_to_end_of_prio_q
 .text.z_time_slice
                0x00000000000046f8       0x68 zephyr/kernel/libkernel.a(sched.c.obj)
                0x00000000000046f8                z_time_slice
 .text.z_remove_thread_from_ready_q
                0x0000000000004760       0x4c zephyr/kernel/libkernel.a(sched.c.obj)
                0x0000000000004760                z_remove_thread_from_ready_q
 .text.pend     0x00000000000047ac       0x84 zephyr/kernel/libkernel.a(sched.c.obj)
 .text.z_pend_curr
                0x0000000000004830       0x28 zephyr/kernel/libkernel.a(sched.c.obj)
                0x0000000000004830                z_pend_curr
 .text.z_tick_sleep.part.16
                0x0000000000004858       0x5c zephyr/kernel/libkernel.a(sched.c.obj)
 .text.z_thread_priority_set
                0x00000000000048b4       0x98 zephyr/kernel/libkernel.a(sched.c.obj)
                0x00000000000048b4                z_thread_priority_set
 .text.z_sched_init
                0x000000000000494c       0x18 zephyr/kernel/libkernel.a(sched.c.obj)
                0x000000000000494c                z_sched_init
 .text.z_impl_k_yield
                0x0000000000004964       0x94 zephyr/kernel/libkernel.a(sched.c.obj)
                0x0000000000004964                z_impl_k_yield
 .text.z_impl_k_sleep
                0x00000000000049f8       0x40 zephyr/kernel/libkernel.a(sched.c.obj)
                0x00000000000049f8                z_impl_k_sleep
 .text.z_impl_k_current_get
                0x0000000000004a38        0xc zephyr/kernel/libkernel.a(sched.c.obj)
                0x0000000000004a38                z_impl_k_current_get
 .text.z_impl_k_sem_give
                0x0000000000004a44       0x58 zephyr/kernel/libkernel.a(sem.c.obj)
                0x0000000000004a44                z_impl_k_sem_give
 .text.z_impl_k_sem_take
                0x0000000000004a9c       0x48 zephyr/kernel/libkernel.a(sem.c.obj)
                0x0000000000004a9c                z_impl_k_sem_take
 .text.k_is_in_isr
                0x0000000000004ae4       0x20 zephyr/kernel/libkernel.a(thread.c.obj)
                0x0000000000004ae4                k_is_in_isr
 .text.z_is_thread_essential
                0x0000000000004b04       0x10 zephyr/kernel/libkernel.a(thread.c.obj)
                0x0000000000004b04                z_is_thread_essential
 .text.z_impl_k_thread_start
                0x0000000000004b14       0x48 zephyr/kernel/libkernel.a(thread.c.obj)
                0x0000000000004b14                z_impl_k_thread_start
 .text.z_setup_new_thread
                0x0000000000004b5c       0x30 zephyr/kernel/libkernel.a(thread.c.obj)
                0x0000000000004b5c                z_setup_new_thread
 .text.z_impl_k_thread_create
                0x0000000000004b8c       0x64 zephyr/kernel/libkernel.a(thread.c.obj)
                0x0000000000004b8c                z_impl_k_thread_create
 .text.z_init_static_threads
                0x0000000000004bf0       0xb8 zephyr/kernel/libkernel.a(thread.c.obj)
                0x0000000000004bf0                z_init_static_threads
 .text.sys_kernel_version_get
                0x0000000000004ca8        0x8 zephyr/kernel/libkernel.a(version.c.obj)
                0x0000000000004ca8                sys_kernel_version_get
 .text.elapsed  0x0000000000004cb0       0x14 zephyr/kernel/libkernel.a(timeout.c.obj)
 .text.remove_timeout
                0x0000000000004cc4       0x28 zephyr/kernel/libkernel.a(timeout.c.obj)
 .text.next_timeout
                0x0000000000004cec       0x50 zephyr/kernel/libkernel.a(timeout.c.obj)
 .text.z_add_timeout
                0x0000000000004d3c       0x84 zephyr/kernel/libkernel.a(timeout.c.obj)
                0x0000000000004d3c                z_add_timeout
 .text.z_clock_announce
                0x0000000000004dc0       0xac zephyr/kernel/libkernel.a(timeout.c.obj)
                0x0000000000004dc0                z_clock_announce
 .text.z_tick_get
                0x0000000000004e6c       0x3c zephyr/kernel/libkernel.a(timeout.c.obj)
                0x0000000000004e6c                z_tick_get
 .text.k_poll_event_init
                0x0000000000004ea8       0x28 zephyr/kernel/libkernel.a(poll.c.obj)
                0x0000000000004ea8                k_poll_event_init
 .text.z_impl_k_poll
                0x0000000000004ed0      0x134 zephyr/kernel/libkernel.a(poll.c.obj)
                0x0000000000004ed0                z_impl_k_poll
 .text.z_impl_k_poll_signal_raise
                0x0000000000005004       0x54 zephyr/kernel/libkernel.a(poll.c.obj)
                0x0000000000005004                z_impl_k_poll_signal_raise
 .text.init_static_pools
                0x0000000000005058       0x28 zephyr/kernel/libkernel.a(mempool.c.obj)
                0x0000000000005058                init_static_pools
 .text.ledsThread
                0x0000000000005080        0x2 app/libapp.a(main.c.obj)
                0x0000000000005080                ledsThread
 .text.in_button_callback
                0x0000000000005082       0x3a app/libapp.a(main.c.obj)
                0x0000000000005082                in_button_callback
 .text.out_up_button_callback
                0x00000000000050bc       0x2e app/libapp.a(main.c.obj)
                0x00000000000050bc                out_up_button_callback
 .text.out_down_button_callback
                0x00000000000050ea       0x2e app/libapp.a(main.c.obj)
                0x00000000000050ea                out_down_button_callback
 .text.gpio_pin_write
                0x0000000000005118       0x12 app/libapp.a(L298N.c.obj)
 .text.gpio_pin_configure
                0x000000000000512a       0x12 app/libapp.a(L298N.c.obj)
 .text.get_bit_ptr
                0x000000000000513c       0x2e zephyr/libzephyr.a(mempool.c.obj)
 .text.set_free_bit
                0x000000000000516a       0x1c zephyr/libzephyr.a(mempool.c.obj)
 .text.z_sys_mem_pool_base_init
                0x0000000000005186       0x94 zephyr/libzephyr.a(mempool.c.obj)
                0x0000000000005186                z_sys_mem_pool_base_init
 .text.z_thread_entry
                0x000000000000521a       0x14 zephyr/libzephyr.a(thread_entry.c.obj)
                0x000000000000521a                z_thread_entry
 .text.z_arch_printk_char_out
                0x000000000000522e        0x4 zephyr/libzephyr.a(printk.c.obj)
                0x000000000000522e                z_arch_printk_char_out
 .text.print_err
                0x0000000000005232       0x1c zephyr/libzephyr.a(printk.c.obj)
 .text.z_vprintk
                0x000000000000524e      0x2e0 zephyr/libzephyr.a(printk.c.obj)
                0x000000000000524e                z_vprintk
 .text.printk   0x000000000000552e       0x1a zephyr/libzephyr.a(printk.c.obj)
                0x000000000000552e                printk
 .text.ring_buf_space_get
                0x0000000000005548       0x18 zephyr/libzephyr.a(ring_buffer.c.obj)
 .text.ring_buf_put_claim
                0x0000000000005560       0x38 zephyr/libzephyr.a(ring_buffer.c.obj)
                0x0000000000005560                ring_buf_put_claim
 .text.ring_buf_put_finish
                0x0000000000005598       0x26 zephyr/libzephyr.a(ring_buffer.c.obj)
                0x0000000000005598                ring_buf_put_finish
 .text.ring_buf_put
                0x00000000000055be       0x3e zephyr/libzephyr.a(ring_buffer.c.obj)
                0x00000000000055be                ring_buf_put
 .text.ring_buf_get_claim
                0x00000000000055fc       0x42 zephyr/libzephyr.a(ring_buffer.c.obj)
                0x00000000000055fc                ring_buf_get_claim
 .text.ring_buf_get_finish
                0x000000000000563e       0x2a zephyr/libzephyr.a(ring_buffer.c.obj)
                0x000000000000563e                ring_buf_get_finish
 .text.ring_buf_get
                0x0000000000005668       0x3e zephyr/libzephyr.a(ring_buffer.c.obj)
                0x0000000000005668                ring_buf_get
 .text._ConfigAbsSyms
                0x00000000000056a6        0x2 zephyr/libzephyr.a(configs.c.obj)
                0x00000000000056a6                _ConfigAbsSyms
 .text.z_platform_init
                0x00000000000056a8        0x4 zephyr/libzephyr.a(soc.c.obj)
                0x00000000000056a8                z_platform_init
 .text.foldcase
                0x00000000000056ac       0x10 zephyr/libzephyr.a(fnmatch.c.obj)
 .text.fnmatchx
                0x00000000000056bc      0x254 zephyr/libzephyr.a(fnmatch.c.obj)
 .text.fnmatch  0x0000000000005910        0x6 zephyr/libzephyr.a(fnmatch.c.obj)
                0x0000000000005910                fnmatch
 .text.shell_strlen
                0x0000000000005916        0xc zephyr/libzephyr.a(shell.c.obj)
 .text.shell_raw_fprintf
                0x0000000000005922       0x1a zephyr/libzephyr.a(shell.c.obj)
 .text.shell_internal_help_print
                0x000000000000593c       0x12 zephyr/libzephyr.a(shell.c.obj)
 .text.state_set.constprop.31
                0x000000000000594e       0x14 zephyr/libzephyr.a(shell.c.obj)
 .text.transport_evt_handler
                0x0000000000005962       0x14 zephyr/libzephyr.a(shell.c.obj)
 .text.shell_fprintf
                0x0000000000005976       0x5e zephyr/libzephyr.a(shell.c.obj)
                0x0000000000005976                shell_fprintf
 .text.shell_fprintf_buffer_flush
                0x00000000000059d4       0x18 zephyr/libzephyr.a(shell_fprintf.c.obj)
                0x00000000000059d4                shell_fprintf_buffer_flush
 .text.out_func
                0x00000000000059ec       0x38 zephyr/libzephyr.a(shell_fprintf.c.obj)
 .text.isspace  0x0000000000005a24       0x14 zephyr/libzephyr.a(shell_utils.c.obj)
 .text.shell_strlen
                0x0000000000005a38        0xc zephyr/libzephyr.a(shell_utils.c.obj)
 .text.column_span_with_buffer_offsets_get
                0x0000000000005a44       0x1e zephyr/libzephyr.a(shell_utils.c.obj)
                0x0000000000005a44                column_span_with_buffer_offsets_get
 .text.row_span_with_buffer_offsets_get
                0x0000000000005a62       0x16 zephyr/libzephyr.a(shell_utils.c.obj)
                0x0000000000005a62                row_span_with_buffer_offsets_get
 .text.shell_multiline_data_calc
                0x0000000000005a78       0x2c zephyr/libzephyr.a(shell_utils.c.obj)
                0x0000000000005a78                shell_multiline_data_calc
 .text.shell_make_argv
                0x0000000000005aa4      0x18a zephyr/libzephyr.a(shell_utils.c.obj)
                0x0000000000005aa4                shell_make_argv
 .text.shell_pattern_remove
                0x0000000000005c2e       0x4e zephyr/libzephyr.a(shell_utils.c.obj)
                0x0000000000005c2e                shell_pattern_remove
 .text.shell_get_last_command
                0x0000000000005c7c       0x96 zephyr/libzephyr.a(shell_utils.c.obj)
                0x0000000000005c7c                shell_get_last_command
 .text.shell_spaces_trim
                0x0000000000005d12       0x68 zephyr/libzephyr.a(shell_utils.c.obj)
                0x0000000000005d12                shell_spaces_trim
 .text.shell_cmd_trim
                0x0000000000005d7a       0x70 zephyr/libzephyr.a(shell_utils.c.obj)
                0x0000000000005d7a                shell_cmd_trim
 .text.shell_raw_fprintf
                0x0000000000005dea       0x1a zephyr/libzephyr.a(shell_ops.c.obj)
 .text.full_line_cmd.isra.8
                0x0000000000005e04       0x28 zephyr/libzephyr.a(shell_ops.c.obj)
 .text.shell_cursor_in_empty_line
                0x0000000000005e2c       0x28 zephyr/libzephyr.a(shell_ops.c.obj)
                0x0000000000005e2c                shell_cursor_in_empty_line
 .text.shell_op_cursor_move
                0x0000000000005e54       0x48 zephyr/libzephyr.a(shell_ops.c.obj)
                0x0000000000005e54                shell_op_cursor_move
 .text.shell_op_cursor_word_move
                0x0000000000005e9c       0x74 zephyr/libzephyr.a(shell_ops.c.obj)
                0x0000000000005e9c                shell_op_cursor_word_move
 .text.shell_op_cursor_home_move
                0x0000000000005f10        0xc zephyr/libzephyr.a(shell_ops.c.obj)
                0x0000000000005f10                shell_op_cursor_home_move
 .text.shell_op_cursor_end_move
                0x0000000000005f1c        0xe zephyr/libzephyr.a(shell_ops.c.obj)
                0x0000000000005f1c                shell_op_cursor_end_move
 .text.shell_op_left_arrow
                0x0000000000005f2a       0x10 zephyr/libzephyr.a(shell_ops.c.obj)
                0x0000000000005f2a                shell_op_left_arrow
 .text.shell_op_right_arrow
                0x0000000000005f3a       0x12 zephyr/libzephyr.a(shell_ops.c.obj)
                0x0000000000005f3a                shell_op_right_arrow
 .text.shell_op_delete_from_cursor
                0x0000000000005f4c       0x14 zephyr/libzephyr.a(shell_ops.c.obj)
                0x0000000000005f4c                shell_op_delete_from_cursor
 .text.shell_cmd_line_erase
                0x0000000000005f60       0x34 zephyr/libzephyr.a(shell_ops.c.obj)
                0x0000000000005f60                shell_cmd_line_erase
 .text.shell_write
                0x0000000000005f94       0x66 zephyr/libzephyr.a(shell_ops.c.obj)
                0x0000000000005f94                shell_write
 .text.shell_print_stream
                0x0000000000005ffa        0x4 zephyr/libzephyr.a(shell_ops.c.obj)
                0x0000000000005ffa                shell_print_stream
 .text.shell_internal_vfprintf
                0x0000000000005ffe       0x50 zephyr/libzephyr.a(shell_ops.c.obj)
                0x0000000000005ffe                shell_internal_vfprintf
 .text.shell_internal_fprintf
                0x000000000000604e       0x1a zephyr/libzephyr.a(shell_ops.c.obj)
                0x000000000000604e                shell_internal_fprintf
 .text.data_insert
                0x0000000000006068       0x64 zephyr/libzephyr.a(shell_ops.c.obj)
 .text.shell_op_completion_insert
                0x00000000000060cc        0x4 zephyr/libzephyr.a(shell_ops.c.obj)
                0x00000000000060cc                shell_op_completion_insert
 .text.shell_op_char_delete
                0x00000000000060d0       0x36 zephyr/libzephyr.a(shell_ops.c.obj)
                0x00000000000060d0                shell_op_char_delete
 .text.shell_op_char_backspace
                0x0000000000006106       0x22 zephyr/libzephyr.a(shell_ops.c.obj)
                0x0000000000006106                shell_op_char_backspace
 .text.z_impl_uart_irq_tx_disable
                0x0000000000006128        0xa zephyr/libzephyr.a(shell_uart.c.obj)
 .text.uninit   0x0000000000006132        0x4 zephyr/libzephyr.a(shell_uart.c.obj)
 .text.enable   0x0000000000006136       0x14 zephyr/libzephyr.a(shell_uart.c.obj)
 .text.read     0x000000000000614a       0x12 zephyr/libzephyr.a(shell_uart.c.obj)
 .text.write    0x000000000000615c       0x6c zephyr/libzephyr.a(shell_uart.c.obj)
 .text.uart_callback
                0x00000000000061c8       0xd8 zephyr/libzephyr.a(shell_uart.c.obj)
 .text.shell_raw_fprintf
                0x00000000000062a0       0x1a zephyr/libzephyr.a(shell_help.c.obj)
 .text.cmd_bacskpace_mode_backspace
                0x00000000000062ba       0x12 zephyr/libzephyr.a(shell_cmds.c.obj)
 .text.cmd_bacskpace_mode_delete
                0x00000000000062cc       0x12 zephyr/libzephyr.a(shell_cmds.c.obj)
 .text.cmd_colors_off
                0x00000000000062de       0x12 zephyr/libzephyr.a(shell_cmds.c.obj)
 .text.cmd_colors_on
                0x00000000000062f0       0x12 zephyr/libzephyr.a(shell_cmds.c.obj)
 .text.cmd_echo_off
                0x0000000000006302       0x12 zephyr/libzephyr.a(shell_cmds.c.obj)
 .text.cmd_echo_on
                0x0000000000006314       0x12 zephyr/libzephyr.a(shell_cmds.c.obj)
 .text.cmd_shell_stats_reset
                0x0000000000006326        0x8 zephyr/libzephyr.a(shell_cmds.c.obj)
 .text.shell_raw_fprintf
                0x000000000000632e       0x1a zephyr/libzephyr.a(shell_cmds.c.obj)
 .text.remove_from_tail.part.4
                0x0000000000006348       0x24 zephyr/libzephyr.a(shell_history.c.obj)
 .text.shell_history_mode_exit
                0x000000000000636c        0x6 zephyr/libzephyr.a(shell_history.c.obj)
                0x000000000000636c                shell_history_mode_exit
 .text.shell_history_get
                0x0000000000006372       0x56 zephyr/libzephyr.a(shell_history.c.obj)
                0x0000000000006372                shell_history_get
 .text.shell_history_purge
                0x00000000000063c8       0x18 zephyr/libzephyr.a(shell_history.c.obj)
                0x00000000000063c8                shell_history_purge
 .text.shell_history_put
                0x00000000000063e0       0xd6 zephyr/libzephyr.a(shell_history.c.obj)
                0x00000000000063e0                shell_history_put
 .text.shell_history_init
                0x00000000000064b6        0xc zephyr/libzephyr.a(shell_history.c.obj)
                0x00000000000064b6                shell_history_init
 .text.shell_wildcard_character_exist
                0x00000000000064c2       0x28 zephyr/libzephyr.a(shell_wildcard.c.obj)
                0x00000000000064c2                shell_wildcard_character_exist
 .text.shell_wildcard_prepare
                0x00000000000064ea       0x44 zephyr/libzephyr.a(shell_wildcard.c.obj)
                0x00000000000064ea                shell_wildcard_prepare
 .text.shell_wildcard_finalize
                0x000000000000652e       0x1a zephyr/libzephyr.a(shell_wildcard.c.obj)
                0x000000000000652e                shell_wildcard_finalize
 .text.clock_control_init
                0x0000000000006548       0x16 zephyr/libzephyr.a(nrf_power_clock.c.obj)
 .text.z_clock_isr
                0x000000000000655e        0x2 zephyr/libzephyr.a(sys_clock_init.c.obj)
                0x000000000000655e                z_clock_isr
 .text.z_clock_idle_exit
                0x0000000000006560        0x2 zephyr/libzephyr.a(sys_clock_init.c.obj)
                0x0000000000006560                z_clock_idle_exit
 .text.z_irq_spurious
                0x0000000000006562        0x4 zephyr/arch/arch/arm/core/libarch__arm__core.a(irq_manage.c.obj)
                0x0000000000006562                z_irq_spurious
 .text.z_do_kernel_oops
                0x0000000000006566        0x8 zephyr/arch/arch/arm/core/libarch__arm__core.a(fatal.c.obj)
                0x0000000000006566                z_do_kernel_oops
 .text.__nmi    0x000000000000656e        0xe zephyr/arch/arch/arm/core/cortex_m/libarch__arm__core__cortex_m.a(nmi.c.obj)
                0x000000000000656e                __nmi
 .text.z_arch_configure_dynamic_mpu_regions
                0x000000000000657c       0x10 zephyr/arch/arch/arm/core/cortex_m/mpu/libarch__arm__core__cortex_m__mpu.a(arm_core_mpu.c.obj)
                0x000000000000657c                z_arch_configure_dynamic_mpu_regions
 .text.strstr   0x000000000000658c       0x3a zephyr/lib/libc/minimal/liblib__libc__minimal.a(strstr.c.obj)
                0x000000000000658c                strstr
 .text.strcpy   0x00000000000065c6       0x14 zephyr/lib/libc/minimal/liblib__libc__minimal.a(string.c.obj)
                0x00000000000065c6                strcpy
 .text.strchr   0x00000000000065da       0x1c zephyr/lib/libc/minimal/liblib__libc__minimal.a(string.c.obj)
                0x00000000000065da                strchr
 .text.strlen   0x00000000000065f6        0xe zephyr/lib/libc/minimal/liblib__libc__minimal.a(string.c.obj)
                0x00000000000065f6                strlen
 .text.strcmp   0x0000000000006604       0x18 zephyr/lib/libc/minimal/liblib__libc__minimal.a(string.c.obj)
                0x0000000000006604                strcmp
 .text.strncmp  0x000000000000661c       0x1e zephyr/lib/libc/minimal/liblib__libc__minimal.a(string.c.obj)
                0x000000000000661c                strncmp
 .text.memcmp   0x000000000000663a       0x20 zephyr/lib/libc/minimal/liblib__libc__minimal.a(string.c.obj)
                0x000000000000663a                memcmp
 .text.memmove  0x000000000000665a       0x2e zephyr/lib/libc/minimal/liblib__libc__minimal.a(string.c.obj)
                0x000000000000665a                memmove
 .text.memcpy   0x0000000000006688       0x54 zephyr/lib/libc/minimal/liblib__libc__minimal.a(string.c.obj)
                0x0000000000006688                memcpy
 .text.memset   0x00000000000066dc       0x44 zephyr/lib/libc/minimal/liblib__libc__minimal.a(string.c.obj)
                0x00000000000066dc                memset
 .text._to_x    0x0000000000006720       0x4e zephyr/lib/libc/minimal/liblib__libc__minimal.a(prf.c.obj)
 .text._rlrshift
                0x000000000000676e       0x24 zephyr/lib/libc/minimal/liblib__libc__minimal.a(prf.c.obj)
 .text._ldiv5   0x0000000000006792       0x58 zephyr/lib/libc/minimal/liblib__libc__minimal.a(prf.c.obj)
 .text._get_digit
                0x00000000000067ea       0x2e zephyr/lib/libc/minimal/liblib__libc__minimal.a(prf.c.obj)
 .text._stdout_hook_default
                0x0000000000006818        0x6 zephyr/lib/libc/minimal/liblib__libc__minimal.a(stdout_console.c.obj)
 .text.nrf_gpio_cfg_sense_set
                0x000000000000681e       0x20 zephyr/drivers/gpio/libdrivers__gpio.a(gpio_nrfx.c.obj)
 .text.gpio_nrfx_write
                0x000000000000683e       0x3c zephyr/drivers/gpio/libdrivers__gpio.a(gpio_nrfx.c.obj)
 .text.gpio_nrfx_read
                0x000000000000687a       0x30 zephyr/drivers/gpio/libdrivers__gpio.a(gpio_nrfx.c.obj)
 .text.gpio_nrfx_manage_callback
                0x00000000000068aa       0x56 zephyr/drivers/gpio/libdrivers__gpio.a(gpio_nrfx.c.obj)
 .text.gpio_nrfx_config
                0x0000000000006900      0x124 zephyr/drivers/gpio/libdrivers__gpio.a(gpio_nrfx.c.obj)
 .text.gpio_nrfx_pin_disable_callback
                0x0000000000006a24       0x42 zephyr/drivers/gpio/libdrivers__gpio.a(gpio_nrfx.c.obj)
 .text.gpio_nrfx_pin_enable_callback
                0x0000000000006a66       0x40 zephyr/drivers/gpio/libdrivers__gpio.a(gpio_nrfx.c.obj)
 .text.uart_nrfx_config_get
                0x0000000000006aa6       0x10 zephyr/drivers/serial/libdrivers__serial.a(uart_nrfx_uart.c.obj)
 .text.uart_nrfx_irq_tx_ready_complete
                0x0000000000006ab6        0x8 zephyr/drivers/serial/libdrivers__serial.a(uart_nrfx_uart.c.obj)
 .text.uart_nrfx_irq_update
                0x0000000000006abe        0x4 zephyr/drivers/serial/libdrivers__serial.a(uart_nrfx_uart.c.obj)
 .text.device_busy_set
                0x0000000000006ac2        0x2 zephyr/kernel/libkernel.a(device.c.obj)
                0x0000000000006ac2                device_busy_set
 .text.device_busy_clear
                0x0000000000006ac4        0x2 zephyr/kernel/libkernel.a(device.c.obj)
                0x0000000000006ac4                device_busy_clear
 .text.z_sys_power_save_idle_exit
                0x0000000000006ac6        0x4 zephyr/kernel/libkernel.a(idle.c.obj)
                0x0000000000006ac6                z_sys_power_save_idle_exit
 .text.z_impl_k_mutex_init
                0x0000000000006aca        0xc zephyr/kernel/libkernel.a(mutex.c.obj)
                0x0000000000006aca                z_impl_k_mutex_init
 .text.z_is_thread_ready
                0x0000000000006ad6       0x12 zephyr/kernel/libkernel.a(sched.c.obj)
 .text.z_is_t1_higher_prio_than_t2
                0x0000000000006ae8       0x12 zephyr/kernel/libkernel.a(sched.c.obj)
                0x0000000000006ae8                z_is_t1_higher_prio_than_t2
 .text.z_unpend_thread_no_timeout
                0x0000000000006afa       0x32 zephyr/kernel/libkernel.a(sched.c.obj)
                0x0000000000006afa                z_unpend_thread_no_timeout
 .text.z_reschedule
                0x0000000000006b2c       0x1e zephyr/kernel/libkernel.a(sched.c.obj)
                0x0000000000006b2c                z_reschedule
 .text.z_reschedule_irqlock
                0x0000000000006b4a       0x20 zephyr/kernel/libkernel.a(sched.c.obj)
                0x0000000000006b4a                z_reschedule_irqlock
 .text.z_reschedule_unlocked
                0x0000000000006b6a       0x14 zephyr/kernel/libkernel.a(sched.c.obj)
 .text.z_unpend_thread
                0x0000000000006b7e       0x3c zephyr/kernel/libkernel.a(sched.c.obj)
                0x0000000000006b7e                z_unpend_thread
 .text.z_priq_dumb_best
                0x0000000000006bba        0xc zephyr/kernel/libkernel.a(sched.c.obj)
                0x0000000000006bba                z_priq_dumb_best
 .text.z_thread_timeout
                0x0000000000006bc6       0x62 zephyr/kernel/libkernel.a(sched.c.obj)
                0x0000000000006bc6                z_thread_timeout
 .text.z_unpend_first_thread
                0x0000000000006c28       0x5a zephyr/kernel/libkernel.a(sched.c.obj)
                0x0000000000006c28                z_unpend_first_thread
 .text.z_is_thread_ready
                0x0000000000006c82       0x12 zephyr/kernel/libkernel.a(thread.c.obj)
 .text.z_impl_k_busy_wait
                0x0000000000006c94        0x4 zephyr/kernel/libkernel.a(thread.c.obj)
                0x0000000000006c94                z_impl_k_busy_wait
 .text.z_impl_k_thread_name_set
                0x0000000000006c98        0x2 zephyr/kernel/libkernel.a(thread.c.obj)
                0x0000000000006c98                z_impl_k_thread_name_set
 .text.z_thread_single_abort
                0x0000000000006c9a       0x3e zephyr/kernel/libkernel.a(thread.c.obj)
                0x0000000000006c9a                z_thread_single_abort
 .text.z_init_thread_base
                0x0000000000006cd8       0x10 zephyr/kernel/libkernel.a(thread.c.obj)
                0x0000000000006cd8                z_init_thread_base
 .text.z_abort_timeout
                0x0000000000006ce8       0x2c zephyr/kernel/libkernel.a(timeout.c.obj)
                0x0000000000006ce8                z_abort_timeout
 .text.z_get_next_timeout_expiry
                0x0000000000006d14       0x20 zephyr/kernel/libkernel.a(timeout.c.obj)
                0x0000000000006d14                z_get_next_timeout_expiry
 .text.z_set_timeout_expiry
                0x0000000000006d34       0x34 zephyr/kernel/libkernel.a(timeout.c.obj)
                0x0000000000006d34                z_set_timeout_expiry
 .text.z_tick_get_32
                0x0000000000006d68        0x8 zephyr/kernel/libkernel.a(timeout.c.obj)
                0x0000000000006d68                z_tick_get_32
 .text.z_impl_k_uptime_get_32
                0x0000000000006d70       0x16 zephyr/kernel/libkernel.a(timeout.c.obj)
                0x0000000000006d70                z_impl_k_uptime_get_32
 .text.clear_event_registrations
                0x0000000000006d86       0x54 zephyr/kernel/libkernel.a(poll.c.obj)
 .text.signal_poll_event
                0x0000000000006dda       0x58 zephyr/kernel/libkernel.a(poll.c.obj)
 .text.add_event
                0x0000000000006e32       0x5c zephyr/kernel/libkernel.a(poll.c.obj)
 .text.z_handle_obj_poll_events
                0x0000000000006e8e       0x1c zephyr/kernel/libkernel.a(poll.c.obj)
                0x0000000000006e8e                z_handle_obj_poll_events
 .text.z_impl_k_poll_signal_init
                0x0000000000006eaa        0xa zephyr/kernel/libkernel.a(poll.c.obj)
                0x0000000000006eaa                z_impl_k_poll_signal_init
 .text.z_impl_k_poll_signal_check
                0x0000000000006eb4        0xa zephyr/kernel/libkernel.a(poll.c.obj)
                0x0000000000006eb4                z_impl_k_poll_signal_check
 .text._OffsetAbsSyms
                0x0000000000006ebe        0x2 zephyr/CMakeFiles/offsets.dir/arch/arm/core/offsets/offsets.c.obj
                0x0000000000006ebe                _OffsetAbsSyms
 *(SORT_BY_ALIGNMENT(.gnu.linkonce.t.*))
 *(SORT_BY_ALIGNMENT(.glue_7t))
 .glue_7t       0x0000000000006ec0        0x0 linker stubs
 *(SORT_BY_ALIGNMENT(.glue_7))
 .glue_7        0x0000000000006ec0        0x0 linker stubs
 *(SORT_BY_ALIGNMENT(.vfp11_veneer))
 .vfp11_veneer  0x0000000000006ec0        0x0 linker stubs
 *(SORT_BY_ALIGNMENT(.v4_bx))
 .v4_bx         0x0000000000006ec0        0x0 linker stubs
                0x0000000000006ec0                _image_text_end = .

.ARM.exidx      0x0000000000006ec0        0x8
                0x0000000000006ec0                __exidx_start = .
 *(SORT_BY_ALIGNMENT(.ARM.exidx*) SORT_BY_ALIGNMENT(gnu.linkonce.armexidx.*))
 .ARM.exidx     0x0000000000006ec0        0x8 /home/ricardofragoso/zephyr-sdk-0.10.0/arm-zephyr-eabi/bin/../lib/gcc/arm-zephyr-eabi/8.3.0/thumb/v7e-m/nofp/libgcc.a(_udivmoddi4.o)
                0x0000000000006ec8                __exidx_end = .
                0x0000000000006ec8                _image_rodata_start = .

sw_isr_table    0x0000000000006ec8      0x138
 *(SORT_BY_ALIGNMENT(.gnu.linkonce.sw_isr_table))
 .gnu.linkonce.sw_isr_table
                0x0000000000006ec8      0x138 zephyr/CMakeFiles/zephyr_final.dir/isr_tables.c.obj
                0x0000000000006ec8                _sw_isr_table

app_shmem_regions
                0x0000000000007000        0x0
                0x0000000000007000                __app_shmem_regions_start = .
 *(SORT_BY_NAME(SORT_BY_ALIGNMENT(.app_regions.*)))
                0x0000000000007000                __app_shmem_regions_end = .

devconfig       0x0000000000007000       0x78
                0x0000000000007000                __devconfig_start = .
 *(SORT_BY_ALIGNMENT(.devconfig.*))
 .devconfig.init
                0x0000000000007000        0xc zephyr/libzephyr.a(soc.c.obj)
 .devconfig.init
                0x000000000000700c        0xc zephyr/libzephyr.a(shell_uart.c.obj)
 .devconfig.init
                0x0000000000007018        0xc zephyr/libzephyr.a(uart_console.c.obj)
 .devconfig.init
                0x0000000000007024       0x18 zephyr/libzephyr.a(nrf_power_clock.c.obj)
 .devconfig.init
                0x000000000000703c        0xc zephyr/libzephyr.a(sys_clock_init.c.obj)
 .devconfig.init
                0x0000000000007048        0xc zephyr/arch/arch/arm/core/cortex_m/mpu/libarch__arm__core__cortex_m__mpu.a(arm_mpu.c.obj)
 .devconfig.init
                0x0000000000007054        0xc zephyr/drivers/gpio/libdrivers__gpio.a(gpio_nrfx.c.obj)
 .devconfig.init
                0x0000000000007060        0xc zephyr/drivers/serial/libdrivers__serial.a(uart_nrfx_uart.c.obj)
 .devconfig.init
                0x000000000000706c        0xc zephyr/kernel/libkernel.a(mempool.c.obj)
 *(SORT_BY_NAME(SORT_BY_ALIGNMENT(.devconfig*)))
                0x0000000000007078                __devconfig_end = .

net_l2          0x0000000000007078        0x0
                0x0000000000007078                __net_l2_start = .
 *(SORT_BY_ALIGNMENT(.net_l2.init))
 *(SORT_BY_NAME(SORT_BY_ALIGNMENT(.net_l2.init*)))
                0x0000000000007078                __net_l2_end = .

_bt_channels_area
                0x0000000000007078        0x0
                0x0000000000007078                _bt_channels_start = .
 *(SORT_BY_NAME(SORT_BY_ALIGNMENT(._bt_channels.static.*)))
                0x0000000000007078                _bt_channels_end = .

_bt_services_area
                0x0000000000007078        0x0
                0x0000000000007078                _bt_services_start = .
 *(SORT_BY_NAME(SORT_BY_ALIGNMENT(._bt_services.static.*)))
                0x0000000000007078                _bt_services_end = .

log_const_sections
                0x0000000000007078        0x0
                0x0000000000007078                __log_const_start = .
 *(SORT_BY_NAME(SORT_BY_ALIGNMENT(.log_const_*)))
                0x0000000000007078                __log_const_end = .

log_backends_sections
                0x0000000000007078        0x0
                0x0000000000007078                __log_backends_start = .
 *(SORT_BY_ALIGNMENT(.log_backends))
                0x0000000000007078                __log_backends_end = .

shell_root_cmds_sections
                0x0000000000007078       0x38
                0x0000000000007078                __shell_root_cmds_start = .
 *(SORT_BY_NAME(SORT_BY_ALIGNMENT(.shell_root_cmd_*)))
 .shell_root_cmd_clear
                0x0000000000007078        0x8 zephyr/libzephyr.a(shell_cmds.c.obj)
 .shell_root_cmd_device
                0x0000000000007080        0x8 zephyr/libzephyr.a(device_service.c.obj)
 .shell_root_cmd_help
                0x0000000000007088        0x8 zephyr/libzephyr.a(shell_cmds.c.obj)
 .shell_root_cmd_history
                0x0000000000007090        0x8 zephyr/libzephyr.a(shell_cmds.c.obj)
 .shell_root_cmd_kernel
                0x0000000000007098        0x8 zephyr/libzephyr.a(kernel_service.c.obj)
 .shell_root_cmd_resize
                0x00000000000070a0        0x8 zephyr/libzephyr.a(shell_cmds.c.obj)
 .shell_root_cmd_shell
                0x00000000000070a8        0x8 zephyr/libzephyr.a(shell_cmds.c.obj)
                0x00000000000070b0                __shell_root_cmds_end = .

font_entry_sections
                0x00000000000070b0        0x0
                0x00000000000070b0                __font_entry_start = .
 *(SORT_BY_NAME(SORT_BY_ALIGNMENT(.font_entry.*)))
                0x00000000000070b0                __font_entry_end = .

rodata          0x00000000000070b0     0x158c
 *(SORT_BY_ALIGNMENT(.rodata))
 *(SORT_BY_ALIGNMENT(.rodata.*))
 .rodata.delay_machine_code.9705
                0x00000000000070b0        0x6 zephyr/libzephyr.a(soc.c.obj)
 *fill*         0x00000000000070b6        0x2 
 .rodata.mpu_config
                0x00000000000070b8        0x8 zephyr/libzephyr.a(mpu_regions.c.obj)
                0x00000000000070b8                mpu_config
 .rodata.mpu_regions
                0x00000000000070c0       0x18 zephyr/libzephyr.a(mpu_regions.c.obj)
 .rodata._shell_kernel
                0x00000000000070d8       0x14 zephyr/libzephyr.a(kernel_service.c.obj)
 .rodata.shell_sub_kernel
                0x00000000000070ec       0x50 zephyr/libzephyr.a(kernel_service.c.obj)
 .rodata.sub_kernel
                0x000000000000713c        0x8 zephyr/libzephyr.a(kernel_service.c.obj)
 .rodata._shell_device
                0x0000000000007144       0x14 zephyr/libzephyr.a(device_service.c.obj)
 .rodata.config_levels
                0x0000000000007158       0x14 zephyr/libzephyr.a(device_service.c.obj)
 .rodata.shell_sub_device
                0x000000000000716c       0x3c zephyr/libzephyr.a(device_service.c.obj)
 .rodata.sub_device
                0x00000000000071a8        0x8 zephyr/libzephyr.a(device_service.c.obj)
 .rodata.shell_transport_uart_shell_uart
                0x00000000000071b0       0x10 zephyr/libzephyr.a(shell_uart.c.obj)
 .rodata.shell_uart
                0x00000000000071c0       0x2c zephyr/libzephyr.a(shell_uart.c.obj)
 .rodata.shell_uart_fprintf
                0x00000000000071ec       0x14 zephyr/libzephyr.a(shell_uart.c.obj)
 .rodata.shell_uart_transport_api
                0x0000000000007200       0x18 zephyr/libzephyr.a(shell_uart.c.obj)
                0x0000000000007200                shell_uart_transport_api
 .rodata._shell_clear
                0x0000000000007218       0x14 zephyr/libzephyr.a(shell_cmds.c.obj)
 .rodata._shell_help
                0x000000000000722c       0x14 zephyr/libzephyr.a(shell_cmds.c.obj)
 .rodata._shell_history
                0x0000000000007240       0x14 zephyr/libzephyr.a(shell_cmds.c.obj)
 .rodata._shell_resize
                0x0000000000007254       0x14 zephyr/libzephyr.a(shell_cmds.c.obj)
 .rodata._shell_shell
                0x0000000000007268       0x14 zephyr/libzephyr.a(shell_cmds.c.obj)
 .rodata.m_sub_backspace_mode
                0x000000000000727c        0x8 zephyr/libzephyr.a(shell_cmds.c.obj)
 .rodata.m_sub_colors
                0x0000000000007284        0x8 zephyr/libzephyr.a(shell_cmds.c.obj)
 .rodata.m_sub_echo
                0x000000000000728c        0x8 zephyr/libzephyr.a(shell_cmds.c.obj)
 .rodata.m_sub_resize
                0x0000000000007294        0x8 zephyr/libzephyr.a(shell_cmds.c.obj)
 .rodata.m_sub_shell
                0x000000000000729c        0x8 zephyr/libzephyr.a(shell_cmds.c.obj)
 .rodata.m_sub_shell_stats
                0x00000000000072a4        0x8 zephyr/libzephyr.a(shell_cmds.c.obj)
 .rodata.shell_m_sub_backspace_mode
                0x00000000000072ac       0x3c zephyr/libzephyr.a(shell_cmds.c.obj)
 .rodata.shell_m_sub_colors
                0x00000000000072e8       0x3c zephyr/libzephyr.a(shell_cmds.c.obj)
 .rodata.shell_m_sub_echo
                0x0000000000007324       0x3c zephyr/libzephyr.a(shell_cmds.c.obj)
 .rodata.shell_m_sub_resize
                0x0000000000007360       0x28 zephyr/libzephyr.a(shell_cmds.c.obj)
 .rodata.shell_m_sub_shell
                0x0000000000007388       0x64 zephyr/libzephyr.a(shell_cmds.c.obj)
 .rodata.shell_m_sub_shell_stats
                0x00000000000073ec       0x3c zephyr/libzephyr.a(shell_cmds.c.obj)
 .rodata._k32src_clock_control_api
                0x0000000000007428        0xc zephyr/libzephyr.a(nrf_power_clock.c.obj)
 .rodata._m16src_clock_control_api
                0x0000000000007434        0xc zephyr/libzephyr.a(nrf_power_clock.c.obj)
 .rodata.gpio_nrfx_drv_api_funcs
                0x0000000000007440       0x1c zephyr/drivers/gpio/libdrivers__gpio.a(gpio_nrfx.c.obj)
 .rodata.gpio_nrfx_p0_cfg
                0x000000000000745c        0x8 zephyr/drivers/gpio/libdrivers__gpio.a(gpio_nrfx.c.obj)
 .rodata.uart_nrfx_uart_driver_api
                0x0000000000007464       0x4c zephyr/drivers/serial/libdrivers__serial.a(uart_nrfx_uart.c.obj)
 .rodata.config_levels.9408
                0x00000000000074b0       0x14 zephyr/kernel/libkernel.a(device.c.obj)
 .rodata._k_neg_eagain
                0x00000000000074c4        0x4 zephyr/kernel/libkernel.a(errno.c.obj)
                0x00000000000074c4                _k_neg_eagain
 .rodata._idle_thread
                0x00000000000074c8        0x4 zephyr/kernel/libkernel.a(init.c.obj)
                0x00000000000074c8                _idle_thread
 .rodata.main.str1.1
                0x00000000000074cc        0x7 app/libapp.a(main.c.obj)
 .rodata.str1.1
                0x00000000000074d3       0x10 app/libapp.a(main.c.obj)
 .rodata.bridge_check_error.str1.1
                0x00000000000074e3       0x20 app/libapp.a(L298N.c.obj)
 .rodata.bridge_configure.str1.1
                0x0000000000007503       0x36 app/libapp.a(L298N.c.obj)
 .rodata.bridge_enable.str1.1
                0x0000000000007539       0x3c app/libapp.a(L298N.c.obj)
 .rodata.bridge_open.str1.1
                0x0000000000007575       0x37 app/libapp.a(L298N.c.obj)
 .rodata.new_bridge.str1.1
                0x00000000000075ac       0x7f app/libapp.a(L298N.c.obj)
 .rodata.new_ultrasonic.str1.1
                0x000000000000762b       0x6e app/libapp.a(HCSR04.c.obj)
 .rodata.ultrasonic_check_error.str1.1
                0x0000000000007699       0x20 app/libapp.a(HCSR04.c.obj)
 .rodata.ultrasonic_configure.str1.1
                0x0000000000007699       0x38 app/libapp.a(HCSR04.c.obj)
 .rodata.ultrasonic_open.str1.1
                0x00000000000076d1       0x39 app/libapp.a(HCSR04.c.obj)
 .rodata.button_check_error.str1.1
                0x000000000000770a       0x20 app/libapp.a(button.c.obj)
 .rodata.button_configure.str1.1
                0x000000000000770a       0x29 app/libapp.a(button.c.obj)
 .rodata.button_open.str1.1
                0x0000000000007733       0x35 app/libapp.a(button.c.obj)
 .rodata.button_read.str1.1
                0x0000000000007768       0x20 app/libapp.a(button.c.obj)
 .rodata.new_button.str1.1
                0x0000000000007788       0x66 app/libapp.a(button.c.obj)
 .rodata.led_check_error.str1.1
                0x00000000000077ee       0x20 app/libapp.a(led.c.obj)
 .rodata.led_configure.str1.1
                0x00000000000077ee       0x26 app/libapp.a(led.c.obj)
 .rodata.led_open.str1.1
                0x0000000000007814       0x32 app/libapp.a(led.c.obj)
 .rodata.new_led.str1.1
                0x0000000000007846       0x5d app/libapp.a(led.c.obj)
 .rodata.str1.1
                0x00000000000078a3       0x5d zephyr/libzephyr.a(soc.c.obj)
                                          0x1 (size before relaxing)
 .rodata.str1.1
                0x00000000000078a3        0xf zephyr/libzephyr.a(mpu_regions.c.obj)
 .rodata.cmd_kernel_cycles.str1.1
                0x00000000000078b2       0x16 zephyr/libzephyr.a(kernel_service.c.obj)
 .rodata.cmd_kernel_uptime.str1.1
                0x00000000000078c8        0xf zephyr/libzephyr.a(kernel_service.c.obj)
 .rodata.cmd_kernel_version.str1.1
                0x00000000000078d7       0x19 zephyr/libzephyr.a(kernel_service.c.obj)
 .rodata.str1.1
                0x00000000000078f0       0x5b zephyr/libzephyr.a(kernel_service.c.obj)
 .rodata.cmd_device_levels.str1.1
                0x000000000000794b       0x42 zephyr/libzephyr.a(device_service.c.obj)
 .rodata.cmd_device_list.str1.1
                0x000000000000798d       0x10 zephyr/libzephyr.a(device_service.c.obj)
 .rodata.str1.1
                0x000000000000799d       0x56 zephyr/libzephyr.a(device_service.c.obj)
                                         0x5d (size before relaxing)
 .rodata.cmd.10209
                0x00000000000079f3        0x4 zephyr/libzephyr.a(shell.c.obj)
 .rodata.cmd.10587
                0x00000000000079f7        0x4 zephyr/libzephyr.a(shell.c.obj)
 .rodata.cmd.10588
                0x00000000000079fb        0x5 zephyr/libzephyr.a(shell.c.obj)
 .rodata.execute.str1.1
                0x0000000000007a00       0x9a zephyr/libzephyr.a(shell.c.obj)
                                         0xa2 (size before relaxing)
 .rodata.history_handle.str1.1
                0x0000000000007a9a       0x9a zephyr/libzephyr.a(shell.c.obj)
                                          0x3 (size before relaxing)
 .rodata.shell_process.str1.1
                0x0000000000007a9a        0x9 zephyr/libzephyr.a(shell.c.obj)
 .rodata.shell_start.str1.1
                0x0000000000007aa3        0x3 zephyr/libzephyr.a(shell.c.obj)
 .rodata.shell_thread.str1.1
                0x0000000000007aa6       0x17 zephyr/libzephyr.a(shell.c.obj)
 .rodata.clear_eos.isra.6.str1.1
                0x0000000000007abd        0x3 zephyr/libzephyr.a(shell_ops.c.obj)
 .rodata.cmd.10165
                0x0000000000007abd        0x4 zephyr/libzephyr.a(shell_ops.c.obj)
 .rodata.cmd.10169
                0x0000000000007ac1        0x3 zephyr/libzephyr.a(shell_ops.c.obj)
 .rodata.cmd.10173
                0x0000000000007ac4        0x3 zephyr/libzephyr.a(shell_ops.c.obj)
 .rodata.cmd.10471
                0x0000000000007ac7        0x4 zephyr/libzephyr.a(shell_ops.c.obj)
 .rodata.shell_op_char_insert.str1.1
                0x0000000000007acb       0x17 zephyr/libzephyr.a(shell_ops.c.obj)
                                          0x3 (size before relaxing)
 .rodata.shell_op_cond_next_line.str1.1
                0x0000000000007acb        0x2 zephyr/libzephyr.a(shell_ops.c.obj)
 .rodata.shell_op_cursor_vert_move.str1.1
                0x0000000000007acb        0x7 zephyr/libzephyr.a(shell_ops.c.obj)
 .rodata.enable_shell_uart.str1.1
                0x0000000000007ad2        0x7 zephyr/libzephyr.a(shell_uart.c.obj)
 .rodata.str1.1
                0x0000000000007ad9       0x14 zephyr/libzephyr.a(shell_uart.c.obj)
                                         0x15 (size before relaxing)
 .rodata.cmd_sep.10372
                0x0000000000007aed        0x4 zephyr/libzephyr.a(shell_help.c.obj)
 .rodata.formatted_text_print.constprop.2.str1.1
                0x0000000000007af1        0x2 zephyr/libzephyr.a(shell_help.c.obj)
 .rodata.shell_help_cmd_print.str1.1
                0x0000000000007af1       0x14 zephyr/libzephyr.a(shell_help.c.obj)
                                          0x5 (size before relaxing)
 .rodata.shell_help_subcmd_print.str1.1
                0x0000000000007af1       0x18 zephyr/libzephyr.a(shell_help.c.obj)
 .rodata.tabulator.10349
                0x0000000000007b09        0x3 zephyr/libzephyr.a(shell_help.c.obj)
 .rodata.cmd.10138
                0x0000000000007b0c        0x3 zephyr/libzephyr.a(shell_cmds.c.obj)
 .rodata.cmd.10142
                0x0000000000007b0f        0x3 zephyr/libzephyr.a(shell_cmds.c.obj)
 .rodata.cmd.10319
                0x0000000000007b12        0x4 zephyr/libzephyr.a(shell_cmds.c.obj)
 .rodata.cmd.10320
                0x0000000000007b16        0x5 zephyr/libzephyr.a(shell_cmds.c.obj)
 .rodata.cmd.10385
                0x0000000000007b1b        0x6 zephyr/libzephyr.a(shell_cmds.c.obj)
 .rodata.cmd_clear.str1.1
                0x0000000000007b21        0x3 zephyr/libzephyr.a(shell_cmds.c.obj)
 .rodata.cmd_echo.str1.1
                0x0000000000007b21       0x33 zephyr/libzephyr.a(shell_cmds.c.obj)
                                         0x36 (size before relaxing)
 .rodata.cmd_get_terminal_size.10294
                0x0000000000007b54        0x5 zephyr/libzephyr.a(shell_cmds.c.obj)
 .rodata.cmd_help.str1.1
                0x0000000000007b59      0x1a7 zephyr/libzephyr.a(shell_cmds.c.obj)
 .rodata.cmd_history.str1.1
                0x0000000000007d00        0xa zephyr/libzephyr.a(shell_cmds.c.obj)
 .rodata.cmd_resize.str1.1
                0x0000000000007d0a       0x3a zephyr/libzephyr.a(shell_cmds.c.obj)
 .rodata.cmd_shell_stats_show.str1.1
                0x0000000000007d44        0xf zephyr/libzephyr.a(shell_cmds.c.obj)
 .rodata.str1.1
                0x0000000000007d53      0x3d4 zephyr/libzephyr.a(shell_cmds.c.obj)
                                        0x3d9 (size before relaxing)
 .rodata.shell_wildcard_process.str1.1
                0x0000000000008127       0x52 zephyr/libzephyr.a(shell_wildcard.c.obj)
 .rodata.str1.1
                0x0000000000008179        0x1 zephyr/libzephyr.a(uart_console.c.obj)
 .rodata.uart_console_init.str1.1
                0x0000000000008179        0x7 zephyr/libzephyr.a(uart_console.c.obj)
 .rodata.str1.1
                0x0000000000008179       0x14 zephyr/libzephyr.a(nrf_power_clock.c.obj)
 .rodata.str1.1
                0x000000000000818d        0xa zephyr/libzephyr.a(sys_clock_init.c.obj)
 .rodata.z_clock_driver_init.str1.1
                0x0000000000008197        0xa zephyr/libzephyr.a(nrf_rtc_timer.c.obj)
 .rodata.BusFault.isra.3.str1.1
                0x0000000000008197       0x8e zephyr/arch/arch/arm/core/libarch__arm__core.a(fault.c.obj)
 .rodata.MpuFault.isra.2.str1.1
                0x0000000000008225       0xdf zephyr/arch/arch/arm/core/libarch__arm__core.a(fault.c.obj)
 .rodata.UsageFault.isra.4.str1.1
                0x0000000000008304       0xd4 zephyr/arch/arch/arm/core/libarch__arm__core.a(fault.c.obj)
 .rodata._Fault.str1.1
                0x00000000000083d8       0xd3 zephyr/arch/arch/arm/core/libarch__arm__core.a(fault.c.obj)
 .rodata.z_NanoFatalErrorHandler.str1.1
                0x00000000000084ab       0xda zephyr/arch/arch/arm/core/libarch__arm__core.a(fatal.c.obj)
 .rodata.z_SysFatalErrorHandler.str1.1
                0x0000000000008585       0x5a zephyr/arch/arch/arm/core/libarch__arm__core.a(sys_fatal_error_handler.c.obj)
 .rodata.str1.1
                0x00000000000085df        0x1 zephyr/arch/arch/arm/core/cortex_m/mpu/libarch__arm__core__cortex_m__mpu.a(arm_mpu.c.obj)
 .rodata.z_prf.str1.1
                0x00000000000085df        0xa zephyr/lib/libc/minimal/liblib__libc__minimal.a(prf.c.obj)
 .rodata.str1.1
                0x00000000000085e9        0x7 zephyr/drivers/gpio/libdrivers__gpio.a(gpio_nrfx.c.obj)
 .rodata.str1.1
                0x00000000000085e9        0x7 zephyr/drivers/serial/libdrivers__serial.a(uart_nrfx_uart.c.obj)
 .rodata.uart_nrfx_uart0_config
                0x00000000000085e9        0x1 zephyr/drivers/serial/libdrivers__serial.a(uart_nrfx_uart.c.obj)
 .rodata.bg_thread_main.str1.1
                0x00000000000085ea       0x47 zephyr/kernel/libkernel.a(init.c.obj)
 .rodata.z_cstart.str1.1
                0x0000000000008631        0xa zephyr/kernel/libkernel.a(init.c.obj)
 .rodata.str1.1
                0x000000000000863b        0x1 zephyr/kernel/libkernel.a(mempool.c.obj)
 *(SORT_BY_ALIGNMENT(.gnu.linkonce.r.*))
                0x000000000000863c                . = ALIGN (0x4)
 *fill*         0x000000000000863b        0x1 
                0x000000000000863c                _image_rodata_end = .
                0x0000000000008640                . = ALIGN (_region_min_align)
                0x0000000000010000                . = ALIGN ((0x1 << LOG2CEIL ((_image_rodata_end - _image_rom_start))))
                0x0000000000010000                _image_rom_end = .
                0x0000000020000000                . = 0x20000000
                0x0000000020000000                . = ALIGN (_region_min_align)
                0x0000000020000000                _image_ram_start = .

.ramfunc        0x0000000020000000        0x0 load address 0x000000000000863c
                0x0000000020000000                . = ALIGN (_region_min_align)
                0x0000000020000000                . = ALIGN ((0x1 << LOG2CEIL (_ramfunc_ram_size)))
                0x0000000020000000                _ramfunc_ram_start = .
 *(SORT_BY_ALIGNMENT(.ramfunc))
 *(SORT_BY_ALIGNMENT(.ramfunc.*))
                0x0000000020000000                . = ALIGN (_region_min_align)
                0x0000000020000000                . = ALIGN ((0x1 << LOG2CEIL (_ramfunc_ram_size)))
                0x0000000020000000                _ramfunc_ram_end = .
                0x0000000000000000                _ramfunc_ram_size = (_ramfunc_ram_end - _ramfunc_ram_start)
                0x000000000000863c                _ramfunc_rom_start = LOADADDR (.ramfunc)

bss             0x0000000020000000      0x76f
                0x0000000020000000                . = ALIGN (0x4)
                0x0000000020000000                __bss_start = .
                0x0000000020000000                __kernel_ram_start = .
 *(SORT_BY_ALIGNMENT(.bss))
 *(SORT_BY_ALIGNMENT(.bss.*))
 .bss.curr_tick
                0x0000000020000000        0x8 zephyr/kernel/libkernel.a(timeout.c.obj)
 .bss._k_thread_obj_check_b
                0x0000000020000008       0x6c app/libapp.a(main.c.obj)
                0x0000000020000008                _k_thread_obj_check_b
 .bss._k_thread_obj_check_l
                0x0000000020000074       0x6c app/libapp.a(main.c.obj)
                0x0000000020000074                _k_thread_obj_check_l
 .bss.h_bridge  0x00000000200000e0       0x18 app/libapp.a(main.c.obj)
                0x00000000200000e0                h_bridge
 .bss.in_first  0x00000000200000f8       0x18 app/libapp.a(main.c.obj)
                0x00000000200000f8                in_first
 .bss.in_ground
                0x0000000020000110       0x18 app/libapp.a(main.c.obj)
                0x0000000020000110                in_ground
 .bss.in_second
                0x0000000020000128       0x18 app/libapp.a(main.c.obj)
                0x0000000020000128                in_second
 .bss.in_third  0x0000000020000140       0x18 app/libapp.a(main.c.obj)
                0x0000000020000140                in_third
 .bss.led_door  0x0000000020000158       0x10 app/libapp.a(main.c.obj)
                0x0000000020000158                led_door
 .bss.led_down  0x0000000020000168       0x10 app/libapp.a(main.c.obj)
                0x0000000020000168                led_down
 .bss.led_up    0x0000000020000178       0x10 app/libapp.a(main.c.obj)
                0x0000000020000178                led_up
 .bss.out_first_down
                0x0000000020000188       0x18 app/libapp.a(main.c.obj)
                0x0000000020000188                out_first_down
 .bss.out_first_up
                0x00000000200001a0       0x18 app/libapp.a(main.c.obj)
                0x00000000200001a0                out_first_up
 .bss.out_ground
                0x00000000200001b8       0x18 app/libapp.a(main.c.obj)
                0x00000000200001b8                out_ground
 .bss.out_second_down
                0x00000000200001d0       0x18 app/libapp.a(main.c.obj)
                0x00000000200001d0                out_second_down
 .bss.out_second_up
                0x00000000200001e8       0x18 app/libapp.a(main.c.obj)
                0x00000000200001e8                out_second_up
 .bss.out_third
                0x0000000020000200       0x18 app/libapp.a(main.c.obj)
                0x0000000020000200                out_third
 .bss.ultrasonic
                0x0000000020000218       0x10 app/libapp.a(main.c.obj)
                0x0000000020000218                ultrasonic
 .bss.shell_transport_uart_ctrl_blk
                0x0000000020000228       0x14 zephyr/libzephyr.a(shell_uart.c.obj)
 .bss.shell_uart_ctx
                0x000000002000023c      0x304 zephyr/libzephyr.a(shell_uart.c.obj)
 .bss.shell_uart_stats
                0x0000000020000540        0x4 zephyr/libzephyr.a(shell_uart.c.obj)
 .bss.shell_uart_thread
                0x0000000020000544       0x6c zephyr/libzephyr.a(shell_uart.c.obj)
 .bss.uart_console_dev
                0x00000000200005b0        0x4 zephyr/libzephyr.a(uart_console.c.obj)
 .bss.last_count
                0x00000000200005b4        0x4 zephyr/libzephyr.a(nrf_rtc_timer.c.obj)
 .bss.gpio_nrfx_p0_data
                0x00000000200005b8       0x20 zephyr/drivers/gpio/libdrivers__gpio.a(gpio_nrfx.c.obj)
 .bss.irq_callback
                0x00000000200005d8        0x4 zephyr/drivers/serial/libdrivers__serial.a(uart_nrfx_uart.c.obj)
 .bss.irq_cb_data
                0x00000000200005dc        0x4 zephyr/drivers/serial/libdrivers__serial.a(uart_nrfx_uart.c.obj)
 .bss._idle_thread_s
                0x00000000200005e0       0x6c zephyr/kernel/libkernel.a(init.c.obj)
 .bss._main_thread_s
                0x000000002000064c       0x6c zephyr/kernel/libkernel.a(init.c.obj)
 .bss._kernel   0x00000000200006b8       0x30 zephyr/kernel/libkernel.a(sched.c.obj)
                0x00000000200006b8                _kernel
 .bss.pending_current
                0x00000000200006e8        0x4 zephyr/kernel/libkernel.a(sched.c.obj)
 .bss.slice_max_prio
                0x00000000200006ec        0x4 zephyr/kernel/libkernel.a(sched.c.obj)
 .bss.slice_time
                0x00000000200006f0        0x4 zephyr/kernel/libkernel.a(sched.c.obj)
 .bss.announce_remaining
                0x00000000200006f4        0x4 zephyr/kernel/libkernel.a(timeout.c.obj)
 .bss.calls_down_out
                0x00000000200006f8        0x3 app/libapp.a(main.c.obj)
 .bss.calls_in  0x00000000200006fb        0x4 app/libapp.a(main.c.obj)
 .bss.calls_up_out
                0x00000000200006ff        0x3 app/libapp.a(main.c.obj)
 .bss._ring_buffer_data_shell_transport_uart_rx_ringbuf
                0x0000000020000702       0x40 zephyr/libzephyr.a(shell_uart.c.obj)
 .bss._ring_buffer_data_shell_transport_uart_tx_ringbuf
                0x0000000020000742        0x8 zephyr/libzephyr.a(shell_uart.c.obj)
 .bss.shell_uart_out_buffer
                0x000000002000074a       0x1e zephyr/libzephyr.a(shell_uart.c.obj)
 .bss.k32src_initialized
                0x0000000020000768        0x1 zephyr/libzephyr.a(nrf_power_clock.c.obj)
 .bss.m16src_grd
                0x0000000020000769        0x1 zephyr/libzephyr.a(nrf_power_clock.c.obj)
 .bss.m16src_ref
                0x000000002000076a        0x1 zephyr/libzephyr.a(nrf_power_clock.c.obj)
 .bss.static_regions_num
                0x000000002000076b        0x1 zephyr/arch/arch/arm/core/cortex_m/mpu/libarch__arm__core__cortex_m__mpu.a(arm_mpu.c.obj)
 .bss.gpio_initialized.10284
                0x000000002000076c        0x1 zephyr/drivers/gpio/libdrivers__gpio.a(gpio_nrfx.c.obj)
 .bss.uart_sw_event_txdrdy
                0x000000002000076d        0x1 zephyr/drivers/serial/libdrivers__serial.a(uart_nrfx_uart.c.obj)
 .bss.lock      0x000000002000076e        0x0 zephyr/kernel/libkernel.a(mutex.c.obj)
 .bss.lock      0x000000002000076e        0x0 zephyr/kernel/libkernel.a(sem.c.obj)
 .bss.lock      0x000000002000076e        0x0 zephyr/kernel/libkernel.a(thread.c.obj)
 .bss.can_wait_forever
                0x000000002000076e        0x1 zephyr/kernel/libkernel.a(timeout.c.obj)
 .bss.lock      0x000000002000076f        0x0 zephyr/kernel/libkernel.a(poll.c.obj)
 *(SORT_BY_ALIGNMENT(COMMON))
 *(SORT_BY_ALIGNMENT(.kernel_bss.*))
                0x0000000020000770                __bss_end = ALIGN (0x4)

noinit          0x0000000020000770     0x1f40
 *(SORT_BY_ALIGNMENT(.noinit))
 *(SORT_BY_ALIGNMENT(.noinit.*))
 .noinit."../src/main.c".0
                0x0000000020000770      0x400 app/libapp.a(main.c.obj)
                0x0000000020000770                _k_thread_stack_check_b
 .noinit."../src/main.c".1
                0x0000000020000b70      0x400 app/libapp.a(main.c.obj)
                0x0000000020000b70                _k_thread_stack_check_l
 .noinit."ZEPHYR_BASE/subsys/shell/shell_uart.c".1
                0x0000000020000f70      0x800 zephyr/libzephyr.a(shell_uart.c.obj)
 .noinit."ZEPHYR_BASE/kernel/init.c".1
                0x0000000020001770      0x400 zephyr/kernel/libkernel.a(init.c.obj)
                0x0000000020001770                _main_stack
 .noinit."ZEPHYR_BASE/kernel/init.c".2
                0x0000000020001b70      0x140 zephyr/kernel/libkernel.a(init.c.obj)
                0x0000000020001b70                _idle_stack
 .noinit."ZEPHYR_BASE/kernel/init.c".3
                0x0000000020001cb0      0x800 zephyr/kernel/libkernel.a(init.c.obj)
                0x0000000020001cb0                _interrupt_stack
 .noinit."ZEPHYR_BASE/subsys/shell/shell_uart.c".0
                0x00000000200024b0      0x200 zephyr/libzephyr.a(shell_uart.c.obj)
 *(SORT_BY_ALIGNMENT(.kernel_noinit.*))

datas           0x00000000200026b0       0x90 load address 0x000000000000863c
                0x00000000200026b0                __data_ram_start = .
 *(SORT_BY_ALIGNMENT(.data))
 *(SORT_BY_ALIGNMENT(.data.*))
 .data._char_out
                0x00000000200026b0        0x4 zephyr/libzephyr.a(printk.c.obj)
                0x00000000200026b0                _char_out
 .data.SystemCoreClock
                0x00000000200026b4        0x4 zephyr/libzephyr.a(system_nrf52.c.obj)
                0x00000000200026b4                SystemCoreClock
 .data.shell_transport_uart
                0x00000000200026b8        0x8 zephyr/libzephyr.a(shell_uart.c.obj)
                0x00000000200026b8                shell_transport_uart
 .data.shell_transport_uart_rx_ringbuf
                0x00000000200026c0       0x1c zephyr/libzephyr.a(shell_uart.c.obj)
                0x00000000200026c0                shell_transport_uart_rx_ringbuf
 .data.shell_transport_uart_tx_ringbuf
                0x00000000200026dc       0x1c zephyr/libzephyr.a(shell_uart.c.obj)
                0x00000000200026dc                shell_transport_uart_tx_ringbuf
 .data.shell_uart_fprintf_shell_fprintf_ctx
                0x00000000200026f8        0x8 zephyr/libzephyr.a(shell_uart.c.obj)
 .data.shell_uart_history
                0x0000000020002700       0x10 zephyr/libzephyr.a(shell_uart.c.obj)
 .data.shell_uart_history_ring_buf
                0x0000000020002710       0x1c zephyr/libzephyr.a(shell_uart.c.obj)
 .data._stdout_hook
                0x000000002000272c        0x4 zephyr/lib/libc/minimal/liblib__libc__minimal.a(stdout_console.c.obj)
 .data.uart_nrfx_uart0_data
                0x0000000020002730        0x8 zephyr/drivers/serial/libdrivers__serial.a(uart_nrfx_uart.c.obj)
 .data.timeout_list
                0x0000000020002738        0x8 zephyr/kernel/libkernel.a(timeout.c.obj)
 *(SORT_BY_ALIGNMENT(.kernel.*))
                0x000000000000863c                __data_rom_start = LOADADDR (datas)

initlevel       0x0000000020002740       0x78 load address 0x00000000000086cc
                0x0000000020002740                __device_init_start = .
                0x0000000020002740                __device_PRE_KERNEL_1_start = .
 *(SORT_BY_NAME(SORT_BY_ALIGNMENT(.init_PRE_KERNEL_1[0-9])))
 .init_PRE_KERNEL_10
                0x0000000020002740        0xc zephyr/libzephyr.a(soc.c.obj)
 *(SORT_BY_NAME(SORT_BY_ALIGNMENT(.init_PRE_KERNEL_1[1-9][0-9])))
 .init_PRE_KERNEL_130
                0x000000002000274c        0xc zephyr/kernel/libkernel.a(mempool.c.obj)
 .init_PRE_KERNEL_140
                0x0000000020002758        0xc zephyr/arch/arch/arm/core/cortex_m/mpu/libarch__arm__core__cortex_m__mpu.a(arm_mpu.c.obj)
 .init_PRE_KERNEL_150
                0x0000000020002764       0x18 zephyr/libzephyr.a(nrf_power_clock.c.obj)
 .init_PRE_KERNEL_150
                0x000000002000277c        0xc zephyr/drivers/serial/libdrivers__serial.a(uart_nrfx_uart.c.obj)
 .init_PRE_KERNEL_160
                0x0000000020002788        0xc zephyr/libzephyr.a(uart_console.c.obj)
                0x0000000020002794                __device_PRE_KERNEL_2_start = .
 *(SORT_BY_NAME(SORT_BY_ALIGNMENT(.init_PRE_KERNEL_2[0-9])))
 .init_PRE_KERNEL_20
                0x0000000020002794        0xc zephyr/libzephyr.a(sys_clock_init.c.obj)
 *(SORT_BY_NAME(SORT_BY_ALIGNMENT(.init_PRE_KERNEL_2[1-9][0-9])))
                0x00000000200027a0                __device_POST_KERNEL_start = .
 *(SORT_BY_NAME(SORT_BY_ALIGNMENT(.init_POST_KERNEL[0-9])))
 .init_POST_KERNEL0
                0x00000000200027a0        0xc zephyr/libzephyr.a(shell_uart.c.obj)
 *(SORT_BY_NAME(SORT_BY_ALIGNMENT(.init_POST_KERNEL[1-9][0-9])))
 .init_POST_KERNEL40
                0x00000000200027ac        0xc zephyr/drivers/gpio/libdrivers__gpio.a(gpio_nrfx.c.obj)
                0x00000000200027b8                __device_APPLICATION_start = .
 *(SORT_BY_NAME(SORT_BY_ALIGNMENT(.init_APPLICATION[0-9])))
 *(SORT_BY_NAME(SORT_BY_ALIGNMENT(.init_APPLICATION[1-9][0-9])))
                0x00000000200027b8                __device_init_end = .

initlevel_error
                0x0000000020002740        0x0
 *(SORT_BY_NAME(SORT_BY_ALIGNMENT(.init_[_A-Z0-9]*)))
                0x0000000000000001                ASSERT ((SIZEOF (initlevel_error) == 0x0), Undefined initialization levels used.)

initshell       0x00000000200027b8        0x0 load address 0x0000000000008744
                0x00000000200027b8                __shell_module_start = .
 *(SORT_BY_ALIGNMENT(.shell_module_*))
                0x00000000200027b8                __shell_module_end = .
                0x00000000200027b8                __shell_cmd_start = .
 *(SORT_BY_ALIGNMENT(.shell_cmd_*))
                0x00000000200027b8                __shell_cmd_end = .

log_dynamic_sections
                0x00000000200027b8        0x0 load address 0x0000000000008744
                0x00000000200027b8                __log_dynamic_start = .
 *(SORT_BY_NAME(SORT_BY_ALIGNMENT(.log_dynamic_*)))
                0x00000000200027b8                __log_dynamic_end = .

_static_thread_area
                0x00000000200027b8       0x60 load address 0x0000000000008744
                0x00000000200027b8                __static_thread_data_list_start = .
 *(SORT_BY_NAME(SORT_BY_ALIGNMENT(.__static_thread_data.static.*)))
 .__static_thread_data.static._k_thread_data_check_b
                0x00000000200027b8       0x30 app/libapp.a(main.c.obj)
                0x00000000200027b8                _k_thread_data_check_b
 .__static_thread_data.static._k_thread_data_check_l
                0x00000000200027e8       0x30 app/libapp.a(main.c.obj)
                0x00000000200027e8                _k_thread_data_check_l
                0x0000000020002818                __static_thread_data_list_end = .

_k_timer_area   0x0000000020002818        0x0 load address 0x00000000000087a4
                0x0000000020002818                _k_timer_list_start = .
 *(SORT_BY_ALIGNMENT(._k_timer.static.*))
                0x0000000020002818                _k_timer_list_end = .

_k_mem_slab_area
                0x0000000020002818        0x0 load address 0x00000000000087a4
                0x0000000020002818                _k_mem_slab_list_start = .
 *(SORT_BY_ALIGNMENT(._k_mem_slab.static.*))
                0x0000000020002818                _k_mem_slab_list_end = .

_k_mem_pool_area
                0x0000000020002818        0x0 load address 0x00000000000087a4
                0x0000000020002818                _k_mem_pool_list_start = .
 *(SORT_BY_ALIGNMENT(._k_mem_pool.static.*))
                0x0000000020002818                _k_mem_pool_list_end = .

_k_sem_area     0x0000000020002818       0x60 load address 0x00000000000087a4
                0x0000000020002818                _k_sem_list_start = .
 *(SORT_BY_ALIGNMENT(._k_sem.static.*))
 ._k_sem.static.elevator_in
                0x0000000020002818       0x18 app/libapp.a(main.c.obj)
                0x0000000020002818                elevator_in
 ._k_sem.static.elevator_level
                0x0000000020002830       0x18 app/libapp.a(main.c.obj)
                0x0000000020002830                elevator_level
 ._k_sem.static.elevator_out_down
                0x0000000020002848       0x18 app/libapp.a(main.c.obj)
                0x0000000020002848                elevator_out_down
 ._k_sem.static.elevator_out_up
                0x0000000020002860       0x18 app/libapp.a(main.c.obj)
                0x0000000020002860                elevator_out_up
                0x0000000020002878                _k_sem_list_end = .

_k_mutex_area   0x0000000020002878       0x14 load address 0x0000000000008804
                0x0000000020002878                _k_mutex_list_start = .
 *(SORT_BY_ALIGNMENT(._k_mutex.static.*))
 ._k_mutex.static.fdtable_lock
                0x0000000020002878       0x14 zephyr/libzephyr.a(fdtable.c.obj)
                0x000000002000288c                _k_mutex_list_end = .

_k_queue_area   0x000000002000288c        0x0 load address 0x0000000000008818
                0x000000002000288c                _k_queue_list_start = .
 *(SORT_BY_ALIGNMENT(._k_queue.static.*))
 *(SORT_BY_ALIGNMENT(._k_fifo.static.*))
 *(SORT_BY_ALIGNMENT(._k_lifo.static.*))
                0x000000002000288c                _k_queue_list_end = .

_k_stack_area   0x000000002000288c        0x0 load address 0x0000000000008818
                0x000000002000288c                _k_stack_list_start = .
 *(SORT_BY_ALIGNMENT(._k_stack.static.*))
                0x000000002000288c                _k_stack_list_end = .

_k_msgq_area    0x000000002000288c        0x0 load address 0x0000000000008818
                0x000000002000288c                _k_msgq_list_start = .