Archive member included to satisfy reference by file (symbol)

app/libapp.a(main.c.obj)      (--whole-archive)
app/libapp.a(L298N.c.obj)     (--whole-archive)
app/libapp.a(HCSR04.c.obj)    (--whole-archive)
app/libapp.a(button.c.obj)    (--whole-archive)
app/libapp.a(led.c.obj)       (--whole-archive)
app/libapp.a(calls.c.obj)     (--whole-archive)
app/libapp.a(CD4511.c.obj)    (--whole-archive)
app/libapp.a(bt.c.obj)        (--whole-archive)
zephyr/libzephyr.a(isr_tables.c.obj)
                              (--whole-archive)
zephyr/libzephyr.a(sw_isr_common.c.obj)
                              (--whole-archive)
zephyr/libzephyr.a(crc32_sw.c.obj)
                              (--whole-archive)
zephyr/libzephyr.a(crc16_sw.c.obj)
                              (--whole-archive)
zephyr/libzephyr.a(crc8_sw.c.obj)
                              (--whole-archive)
zephyr/libzephyr.a(crc7_sw.c.obj)
                              (--whole-archive)
zephyr/libzephyr.a(fdtable.c.obj)
                              (--whole-archive)
zephyr/libzephyr.a(hex.c.obj)
                              (--whole-archive)
zephyr/libzephyr.a(mempool.c.obj)
                              (--whole-archive)
zephyr/libzephyr.a(rb.c.obj)  (--whole-archive)
zephyr/libzephyr.a(sem.c.obj)
                              (--whole-archive)
zephyr/libzephyr.a(thread_entry.c.obj)
                              (--whole-archive)
zephyr/libzephyr.a(timeutil.c.obj)
                              (--whole-archive)
zephyr/libzephyr.a(work_q.c.obj)
                              (--whole-archive)
zephyr/libzephyr.a(printk.c.obj)
                              (--whole-archive)
zephyr/libzephyr.a(ring_buffer.c.obj)
                              (--whole-archive)
zephyr/libzephyr.a(configs.c.obj)
                              (--whole-archive)
zephyr/libzephyr.a(soc.c.obj)
                              (--whole-archive)
zephyr/libzephyr.a(power.c.obj)
                              (--whole-archive)
zephyr/libzephyr.a(mpu_regions.c.obj)
                              (--whole-archive)
zephyr/libzephyr.a(utils.c.obj)
                              (--whole-archive)
zephyr/libzephyr.a(aes_decrypt.c.obj)
                              (--whole-archive)
zephyr/libzephyr.a(aes_encrypt.c.obj)
                              (--whole-archive)
zephyr/libzephyr.a(fnmatch.c.obj)
                              (--whole-archive)
zephyr/libzephyr.a(log_list.c.obj)
                              (--whole-archive)
zephyr/libzephyr.a(log_core.c.obj)
                              (--whole-archive)
zephyr/libzephyr.a(log_msg.c.obj)
                              (--whole-archive)
zephyr/libzephyr.a(log_output.c.obj)
                              (--whole-archive)
zephyr/libzephyr.a(log_cmds.c.obj)
                              (--whole-archive)
zephyr/libzephyr.a(kernel_service.c.obj)
                              (--whole-archive)
zephyr/libzephyr.a(device_service.c.obj)
                              (--whole-archive)
zephyr/libzephyr.a(shell.c.obj)
                              (--whole-archive)
zephyr/libzephyr.a(shell_fprintf.c.obj)
                              (--whole-archive)
zephyr/libzephyr.a(shell_utils.c.obj)
                              (--whole-archive)
zephyr/libzephyr.a(shell_ops.c.obj)
                              (--whole-archive)
zephyr/libzephyr.a(shell_uart.c.obj)
                              (--whole-archive)
zephyr/libzephyr.a(shell_help.c.obj)
                              (--whole-archive)
zephyr/libzephyr.a(shell_cmds.c.obj)
                              (--whole-archive)
zephyr/libzephyr.a(shell_history.c.obj)
                              (--whole-archive)
zephyr/libzephyr.a(shell_log_backend.c.obj)
                              (--whole-archive)
zephyr/libzephyr.a(shell_wildcard.c.obj)
                              (--whole-archive)
zephyr/libzephyr.a(addr_utils.c.obj)
                              (--whole-archive)
zephyr/libzephyr.a(rand32_entropy_device.c.obj)
                              (--whole-archive)
zephyr/libzephyr.a(power.c.obj)
                              (--whole-archive)
zephyr/libzephyr.a(policy_residency.c.obj)
                              (--whole-archive)
zephyr/libzephyr.a(uart_console.c.obj)
                              (--whole-archive)
zephyr/libzephyr.a(nrf_power_clock.c.obj)
                              (--whole-archive)
zephyr/libzephyr.a(sys_clock_init.c.obj)
                              (--whole-archive)
zephyr/libzephyr.a(nrf_rtc_timer.c.obj)
                              (--whole-archive)
zephyr/libzephyr.a(system_nrf52.c.obj)
                              (--whole-archive)
zephyr/libzephyr.a(nrfx_glue.c.obj)
                              (--whole-archive)
zephyr/arch/arch/arm/core/libarch__arm__core.a(exc_exit.S.obj)
                              (--whole-archive)
zephyr/arch/arch/arm/core/libarch__arm__core.a(swap.c.obj)
                              (--whole-archive)
[...]
Memory Configuration

Name             Origin             Length             Attributes
FLASH            0x0000000000000000 0x0000000000080000 xr
SRAM             0x0000000020000000 0x0000000000010000 xw
IDT_LIST         0x0000000020010000 0x0000000000000800 xw
*default*        0x0000000000000000 0xffffffffffffffff

Linker script and memory map

LOAD zephyr/CMakeFiles/zephyr_prebuilt.dir/misc/empty_file.c.obj
                0x0000000000000020                _region_min_align = 0x20

.rel.plt        0x0000000000000000        0x0
 *(SORT_BY_ALIGNMENT(.rel.plt))
                [!provide]                        PROVIDE (__rel_iplt_start = .)
 *(SORT_BY_ALIGNMENT(.rel.iplt))
 .rel.iplt      0x0000000000000000        0x0 app/libapp.a(main.c.obj)
                [!provide]                        PROVIDE (__rel_iplt_end = .)

.rela.plt       0x0000000000000000        0x0
 *(SORT_BY_ALIGNMENT(.rela.plt))
                [!provide]                        PROVIDE (__rela_iplt_start = .)
 *(SORT_BY_ALIGNMENT(.rela.iplt))
                [!provide]                        PROVIDE (__rela_iplt_end = .)

.rel.dyn
 *(SORT_BY_ALIGNMENT(.rel.*))

.rela.dyn
 *(SORT_BY_ALIGNMENT(.rela.*))

/DISCARD/
 *(SORT_BY_ALIGNMENT(.plt))
 *(SORT_BY_ALIGNMENT(.iplt))
 *(SORT_BY_ALIGNMENT(.got.plt))
 *(SORT_BY_ALIGNMENT(.igot.plt))
 *(SORT_BY_ALIGNMENT(.got))
 *(SORT_BY_ALIGNMENT(.igot))
                0x0000000000000000                _image_rom_start = 0x0

text            0x0000000000000000       0xdc
                0x0000000000000000                . = 0x0
                0x0000000000000000                _vector_start = .
 *(SORT_BY_ALIGNMENT(.exc_vector_table))
 *(SORT_BY_ALIGNMENT(.exc_vector_table.*))
 .exc_vector_table._vector_table_section
                0x0000000000000000       0x40 zephyr/arch/arch/arm/core/cortex_m/libarch__arm__core__cortex_m.a(vector_table.S.obj)
                0x0000000000000000                _vector_table
 *(SORT_BY_ALIGNMENT(.gnu.linkonce.irq_vector_table))
 .gnu.linkonce.irq_vector_table
                0x0000000000000040       0x9c zephyr/libzephyr.a(isr_tables.c.obj)
                0x0000000000000040                _irq_vector_table
 *(SORT_BY_ALIGNMENT(.vectors))
 *(SORT_BY_ALIGNMENT(.openocd_dbg))
 *(SORT_BY_ALIGNMENT(.openocd_dbg.*))
 *(SORT_BY_ALIGNMENT(.kinetis_flash_config))
 *(SORT_BY_ALIGNMENT(.kinetis_flash_config.*))
                0x00000000000000dc                _vector_end = .

_TEXT_SECTION_NAME_2
                0x00000000000000e0    0x1d7c0
                0x00000000000000e0                _image_text_start = .
 *(SORT_BY_ALIGNMENT(.text))
 .text          0x00000000000000e0       0xa0 /home/alfredo/Documents/Softwares/Zephyr/SDK/arm-zephyr-eabi/bin/../lib/gcc/arm-zephyr-eabi/8.3.0/thumb/v7e-m/nofp/libgcc.a(_aeabi_ldivmod.o)
                0x00000000000000e0                __aeabi_ldivmod
 .text          0x0000000000000180       0x30 /home/alfredo/Documents/Softwares/Zephyr/SDK/arm-zephyr-eabi/bin/../lib/gcc/arm-zephyr-eabi/8.3.0/thumb/v7e-m/nofp/libgcc.a(_aeabi_uldivmod.o)
                0x0000000000000180                __aeabi_uldivmod
 .text          0x00000000000001b0        0x4 /home/alfredo/Documents/Softwares/Zephyr/SDK/arm-zephyr-eabi/bin/../lib/gcc/arm-zephyr-eabi/8.3.0/thumb/v7e-m/nofp/libgcc.a(_dvmd_tls.o)
                0x00000000000001b0                __aeabi_ldiv0
                0x00000000000001b0                __aeabi_idiv0
 .text          0x00000000000001b4      0x2b4 /home/alfredo/Documents/Softwares/Zephyr/SDK/arm-zephyr-eabi/bin/../lib/gcc/arm-zephyr-eabi/8.3.0/thumb/v7e-m/nofp/libgcc.a(_udivmoddi4.o)
                0x00000000000001b4                __udivmoddi4
 *(SORT_BY_ALIGNMENT(.text.*))
 .text.ll_adv_enable
                0x0000000000000468      0x434 zephyr/subsys/bluetooth/controller/libsubsys__bluetooth__controller.a(ull_adv.c.obj)
                0x0000000000000468                ll_adv_enable
 *fill*         0x000000000000089c        0x4 
 .text.ull_scan_params_set
                0x00000000000008a0       0x44 zephyr/subsys/bluetooth/controller/libsubsys__bluetooth__controller.a(ull_scan.c.obj)
                0x00000000000008a0                ull_scan_params_set
 *fill*         0x00000000000008e4        0x4 
 .text.ull_scan_enable
                0x00000000000008e8      0x150 zephyr/subsys/bluetooth/controller/libsubsys__bluetooth__controller.a(ull_scan.c.obj)
                0x00000000000008e8                ull_scan_enable
 .text.ll_scan_params_set
                0x0000000000000a38       0x64 zephyr/subsys/bluetooth/controller/libsubsys__bluetooth__controller.a(ull_scan.c.obj)
                0x0000000000000a38                ll_scan_params_set
 *fill*         0x0000000000000a9c        0x4 
 .text.isr_rx   0x0000000000000aa0      0x5b0 zephyr/subsys/bluetooth/controller/libsubsys__bluetooth__controller.a(lll_scan.c.obj)
 .text.ull_conn_llcp
                0x0000000000001050     0x10f4 zephyr/subsys/bluetooth/controller/libsubsys__bluetooth__controller.a(ull_conn.c.obj)
                0x0000000000001050                ull_conn_llcp
 *fill*         0x0000000000002144        0x4 
 .text.ull_slave_setup
                0x0000000000002148      0x400 zephyr/subsys/bluetooth/controller/libsubsys__bluetooth__controller.a(ull_slave.c.obj)
                0x0000000000002148                ull_slave_setup
 .text.ull_slave_done
                0x0000000000002548       0x6c zephyr/subsys/bluetooth/controller/libsubsys__bluetooth__controller.a(ull_slave.c.obj)
                0x0000000000002548                ull_slave_done
 *fill*         0x00000000000025b4        0x4 
 .text.ull_master_setup
                0x00000000000025b8      0x298 zephyr/subsys/bluetooth/controller/libsubsys__bluetooth__controller.a(ull_master.c.obj)
                0x00000000000025b8                ull_master_setup
 .text.read_ultrasonic
                0x0000000000002850       0x44 app/libapp.a(main.c.obj)
                0x0000000000002850                read_ultrasonic
 .text.cmd_test_calls
                0x0000000000002894       0x30 app/libapp.a(main.c.obj)
                0x0000000000002894                cmd_test_calls
 .text.in_button_callback
                0x00000000000028c4       0x64 app/libapp.a(main.c.obj)
                0x00000000000028c4                in_button_callback
 .text.out_button_callback
                0x0000000000002928       0x64 app/libapp.a(main.c.obj)
                0x0000000000002928                out_button_callback
 .text.cmd_test_door
                0x000000000000298c       0x50 app/libapp.a(main.c.obj)
                0x000000000000298c                cmd_test_door
 .text.cmd_test_leds
                0x00000000000029dc       0x6c app/libapp.a(main.c.obj)
                0x00000000000029dc                cmd_test_leds
 .text.control_outputs
                0x0000000000002a48       0xa4 app/libapp.a(main.c.obj)
                0x0000000000002a48                control_outputs
 .text.state_machine
                0x0000000000002aec      0x150 app/libapp.a(main.c.obj)
                0x0000000000002aec                state_machine
 .text.initializing_elevator
                0x0000000000002c3c      0x100 app/libapp.a(main.c.obj)
                0x0000000000002c3c                initializing_elevator
 .text.bridge_check_error
                0x0000000000002d3c       0x1c app/libapp.a(L298N.c.obj)
                0x0000000000002d3c                bridge_check_error
 .text.bridge_open
                0x0000000000002d58       0x3c app/libapp.a(L298N.c.obj)
                0x0000000000002d58                bridge_open
 .text.bridge_configure
                0x0000000000002d94       0x70 app/libapp.a(L298N.c.obj)
                0x0000000000002d94                bridge_configure
 .text.bridge_enable
                0x0000000000002e04       0x38 app/libapp.a(L298N.c.obj)
                0x0000000000002e04                bridge_enable
 .text.bridge_set
                0x0000000000002e3c       0x54 app/libapp.a(L298N.c.obj)
                0x0000000000002e3c                bridge_set
 .text.new_bridge
                0x0000000000002e90       0x64 app/libapp.a(L298N.c.obj)
                0x0000000000002e90                new_bridge
 .text.ultrasonic_check_error
                0x0000000000002ef4       0x1c app/libapp.a(HCSR04.c.obj)
                0x0000000000002ef4                ultrasonic_check_error
 .text.ultrasonic_open
                0x0000000000002f10       0x34 app/libapp.a(HCSR04.c.obj)
                0x0000000000002f10                ultrasonic_open
 .text.ultrasonic_configure
                0x0000000000002f44       0x50 app/libapp.a(HCSR04.c.obj)
                0x0000000000002f44                ultrasonic_configure
 .text.get_distance
                0x0000000000002f94       0xa8 app/libapp.a(HCSR04.c.obj)
                0x0000000000002f94                get_distance
 .text.new_ultrasonic
                0x000000000000303c       0x4c app/libapp.a(HCSR04.c.obj)
                0x000000000000303c                new_ultrasonic
 .text.button_check_error
                0x0000000000003088       0x1c app/libapp.a(button.c.obj)
                0x0000000000003088                button_check_error
 .text.button_open
                0x00000000000030a4       0x34 app/libapp.a(button.c.obj)
                0x00000000000030a4                button_open
 .text.button_configure
                0x00000000000030d8       0x68 app/libapp.a(button.c.obj)
                0x00000000000030d8                button_configure
 .text.new_button
                0x0000000000003140       0x44 app/libapp.a(button.c.obj)
                0x0000000000003140                new_button
 .text.led_check_error
                0x0000000000003184       0x1c app/libapp.a(led.c.obj)
                0x0000000000003184                led_check_error
 .text.led_open
                0x00000000000031a0       0x38 app/libapp.a(led.c.obj)
                0x00000000000031a0                led_open
 .text.led_configure
                0x00000000000031d8       0x48 app/libapp.a(led.c.obj)
                0x00000000000031d8                led_configure
 .text.led_set  0x0000000000003220       0x44 app/libapp.a(led.c.obj)
                0x0000000000003220                led_set
 .text.new_led  0x0000000000003264       0x3c app/libapp.a(led.c.obj)
                0x0000000000003264                new_led
 .text.update_level
                0x00000000000032a0       0x28 app/libapp.a(calls.c.obj)
                0x00000000000032a0                update_level
 .text.update_inside
                0x00000000000032c8       0x28 app/libapp.a(calls.c.obj)
                0x00000000000032c8                update_inside
 .text.update_outside
                0x00000000000032f0       0x28 app/libapp.a(calls.c.obj)
                0x00000000000032f0                update_outside
 .text.check_level
                0x0000000000003318       0x24 app/libapp.a(calls.c.obj)
                0x0000000000003318                check_level
 .text.check_inside
                0x000000000000333c       0x28 app/libapp.a(calls.c.obj)
                0x000000000000333c                check_inside
 .text.check_outside
                0x0000000000003364       0x28 app/libapp.a(calls.c.obj)
                0x0000000000003364                check_outside
 .text.decoder_check_error
                0x000000000000338c       0x1c app/libapp.a(CD4511.c.obj)
                0x000000000000338c                decoder_check_error
 .text.decoder_open
                0x00000000000033a8       0x40 app/libapp.a(CD4511.c.obj)
                0x00000000000033a8                decoder_open
 .text.decoder_configure
                0x00000000000033e8       0x68 app/libapp.a(CD4511.c.obj)
                0x00000000000033e8                decoder_configure
 .text.decoder_set
                0x0000000000003450       0x54 app/libapp.a(CD4511.c.obj)
                0x0000000000003450                decoder_set
 .text.new_decoder
                0x00000000000034a4       0x40 app/libapp.a(CD4511.c.obj)
                0x00000000000034a4                new_decoder
 .text.bt_ready
                0x00000000000034e4       0x78 app/libapp.a(bt.c.obj)
 .text.conn_addr_str
                0x000000000000355c       0x98 app/libapp.a(bt.c.obj)
                0x000000000000355c                conn_addr_str
 .text.disconnected
                0x00000000000035f4       0x38 app/libapp.a(bt.c.obj)
 .text.connected
                0x000000000000362c       0x44 app/libapp.a(bt.c.obj)
 .text.bt_init  0x0000000000003670       0x20 app/libapp.a(bt.c.obj)
                0x0000000000003670                bt_init
 .text.char_out
                0x0000000000003690       0x10 zephyr/libzephyr.a(printk.c.obj)
 .text._printk_dec_ulong
                0x00000000000036a0       0x98 zephyr/libzephyr.a(printk.c.obj)
 .text.__printk_hook_install
                0x0000000000003738        0xc zephyr/libzephyr.a(printk.c.obj)
                0x0000000000003738                __printk_hook_install
 .text.vprintk  0x0000000000003744       0x1c zephyr/libzephyr.a(printk.c.obj)
                0x0000000000003744                vprintk
 .text.vsnprintk
                0x0000000000003760       0x28 zephyr/libzephyr.a(printk.c.obj)
                0x0000000000003760                vsnprintk
 .text.nordicsemi_nrf52_init
                0x0000000000003788       0x30 zephyr/libzephyr.a(soc.c.obj)
 .text.z_arch_busy_wait
                0x00000000000037b8       0x14 zephyr/libzephyr.a(soc.c.obj)
                0x00000000000037b8                z_arch_busy_wait
 .text.enable_logger
                0x00000000000037cc       0x44 zephyr/libzephyr.a(log_core.c.obj)
 .text.log_core_init
                0x0000000000003810       0x74 zephyr/libzephyr.a(log_core.c.obj)
                0x0000000000003810                log_core_init
 .text.dropped_notify
                0x0000000000003884       0x4c zephyr/libzephyr.a(log_core.c.obj)
                0x0000000000003884                dropped_notify
 .text.log_dropped
                0x00000000000038d0       0x20 zephyr/libzephyr.a(log_core.c.obj)
                0x00000000000038d0                log_dropped
 .text.log_source_name_get
                0x00000000000038f0       0x1c zephyr/libzephyr.a(log_core.c.obj)
                0x00000000000038f0                log_source_name_get
 .text.z_impl_log_filter_set
                0x000000000000390c       0xa4 zephyr/libzephyr.a(log_core.c.obj)
                0x000000000000390c                z_impl_log_filter_set
 .text.log_backend_enable
                0x00000000000039b0       0x58 zephyr/libzephyr.a(log_core.c.obj)
                0x00000000000039b0                log_backend_enable
 .text.log_init
                0x0000000000003a08       0x54 zephyr/libzephyr.a(log_core.c.obj)
                0x0000000000003a08                log_init
 .text.log_backend_disable
                0x0000000000003a5c       0x30 zephyr/libzephyr.a(log_core.c.obj)
                0x0000000000003a5c                log_backend_disable
 .text.log_filter_get
                0x0000000000003a8c       0x2c zephyr/libzephyr.a(log_core.c.obj)
                0x0000000000003a8c                log_filter_get
 .text.log_strdup
                0x0000000000003ab8       0x6c zephyr/libzephyr.a(log_core.c.obj)
                0x0000000000003ab8                log_strdup
 .text.log_is_strdup
                0x0000000000003b24       0x1c zephyr/libzephyr.a(log_core.c.obj)
                0x0000000000003b24                log_is_strdup
 .text.z_impl_log_process
                0x0000000000003b40      0x1b8 zephyr/libzephyr.a(log_core.c.obj)
                0x0000000000003b40                z_impl_log_process
 .text.z_impl_log_panic
                0x0000000000003cf8       0x48 zephyr/libzephyr.a(log_core.c.obj)
                0x0000000000003cf8                z_impl_log_panic
 .text.log_process_thread_func
                0x0000000000003d40       0x38 zephyr/libzephyr.a(log_core.c.obj)
 .text.msg_finalize
                0x0000000000003d78       0x98 zephyr/libzephyr.a(log_core.c.obj)
 .text.log_free
                0x0000000000003e10       0x34 zephyr/libzephyr.a(log_core.c.obj)
                0x0000000000003e10                log_free
 .text.log_msg_pool_init
                0x0000000000003e44       0x14 zephyr/libzephyr.a(log_msg.c.obj)
                0x0000000000003e44                log_msg_pool_init
 .text.log_msg_no_space_handle
                0x0000000000003e58       0x30 zephyr/libzephyr.a(log_msg.c.obj)
                0x0000000000003e58                log_msg_no_space_handle
 .text.log_msg_chunk_alloc
                0x0000000000003e88       0x24 zephyr/libzephyr.a(log_msg.c.obj)
                0x0000000000003e88                log_msg_chunk_alloc
 .text.msg_free
                0x0000000000003eac       0x64 zephyr/libzephyr.a(log_msg.c.obj)
 .text.print_formatted
                0x0000000000003f10       0x24 zephyr/libzephyr.a(log_output.c.obj)
 .text.prefix_print
                0x0000000000003f34      0x11c zephyr/libzephyr.a(log_output.c.obj)
 .text.hexdump_line_print
                0x0000000000004050       0xb8 zephyr/libzephyr.a(log_output.c.obj)
 .text.postfix_print
                0x0000000000004108       0x3c zephyr/libzephyr.a(log_output.c.obj)
 .text.log_output_msg_process
                0x0000000000004144       0xec zephyr/libzephyr.a(log_output.c.obj)
                0x0000000000004144                log_output_msg_process
 .text.log_output_dropped_process
                0x0000000000004230       0x54 zephyr/libzephyr.a(log_output.c.obj)
                0x0000000000004230                log_output_dropped_process
 .text.log_output_timestamp_freq_set
                0x0000000000004284       0x30 zephyr/libzephyr.a(log_output.c.obj)
                0x0000000000004284                log_output_timestamp_freq_set
 .text.severity_lvl_get
                0x00000000000042b4       0x24 zephyr/libzephyr.a(log_cmds.c.obj)
 .text.backend_name_get
                0x00000000000042d8       0x30 zephyr/libzephyr.a(log_cmds.c.obj)
 .text.cmd_log_backends_list
                0x0000000000004308       0x60 zephyr/libzephyr.a(log_cmds.c.obj)
 .text.log_status
                0x0000000000004368       0xac zephyr/libzephyr.a(log_cmds.c.obj)
 .text.module_name_get
                0x0000000000004414       0x20 zephyr/libzephyr.a(log_cmds.c.obj)
 .text.filters_set
                0x0000000000004434       0xd0 zephyr/libzephyr.a(log_cmds.c.obj)
 .text.shell_backend_cmd_execute
                0x0000000000004504       0x7c zephyr/libzephyr.a(log_cmds.c.obj)
 .text.cmd_log_backend_status
                0x0000000000004580       0x10 zephyr/libzephyr.a(log_cmds.c.obj)
 .text.cmd_log_backend_halt
                0x0000000000004590        0xc zephyr/libzephyr.a(log_cmds.c.obj)
 .text.cmd_log_backend_go
                0x000000000000459c        0xc zephyr/libzephyr.a(log_cmds.c.obj)
 .text.cmd_log_backend_enable
                0x00000000000045a8        0xc zephyr/libzephyr.a(log_cmds.c.obj)
 .text.cmd_log_backend_disable
                0x00000000000045b4        0xc zephyr/libzephyr.a(log_cmds.c.obj)
 .text.shell_state_precheck
                0x00000000000045c0       0x20 zephyr/libzephyr.a(log_cmds.c.obj)
 .text.log_enable
                0x00000000000045e0       0x60 zephyr/libzephyr.a(log_cmds.c.obj)
 .text.cmd_kernel_version
                0x0000000000004640       0x2c zephyr/libzephyr.a(kernel_service.c.obj)
 .text.cmd_kernel_uptime
                0x000000000000466c       0x1c zephyr/libzephyr.a(kernel_service.c.obj)
 .text.cmd_kernel_cycles
                0x0000000000004688       0x1c zephyr/libzephyr.a(kernel_service.c.obj)
 .text.cmd_device_list
                0x00000000000046a4       0x40 zephyr/libzephyr.a(device_service.c.obj)
 .text.device_get_config_level
                0x00000000000046e4       0x3c zephyr/libzephyr.a(device_service.c.obj)
 .text.cmd_device_levels
                0x0000000000004720       0x94 zephyr/libzephyr.a(device_service.c.obj)
 .text.history_handle
                0x00000000000047b4       0xa4 zephyr/libzephyr.a(shell.c.obj)
 .text.execute  0x0000000000004858      0x274 zephyr/libzephyr.a(shell.c.obj)
 .text.shell_process
                0x0000000000004acc      0x744 zephyr/libzephyr.a(shell.c.obj)
                0x0000000000004acc                shell_process
 .text.shell_init
                0x0000000000005210       0xf4 zephyr/libzephyr.a(shell.c.obj)
                0x0000000000005210                shell_init
 .text.shell_start
                0x0000000000005304       0x30 zephyr/libzephyr.a(shell.c.obj)
                0x0000000000005304                shell_start
 .text.shell_thread
                0x0000000000005334       0xac zephyr/libzephyr.a(shell.c.obj)
                0x0000000000005334                shell_thread
 .text.shell_fprintf_fmt
                0x00000000000053e0       0x28 zephyr/libzephyr.a(shell_fprintf.c.obj)
                0x00000000000053e0                shell_fprintf_fmt
 .text.shell_cmd_get
                0x0000000000005408       0x54 zephyr/libzephyr.a(shell_utils.c.obj)
                0x0000000000005408                shell_cmd_get
 .text.clear_eos.isra.6
                0x000000000000545c       0x10 zephyr/libzephyr.a(shell_ops.c.obj)
 .text.shell_op_cursor_vert_move
                0x000000000000546c       0x20 zephyr/libzephyr.a(shell_ops.c.obj)
                0x000000000000546c                shell_op_cursor_vert_move
 .text.shell_op_cursor_horiz_move
                0x000000000000548c       0x20 zephyr/libzephyr.a(shell_ops.c.obj)
                0x000000000000548c                shell_op_cursor_horiz_move
 .text.shell_op_cond_next_line
                0x00000000000054ac       0x28 zephyr/libzephyr.a(shell_ops.c.obj)
                0x00000000000054ac                shell_op_cond_next_line
 .text.shell_op_cursor_position_synchronize
                0x00000000000054d4       0x54 zephyr/libzephyr.a(shell_ops.c.obj)
                0x00000000000054d4                shell_op_cursor_position_synchronize
 .text.shell_print_cmd
                0x0000000000005528       0x10 zephyr/libzephyr.a(shell_ops.c.obj)
                0x0000000000005528                shell_print_cmd
 .text.shell_vt100_color_set
                0x0000000000005538       0x48 zephyr/libzephyr.a(shell_ops.c.obj)
                0x0000000000005538                shell_vt100_color_set
 .text.shell_vt100_colors_restore
                0x0000000000005580       0x4c zephyr/libzephyr.a(shell_ops.c.obj)
                0x0000000000005580                shell_vt100_colors_restore
 .text.shell_op_word_remove
                0x00000000000055cc       0xa8 zephyr/libzephyr.a(shell_ops.c.obj)
                0x00000000000055cc                shell_op_word_remove
 .text.reprint_from_cursor
                0x0000000000005674       0x54 zephyr/libzephyr.a(shell_ops.c.obj)
 .text.shell_op_char_insert
                0x00000000000056c8       0x64 zephyr/libzephyr.a(shell_ops.c.obj)
                0x00000000000056c8                shell_op_char_insert
 .text.shell_print_prompt_and_cmd
                0x000000000000572c       0x30 zephyr/libzephyr.a(shell_ops.c.obj)
                0x000000000000572c                shell_print_prompt_and_cmd
 .text.enable_shell_uart
                0x000000000000575c       0x28 zephyr/libzephyr.a(shell_uart.c.obj)
 .text.init     0x0000000000005784       0x30 zephyr/libzephyr.a(shell_uart.c.obj)
 .text.uart_callback
                0x00000000000057b4      0x128 zephyr/libzephyr.a(shell_uart.c.obj)
 .text.formatted_text_print.constprop.2
                0x00000000000058dc       0xf4 zephyr/libzephyr.a(shell_help.c.obj)
 .text.shell_help_subcmd_print
                0x00000000000059d0       0xe0 zephyr/libzephyr.a(shell_help.c.obj)
                0x00000000000059d0                shell_help_subcmd_print
 .text.shell_help_cmd_print
                0x0000000000005ab0       0x4c zephyr/libzephyr.a(shell_help.c.obj)
                0x0000000000005ab0                shell_help_cmd_print
 .text.cmd_clear
                0x0000000000005afc       0x2c zephyr/libzephyr.a(shell_cmds.c.obj)
 .text.cmd_resize_default
                0x0000000000005b28       0x24 zephyr/libzephyr.a(shell_cmds.c.obj)
 .text.cmd_shell_stats_show
                0x0000000000005b4c       0x18 zephyr/libzephyr.a(shell_cmds.c.obj)
 .text.cmd_help
                0x0000000000005b64       0x24 zephyr/libzephyr.a(shell_cmds.c.obj)
 .text.cmd_history
                0x0000000000005b88       0x48 zephyr/libzephyr.a(shell_cmds.c.obj)
 .text.cmd_echo
                0x0000000000005bd0       0x54 zephyr/libzephyr.a(shell_cmds.c.obj)
 .text.cmd_resize
                0x0000000000005c24      0x17c zephyr/libzephyr.a(shell_cmds.c.obj)
 .text.shell_wildcard_process
                0x0000000000005da0      0x100 zephyr/libzephyr.a(shell_wildcard.c.obj)
                0x0000000000005da0                shell_wildcard_process
 .text.sys_rand32_get
                0x0000000000005ea0       0x34 zephyr/libzephyr.a(rand32_entropy_device.c.obj)
                0x0000000000005ea0                sys_rand32_get
 .text.console_out
                0x0000000000005ed4       0x28 zephyr/libzephyr.a(uart_console.c.obj)
 .text.uart_console_hook_install
                0x0000000000005efc       0x18 zephyr/libzephyr.a(uart_console.c.obj)
                0x0000000000005efc                uart_console_hook_install
 .text.uart_console_init
                0x0000000000005f14       0x1c zephyr/libzephyr.a(uart_console.c.obj)
 .text.m16src_stop
                0x0000000000005f30       0x74 zephyr/libzephyr.a(nrf_power_clock.c.obj)
 .text.m16src_start
                0x0000000000005fa4       0xc4 zephyr/libzephyr.a(nrf_power_clock.c.obj)
 .text.k32src_start
                0x0000000000006068       0xb0 zephyr/libzephyr.a(nrf_power_clock.c.obj)
 .text.nrf_power_clock_isr
                0x0000000000006118       0xe4 zephyr/libzephyr.a(nrf_power_clock.c.obj)
                0x0000000000006118                nrf_power_clock_isr
 .text.rtc1_nrf_isr
                0x00000000000061fc       0x40 zephyr/libzephyr.a(nrf_rtc_timer.c.obj)
                0x00000000000061fc                rtc1_nrf_isr
 .text.z_clock_driver_init
                0x000000000000623c       0x84 zephyr/libzephyr.a(nrf_rtc_timer.c.obj)
                0x000000000000623c                z_clock_driver_init
 .text.z_clock_set_timeout
                0x00000000000062c0       0x9c zephyr/libzephyr.a(nrf_rtc_timer.c.obj)
                0x00000000000062c0                z_clock_set_timeout
 .text.z_clock_elapsed
                0x000000000000635c       0x34 zephyr/libzephyr.a(nrf_rtc_timer.c.obj)
                0x000000000000635c                z_clock_elapsed
 .text.z_timer_cycle_get_32
                0x0000000000006390       0x34 zephyr/libzephyr.a(nrf_rtc_timer.c.obj)
                0x0000000000006390                z_timer_cycle_get_32
 .text.errata_12
                0x00000000000063c4       0x40 zephyr/libzephyr.a(system_nrf52.c.obj)
 .text.errata_16
                0x0000000000006404       0x34 zephyr/libzephyr.a(system_nrf52.c.obj)
 .text.SystemInit
                0x0000000000006438      0x248 zephyr/libzephyr.a(system_nrf52.c.obj)
                0x0000000000006438                SystemInit
 .text._HandlerModeExit
                0x0000000000006680       0x1c zephyr/arch/arch/arm/core/libarch__arm__core.a(exc_exit.S.obj)
                0x0000000000006680                z_ExcExit
                0x0000000000006680                _IntExit
 .text.__swap   0x000000000000669c       0x34 zephyr/arch/arch/arm/core/libarch__arm__core.a(swap.c.obj)
                0x000000000000669c                __swap
 .text.__pendsv
                0x00000000000066d0       0x58 zephyr/arch/arch/arm/core/libarch__arm__core.a(swap_helper.S.obj)
                0x00000000000066d0                __pendsv
 .text.__svc    0x0000000000006728       0x24 zephyr/arch/arch/arm/core/libarch__arm__core.a(swap_helper.S.obj)
                0x0000000000006728                __svc
 .text.z_arch_irq_enable
                0x000000000000674c       0x20 zephyr/arch/arch/arm/core/libarch__arm__core.a(irq_manage.c.obj)
                0x000000000000674c                z_arch_irq_enable
 .text.z_arch_irq_disable
                0x000000000000676c       0x28 zephyr/arch/arch/arm/core/libarch__arm__core.a(irq_manage.c.obj)
                0x000000000000676c                z_arch_irq_disable
 .text.z_arch_irq_is_enabled
                0x0000000000006794       0x1c zephyr/arch/arch/arm/core/libarch__arm__core.a(irq_manage.c.obj)
                0x0000000000006794                z_arch_irq_is_enabled
 .text.z_irq_priority_set
                0x00000000000067b0       0x30 zephyr/arch/arch/arm/core/libarch__arm__core.a(irq_manage.c.obj)
                0x00000000000067b0                z_irq_priority_set
 .text._arch_isr_direct_pm
                0x00000000000067e0       0x1c zephyr/arch/arch/arm/core/libarch__arm__core.a(irq_manage.c.obj)
                0x00000000000067e0                _arch_isr_direct_pm
 .text.z_new_thread
                0x00000000000067fc       0x54 zephyr/arch/arch/arm/core/libarch__arm__core.a(thread.c.obj)
                0x00000000000067fc                z_new_thread
 .text.z_CpuIdleInit
                0x0000000000006850        0xc zephyr/arch/arch/arm/core/libarch__arm__core.a(cpu_idle.S.obj)
                0x0000000000006850                z_CpuIdleInit
 .text.k_cpu_idle
                0x000000000000685c        0xc zephyr/arch/arch/arm/core/libarch__arm__core.a(cpu_idle.S.obj)
                0x000000000000685c                k_cpu_idle
 .text.__fault  0x0000000000006868       0x28 zephyr/arch/arch/arm/core/libarch__arm__core.a(fault_s.S.obj)
                0x0000000000006868                __usage_fault
                0x0000000000006868                __reserved
                0x0000000000006868                __bus_fault
                0x0000000000006868                __debug_monitor
                0x0000000000006868                __mpu_fault
                0x0000000000006868                __hard_fault
 .text.z_arm_fatal_error
                0x0000000000006890       0x4c zephyr/arch/arch/arm/core/libarch__arm__core.a(fatal.c.obj)
                0x0000000000006890                z_arm_fatal_error
 .text.z_SysNmiOnReset
                0x00000000000068dc        0x8 zephyr/arch/arch/arm/core/libarch__arm__core.a(nmi_on_reset.S.obj)
                0x00000000000068dc                z_SysNmiOnReset
 .text._PrepC   0x00000000000068e4       0x2c zephyr/arch/arch/arm/core/libarch__arm__core.a(prep_c.c.obj)
                0x00000000000068e4                _PrepC
 .text._isr_wrapper
                0x0000000000006910       0x40 zephyr/arch/arch/arm/core/libarch__arm__core.a(isr_wrapper.S.obj)
                0x0000000000006910                _isr_wrapper
 .text._reset_section
                0x0000000000006950       0x30 zephyr/arch/arch/arm/core/cortex_m/libarch__arm__core__cortex_m.a(reset.S.obj)
                0x0000000000006950                __reset
                0x0000000000006950                __start
 .text.MpuFault.isra.2
                0x0000000000006980       0x98 zephyr/arch/arch/arm/core/cortex_m/libarch__arm__core__cortex_m.a(fault.c.obj)
 .text.BusFault.isra.3
                0x0000000000006a18       0xa4 zephyr/arch/arch/arm/core/cortex_m/libarch__arm__core__cortex_m.a(fault.c.obj)
 .text.UsageFault.isra.4
                0x0000000000006abc       0x88 zephyr/arch/arch/arm/core/cortex_m/libarch__arm__core__cortex_m.a(fault.c.obj)
 .text._Fault   0x0000000000006b44       0xec zephyr/arch/arch/arm/core/cortex_m/libarch__arm__core__cortex_m.a(fault.c.obj)
                0x0000000000006b44                _Fault
 .text.z_FaultInit
                0x0000000000006c30       0x10 zephyr/arch/arch/arm/core/cortex_m/libarch__arm__core__cortex_m.a(fault.c.obj)
                0x0000000000006c30                z_FaultInit
 .text.z_IntLibInit
                0x0000000000006c40       0x18 zephyr/arch/arch/arm/core/cortex_m/libarch__arm__core__cortex_m.a(irq_init.c.obj)
                0x0000000000006c40                z_IntLibInit
 .text.z_impl_k_thread_abort
                0x0000000000006c58       0x4c zephyr/arch/arch/arm/core/cortex_m/libarch__arm__core__cortex_m.a(thread_abort.c.obj)
                0x0000000000006c58                z_impl_k_thread_abort
 .text.z_arch_configure_static_mpu_regions
                0x0000000000006ca4       0x38 zephyr/arch/arch/arm/core/cortex_m/mpu/libarch__arm__core__cortex_m__mpu.a(arm_core_mpu.c.obj)
                0x0000000000006ca4                z_arch_configure_static_mpu_regions
 .text.mpu_configure_regions
                0x0000000000006cdc       0xe8 zephyr/arch/arch/arm/core/cortex_m/mpu/libarch__arm__core__cortex_m__mpu.a(arm_mpu.c.obj)
 .text.arm_core_mpu_enable
                0x0000000000006dc4       0x14 zephyr/arch/arch/arm/core/cortex_m/mpu/libarch__arm__core__cortex_m__mpu.a(arm_mpu.c.obj)
                0x0000000000006dc4                arm_core_mpu_enable
 .text.arm_core_mpu_disable
                0x0000000000006dd8       0x10 zephyr/arch/arch/arm/core/cortex_m/mpu/libarch__arm__core__cortex_m__mpu.a(arm_mpu.c.obj)
                0x0000000000006dd8                arm_core_mpu_disable
 .text.arm_mpu_init
                0x0000000000006de8       0x5c zephyr/arch/arch/arm/core/cortex_m/mpu/libarch__arm__core__cortex_m__mpu.a(arm_mpu.c.obj)
 .text.arm_core_mpu_configure_static_mpu_regions
                0x0000000000006e44       0x14 zephyr/arch/arch/arm/core/cortex_m/mpu/libarch__arm__core__cortex_m__mpu.a(arm_mpu.c.obj)
                0x0000000000006e44                arm_core_mpu_configure_static_mpu_regions
 .text.arm_core_mpu_configure_dynamic_mpu_regions
                0x0000000000006e58       0x2c zephyr/arch/arch/arm/core/cortex_m/mpu/libarch__arm__core__cortex_m__mpu.a(arm_mpu.c.obj)
                0x0000000000006e58                arm_core_mpu_configure_dynamic_mpu_regions
 .text.z_prf    0x0000000000006e84      0x970 zephyr/lib/libc/minimal/liblib__libc__minimal.a(prf.c.obj)
                0x0000000000006e84                z_prf
 .text.__stdout_hook_install
                0x00000000000077f4        0xc zephyr/lib/libc/minimal/liblib__libc__minimal.a(stdout_console.c.obj)
                0x00000000000077f4                __stdout_hook_install
 .text.snprintf
                0x0000000000007800       0x30 zephyr/lib/libc/minimal/liblib__libc__minimal.a(sprintf.c.obj)
                0x0000000000007800                snprintf
 .text.bt_hex_real
                0x0000000000007830       0x44 zephyr/subsys/bluetooth/common/libsubsys__bluetooth__common.a(log.c.obj)
                0x0000000000007830                bt_hex_real
 .text.bt_addr_le_str_real
                0x0000000000007874       0x7c zephyr/subsys/bluetooth/common/libsubsys__bluetooth__common.a(log.c.obj)
                0x0000000000007874                bt_addr_le_str_real
 .text.uuid_to_uuid128
                0x00000000000078f0       0x7c zephyr/subsys/bluetooth/host/libsubsys__bluetooth__host.a(uuid.c.obj)
 .text.ver_str  0x000000000000796c       0x38 zephyr/subsys/bluetooth/host/libsubsys__bluetooth__host.a(hci_core.c.obj)
 .text.le_data_len_change
                0x00000000000079a4       0x54 zephyr/subsys/bluetooth/host/libsubsys__bluetooth__host.a(hci_core.c.obj)
 .text.le_conn_update_complete
                0x00000000000079f8       0xac zephyr/subsys/bluetooth/host/libsubsys__bluetooth__host.a(hci_core.c.obj)
 .text.hci_num_completed_packets
                0x0000000000007aa4      0x110 zephyr/subsys/bluetooth/host/libsubsys__bluetooth__host.a(hci_core.c.obj)
 .text.hci_vendor_event
                0x0000000000007bb4       0x50 zephyr/subsys/bluetooth/host/libsubsys__bluetooth__host.a(hci_core.c.obj)
 .text.handle_event
                0x0000000000007c04       0xac zephyr/subsys/bluetooth/host/libsubsys__bluetooth__host.a(hci_core.c.obj)
 .text.hci_le_meta_event
                0x0000000000007cb0       0x20 zephyr/subsys/bluetooth/host/libsubsys__bluetooth__host.a(hci_core.c.obj)
 .text.hci_cmd_done
                0x0000000000007cd0       0xa8 zephyr/subsys/bluetooth/host/libsubsys__bluetooth__host.a(hci_core.c.obj)
 .text.hci_cmd_status
                0x0000000000007d78       0x2c zephyr/subsys/bluetooth/host/libsubsys__bluetooth__host.a(hci_core.c.obj)
 .text.hci_cmd_complete
                0x0000000000007da4       0x30 zephyr/subsys/bluetooth/host/libsubsys__bluetooth__host.a(hci_core.c.obj)
 .text.atomic_set_bit_to.constprop.43
                0x0000000000007dd4       0x1c zephyr/subsys/bluetooth/host/libsubsys__bluetooth__host.a(hci_core.c.obj)
 .text.id_find  0x0000000000007df0       0x34 zephyr/subsys/bluetooth/host/libsubsys__bluetooth__host.a(hci_core.c.obj)
 .text.slave_update_conn_param
                0x0000000000007e24       0x28 zephyr/subsys/bluetooth/host/libsubsys__bluetooth__host.a(hci_core.c.obj)
 .text.bt_hci_cmd_create
                0x0000000000007e4c       0x40 zephyr/subsys/bluetooth/host/libsubsys__bluetooth__host.a(hci_core.c.obj)
                0x0000000000007e4c                bt_hci_cmd_create
 .text.bt_hci_cmd_send_sync
                0x0000000000007e8c       0x68 zephyr/subsys/bluetooth/host/libsubsys__bluetooth__host.a(hci_core.c.obj)
                0x0000000000007e8c                bt_hci_cmd_send_sync
 .text.set_le_scan_enable
                0x0000000000007ef4       0x5c zephyr/subsys/bluetooth/host/libsubsys__bluetooth__host.a(hci_core.c.obj)
 .text.set_random_address
                0x0000000000007f50       0x5c zephyr/subsys/bluetooth/host/libsubsys__bluetooth__host.a(hci_core.c.obj)
 .text.set_ad   0x0000000000007fac       0xec zephyr/subsys/bluetooth/host/libsubsys__bluetooth__host.a(hci_core.c.obj)
 .text.le_adv_update
                0x0000000000008098       0x94 zephyr/subsys/bluetooth/host/libsubsys__bluetooth__host.a(hci_core.c.obj)
 .text.id_create.isra.26
                0x000000000000812c       0x58 zephyr/subsys/bluetooth/host/libsubsys__bluetooth__host.a(hci_core.c.obj)
 .text.bt_send  0x0000000000008184       0x10 zephyr/subsys/bluetooth/host/libsubsys__bluetooth__host.a(hci_core.c.obj)
                0x0000000000008184                bt_send
 .text.bt_hci_cmd_send
                0x0000000000008194       0x78 zephyr/subsys/bluetooth/host/libsubsys__bluetooth__host.a(hci_core.c.obj)
                0x0000000000008194                bt_hci_cmd_send
 .text.start_le_scan
                0x000000000000820c       0xa4 zephyr/subsys/bluetooth/host/libsubsys__bluetooth__host.a(hci_core.c.obj)
 .text.bt_le_scan_update
                0x00000000000082b0       0x74 zephyr/subsys/bluetooth/host/libsubsys__bluetooth__host.a(hci_core.c.obj)
                0x00000000000082b0                bt_le_scan_update
 .text.hci_disconn_complete
                0x0000000000008324       0xac zephyr/subsys/bluetooth/host/libsubsys__bluetooth__host.a(hci_core.c.obj)
 .text.le_adv_report
                0x00000000000083d0      0x1f0 zephyr/subsys/bluetooth/host/libsubsys__bluetooth__host.a(hci_core.c.obj)
 .text.hci_le_set_data_len.isra.29
                0x00000000000085c0       0xd4 zephyr/subsys/bluetooth/host/libsubsys__bluetooth__host.a(hci_core.c.obj)
 .text.le_phy_update_complete
                0x0000000000008694       0x90 zephyr/subsys/bluetooth/host/libsubsys__bluetooth__host.a(hci_core.c.obj)
 .text.le_conn_param_neg_reply
                0x0000000000008724       0x68 zephyr/subsys/bluetooth/host/libsubsys__bluetooth__host.a(hci_core.c.obj)
 .text.le_conn_param_req
                0x000000000000878c       0xe4 zephyr/subsys/bluetooth/host/libsubsys__bluetooth__host.a(hci_core.c.obj)
 .text.le_remote_feat_complete
                0x0000000000008870       0xb0 zephyr/subsys/bluetooth/host/libsubsys__bluetooth__host.a(hci_core.c.obj)
 .text.enh_conn_complete
                0x0000000000008920      0x250 zephyr/subsys/bluetooth/host/libsubsys__bluetooth__host.a(hci_core.c.obj)
 .text.hci_tx_thread
                0x0000000000008b70      0x1bc zephyr/subsys/bluetooth/host/libsubsys__bluetooth__host.a(hci_core.c.obj)
 .text.bt_recv  0x0000000000008d2c      0x178 zephyr/subsys/bluetooth/host/libsubsys__bluetooth__host.a(hci_core.c.obj)
                0x0000000000008d2c                bt_recv
 .text.bt_recv_prio
                0x0000000000008ea4       0xcc zephyr/subsys/bluetooth/host/libsubsys__bluetooth__host.a(hci_core.c.obj)
                0x0000000000008ea4                bt_recv_prio
 .text.bt_hci_driver_register
                0x0000000000008f70       0x28 zephyr/subsys/bluetooth/host/libsubsys__bluetooth__host.a(hci_core.c.obj)
                0x0000000000008f70                bt_hci_driver_register
 .text.bt_finalize_init
                0x0000000000008f98      0x134 zephyr/subsys/bluetooth/host/libsubsys__bluetooth__host.a(hci_core.c.obj)
                0x0000000000008f98                bt_finalize_init
 .text.bt_get_name
                0x00000000000090cc        0x8 zephyr/subsys/bluetooth/host/libsubsys__bluetooth__host.a(hci_core.c.obj)
                0x00000000000090cc                bt_get_name
 .text.bt_id_create
                0x00000000000090d4       0xb8 zephyr/subsys/bluetooth/host/libsubsys__bluetooth__host.a(hci_core.c.obj)
                0x00000000000090d4                bt_id_create
 .text.bt_setup_id_addr
                0x000000000000918c      0x130 zephyr/subsys/bluetooth/host/libsubsys__bluetooth__host.a(hci_core.c.obj)
                0x000000000000918c                bt_setup_id_addr
 .text.hci_init
                0x00000000000092bc      0x5dc zephyr/subsys/bluetooth/host/libsubsys__bluetooth__host.a(hci_core.c.obj)
 .text.bt_enable
                0x0000000000009898      0x118 zephyr/subsys/bluetooth/host/libsubsys__bluetooth__host.a(hci_core.c.obj)
                0x0000000000009898                bt_enable
 .text.init_work
                0x00000000000099b0       0x2c zephyr/subsys/bluetooth/host/libsubsys__bluetooth__host.a(hci_core.c.obj)
 .text.bt_le_adv_start_internal
                0x00000000000099dc      0x210 zephyr/subsys/bluetooth/host/libsubsys__bluetooth__host.a(hci_core.c.obj)
                0x00000000000099dc                bt_le_adv_start_internal
 .text.bt_le_adv_stop
                0x0000000000009bec       0x4c zephyr/subsys/bluetooth/host/libsubsys__bluetooth__host.a(hci_core.c.obj)
                0x0000000000009bec                bt_le_adv_stop
 .text.bt_buf_get_rx
                0x0000000000009c38       0x20 zephyr/subsys/bluetooth/host/libsubsys__bluetooth__host.a(hci_core.c.obj)
                0x0000000000009c38                bt_buf_get_rx
 .text.bt_buf_get_cmd_complete
                0x0000000000009c58       0x4c zephyr/subsys/bluetooth/host/libsubsys__bluetooth__host.a(hci_core.c.obj)
                0x0000000000009c58                bt_buf_get_cmd_complete
 .text.bt_buf_get_evt
                0x0000000000009ca4       0x50 zephyr/subsys/bluetooth/host/libsubsys__bluetooth__host.a(hci_core.c.obj)
                0x0000000000009ca4                bt_buf_get_evt
 .text.notify_connected
                0x0000000000009cf4       0x2c zephyr/subsys/bluetooth/host/libsubsys__bluetooth__host.a(conn.c.obj)
 .text.tx_free  0x0000000000009d20       0x28 zephyr/subsys/bluetooth/host/libsubsys__bluetooth__host.a(conn.c.obj)
 .text.bt_conn_get_pkts
                0x0000000000009d48        0x8 zephyr/subsys/bluetooth/host/libsubsys__bluetooth__host.a(conn.c.obj)
                0x0000000000009d48                bt_conn_get_pkts
 .text.notify_le_param_updated
                0x0000000000009d50       0x68 zephyr/subsys/bluetooth/host/libsubsys__bluetooth__host.a(conn.c.obj)
                0x0000000000009d50                notify_le_param_updated
 .text.le_param_req
                0x0000000000009db8       0x40 zephyr/subsys/bluetooth/host/libsubsys__bluetooth__host.a(conn.c.obj)
                0x0000000000009db8                le_param_req
 .text.bt_conn_cb_register
                0x0000000000009df8       0x10 zephyr/subsys/bluetooth/host/libsubsys__bluetooth__host.a(conn.c.obj)
                0x0000000000009df8                bt_conn_cb_register
 .text.bt_conn_recv
                0x0000000000009e08      0x194 zephyr/subsys/bluetooth/host/libsubsys__bluetooth__host.a(conn.c.obj)
                0x0000000000009e08                bt_conn_recv
 .text.bt_conn_send_cb
                0x0000000000009f9c       0x58 zephyr/subsys/bluetooth/host/libsubsys__bluetooth__host.a(conn.c.obj)
                0x0000000000009f9c                bt_conn_send_cb
 .text.bt_conn_notify_tx
                0x0000000000009ff4       0x80 zephyr/subsys/bluetooth/host/libsubsys__bluetooth__host.a(conn.c.obj)
                0x0000000000009ff4                bt_conn_notify_tx
 .text.send_frag
                0x000000000000a074      0x16c zephyr/subsys/bluetooth/host/libsubsys__bluetooth__host.a(conn.c.obj)
 .text.bt_conn_prepare_events
                0x000000000000a1e0       0xb0 zephyr/subsys/bluetooth/host/libsubsys__bluetooth__host.a(conn.c.obj)
                0x000000000000a1e0                bt_conn_prepare_events
 .text.bt_conn_add_le
                0x000000000000a290       0xac zephyr/subsys/bluetooth/host/libsubsys__bluetooth__host.a(conn.c.obj)
                0x000000000000a290                bt_conn_add_le
 .text.bt_conn_set_state
                0x000000000000a33c      0x1c0 zephyr/subsys/bluetooth/host/libsubsys__bluetooth__host.a(conn.c.obj)
                0x000000000000a33c                bt_conn_set_state
 .text.bt_conn_lookup_handle
                0x000000000000a4fc       0x48 zephyr/subsys/bluetooth/host/libsubsys__bluetooth__host.a(conn.c.obj)
                0x000000000000a4fc                bt_conn_lookup_handle
 .text.bt_conn_lookup_addr_le
                0x000000000000a544       0x50 zephyr/subsys/bluetooth/host/libsubsys__bluetooth__host.a(conn.c.obj)
                0x000000000000a544                bt_conn_lookup_addr_le
 .text.bt_conn_lookup_state_le
                0x000000000000a594       0x58 zephyr/subsys/bluetooth/host/libsubsys__bluetooth__host.a(conn.c.obj)
                0x000000000000a594                bt_conn_lookup_state_le
 .text.bt_conn_get_info
                0x000000000000a5ec       0x54 zephyr/subsys/bluetooth/host/libsubsys__bluetooth__host.a(conn.c.obj)
                0x000000000000a5ec                bt_conn_get_info
 .text.send_conn_le_param_update
                0x000000000000a640       0x50 zephyr/subsys/bluetooth/host/libsubsys__bluetooth__host.a(conn.c.obj)
 .text.conn_le_update_timeout
                0x000000000000a690       0x7c zephyr/subsys/bluetooth/host/libsubsys__bluetooth__host.a(conn.c.obj)
 .text.bt_conn_create_pdu_timeout
                0x000000000000a70c       0xf0 zephyr/subsys/bluetooth/host/libsubsys__bluetooth__host.a(conn.c.obj)
                0x000000000000a70c                bt_conn_create_pdu_timeout
 .text.create_frag.isra.12
                0x000000000000a7fc       0x70 zephyr/subsys/bluetooth/host/libsubsys__bluetooth__host.a(conn.c.obj)
 .text.bt_conn_process_tx
                0x000000000000a86c       0xe8 zephyr/subsys/bluetooth/host/libsubsys__bluetooth__host.a(conn.c.obj)
                0x000000000000a86c                bt_conn_process_tx
 .text.bt_conn_index
                0x000000000000a954       0x18 zephyr/subsys/bluetooth/host/libsubsys__bluetooth__host.a(conn.c.obj)
                0x000000000000a954                bt_conn_index
 .text.bt_conn_init
                0x000000000000a96c       0x74 zephyr/subsys/bluetooth/host/libsubsys__bluetooth__host.a(conn.c.obj)
                0x000000000000a96c                bt_conn_init
 .text.l2cap_accept
                0x000000000000a9e0       0x74 zephyr/subsys/bluetooth/host/libsubsys__bluetooth__host.a(l2cap.c.obj)
 .text.l2cap_create_le_sig_pdu.isra.8
                0x000000000000aa54       0x64 zephyr/subsys/bluetooth/host/libsubsys__bluetooth__host.a(l2cap.c.obj)
 .text.l2cap_rtx_timeout
                0x000000000000aab8       0x54 zephyr/subsys/bluetooth/host/libsubsys__bluetooth__host.a(l2cap.c.obj)
 .text.bt_l2cap_connected
                0x000000000000ab0c       0xb0 zephyr/subsys/bluetooth/host/libsubsys__bluetooth__host.a(l2cap.c.obj)
                0x000000000000ab0c                bt_l2cap_connected
 .text.l2cap_recv
                0x000000000000abbc      0x1c8 zephyr/subsys/bluetooth/host/libsubsys__bluetooth__host.a(l2cap.c.obj)
 .text.bt_l2cap_recv
                0x000000000000ad84       0xcc zephyr/subsys/bluetooth/host/libsubsys__bluetooth__host.a(l2cap.c.obj)
                0x000000000000ad84                bt_l2cap_recv
 .text.bt_l2cap_update_conn_param
                0x000000000000ae50       0x5c zephyr/subsys/bluetooth/host/libsubsys__bluetooth__host.a(l2cap.c.obj)
                0x000000000000ae50                bt_l2cap_update_conn_param
 .text.find_type_cb
                0x000000000000aeac      0x12c zephyr/subsys/bluetooth/host/libsubsys__bluetooth__host.a(att.c.obj)
 .text.bt_att_connected
                0x000000000000afd8       0x2c zephyr/subsys/bluetooth/host/libsubsys__bluetooth__host.a(att.c.obj)
 .text.bt_att_accept
                0x000000000000b004       0x98 zephyr/subsys/bluetooth/host/libsubsys__bluetooth__host.a(att.c.obj)
 .text.att_chan_get
                0x000000000000b09c       0xb0 zephyr/subsys/bluetooth/host/libsubsys__bluetooth__host.a(att.c.obj)
 .text.att_send
                0x000000000000b14c       0x9c zephyr/subsys/bluetooth/host/libsubsys__bluetooth__host.a(att.c.obj)
 .text.att_req_sent
                0x000000000000b1e8       0x30 zephyr/subsys/bluetooth/host/libsubsys__bluetooth__host.a(att.c.obj)
                0x000000000000b1e8                att_req_sent
 .text.att_send_req
                0x000000000000b218       0x80 zephyr/subsys/bluetooth/host/libsubsys__bluetooth__host.a(att.c.obj)
 .text.att_handle_rsp
                0x000000000000b298       0xbc zephyr/subsys/bluetooth/host/libsubsys__bluetooth__host.a(att.c.obj)
 .text.att_error_rsp
                0x000000000000b354       0x34 zephyr/subsys/bluetooth/host/libsubsys__bluetooth__host.a(att.c.obj)
 .text.att_timeout
                0x000000000000b388       0x54 zephyr/subsys/bluetooth/host/libsubsys__bluetooth__host.a(att.c.obj)
 .text.att_write_cmd
                0x000000000000b3dc       0x7c zephyr/subsys/bluetooth/host/libsubsys__bluetooth__host.a(att.c.obj)
 .text.bt_att_create_pdu
                0x000000000000b458       0xbc zephyr/subsys/bluetooth/host/libsubsys__bluetooth__host.a(att.c.obj)
                0x000000000000b458                bt_att_create_pdu
 .text.att_indicate
                0x000000000000b514       0x40 zephyr/subsys/bluetooth/host/libsubsys__bluetooth__host.a(att.c.obj)
 .text.att_mtu_req
                0x000000000000b554       0x68 zephyr/subsys/bluetooth/host/libsubsys__bluetooth__host.a(att.c.obj)
 .text.send_err_rsp.part.12
                0x000000000000b5bc       0x44 zephyr/subsys/bluetooth/host/libsubsys__bluetooth__host.a(att.c.obj)
 .text.bt_att_recv
                0x000000000000b600      0x1b0 zephyr/subsys/bluetooth/host/libsubsys__bluetooth__host.a(att.c.obj)
 .text.att_read_group_req
                0x000000000000b7b0      0x108 zephyr/subsys/bluetooth/host/libsubsys__bluetooth__host.a(att.c.obj)
 .text.att_read_mult_req
                0x000000000000b8b8       0x90 zephyr/subsys/bluetooth/host/libsubsys__bluetooth__host.a(att.c.obj)
 .text.att_read_rsp
                0x000000000000b948       0x98 zephyr/subsys/bluetooth/host/libsubsys__bluetooth__host.a(att.c.obj)
 .text.att_read_type_req
                0x000000000000b9e0       0xd0 zephyr/subsys/bluetooth/host/libsubsys__bluetooth__host.a(att.c.obj)
 .text.att_find_type_req
                0x000000000000bab0       0xe8 zephyr/subsys/bluetooth/host/libsubsys__bluetooth__host.a(att.c.obj)
 .text.att_find_info_req
                0x000000000000bb98       0x7c zephyr/subsys/bluetooth/host/libsubsys__bluetooth__host.a(att.c.obj)
 .text.att_write_req
                0x000000000000bc14       0xb8 zephyr/subsys/bluetooth/host/libsubsys__bluetooth__host.a(att.c.obj)
 .text.bt_att_req_cancel
                0x000000000000bccc       0x6c zephyr/subsys/bluetooth/host/libsubsys__bluetooth__host.a(att.c.obj)
                0x000000000000bccc                bt_att_req_cancel
 .text.find_static_attr
                0x000000000000bd38       0x48 zephyr/subsys/bluetooth/host/libsubsys__bluetooth__host.a(gatt.c.obj)
 .text.connected_cb
                0x000000000000bd80       0x44 zephyr/subsys/bluetooth/host/libsubsys__bluetooth__host.a(gatt.c.obj)
 .text.gatt_send.constprop.27
                0x000000000000bdc4       0x64 zephyr/subsys/bluetooth/host/libsubsys__bluetooth__host.a(gatt.c.obj)
 .text.gatt_write_ccc.constprop.21
                0x000000000000be28       0x68 zephyr/subsys/bluetooth/host/libsubsys__bluetooth__host.a(gatt.c.obj)
 .text.disconnected_cb
                0x000000000000be90       0x94 zephyr/subsys/bluetooth/host/libsubsys__bluetooth__host.a(gatt.c.obj)
 .text.read_ppcp
                0x000000000000bf24       0x38 zephyr/subsys/bluetooth/host/libsubsys__bluetooth__host.a(gatt.c.obj)
 .text.gatt_subscription_remove
                0x000000000000bf5c       0x38 zephyr/subsys/bluetooth/host/libsubsys__bluetooth__host.a(gatt.c.obj)
 .text.gatt_write_ccc_rsp
                0x000000000000bf94       0x60 zephyr/subsys/bluetooth/host/libsubsys__bluetooth__host.a(gatt.c.obj)
 .text.bt_gatt_attr_write_ccc
                0x000000000000bff4       0xd4 zephyr/subsys/bluetooth/host/libsubsys__bluetooth__host.a(gatt.c.obj)
                0x000000000000bff4                bt_gatt_attr_write_ccc
 .text.bt_gatt_init
                0x000000000000c0c8       0x50 zephyr/subsys/bluetooth/host/libsubsys__bluetooth__host.a(gatt.c.obj)
                0x000000000000c0c8                bt_gatt_init
 .text.bt_gatt_attr_value_handle
                0x000000000000c118       0x30 zephyr/subsys/bluetooth/host/libsubsys__bluetooth__host.a(gatt.c.obj)
                0x000000000000c118                bt_gatt_attr_value_handle
 .text.bt_gatt_foreach_attr_type
                0x000000000000c148       0xbc zephyr/subsys/bluetooth/host/libsubsys__bluetooth__host.a(gatt.c.obj)
                0x000000000000c148                bt_gatt_foreach_attr_type
 .text.bt_gatt_unsubscribe
                0x000000000000c204       0xf4 zephyr/subsys/bluetooth/host/libsubsys__bluetooth__host.a(gatt.c.obj)
                0x000000000000c204                bt_gatt_unsubscribe
 .text.bt_gatt_notification
                0x000000000000c2f8       0x5c zephyr/subsys/bluetooth/host/libsubsys__bluetooth__host.a(gatt.c.obj)
                0x000000000000c2f8                bt_gatt_notification
 .text.bt_gatt_connected
                0x000000000000c354       0x44 zephyr/subsys/bluetooth/host/libsubsys__bluetooth__host.a(gatt.c.obj)
                0x000000000000c354                bt_gatt_connected
 .text.bt_gatt_disconnected
                0x000000000000c398       0x94 zephyr/subsys/bluetooth/host/libsubsys__bluetooth__host.a(gatt.c.obj)
                0x000000000000c398                bt_gatt_disconnected
 .text.bt_smp_accept
                0x000000000000c42c       0x74 zephyr/subsys/bluetooth/host/libsubsys__bluetooth__host.a(smp_null.c.obj)
 .text.mayfly_init
                0x000000000000c4a0       0x54 zephyr/subsys/bluetooth/controller/libsubsys__bluetooth__controller.a(mayfly.c.obj)
                0x000000000000c4a0                mayfly_init
 .text.mayfly_enable
                0x000000000000c4f4       0x50 zephyr/subsys/bluetooth/controller/libsubsys__bluetooth__controller.a(mayfly.c.obj)
                0x000000000000c4f4                mayfly_enable
 .text.mayfly_enqueue
                0x000000000000c544       0xa0 zephyr/subsys/bluetooth/controller/libsubsys__bluetooth__controller.a(mayfly.c.obj)
                0x000000000000c544                mayfly_enqueue
 .text.mayfly_run
                0x000000000000c5e4      0x168 zephyr/subsys/bluetooth/controller/libsubsys__bluetooth__controller.a(mayfly.c.obj)
                0x000000000000c5e4                mayfly_run
 .text.ticker_job
                0x000000000000c74c      0x630 zephyr/subsys/bluetooth/controller/libsubsys__bluetooth__controller.a(ticker.c.obj)
                0x000000000000c74c                ticker_job
 .text.ticker_init
                0x000000000000cd7c       0x78 zephyr/subsys/bluetooth/controller/libsubsys__bluetooth__controller.a(ticker.c.obj)
                0x000000000000cd7c                ticker_init
 .text.ticker_trigger
                0x000000000000cdf4       0x24 zephyr/subsys/bluetooth/controller/libsubsys__bluetooth__controller.a(ticker.c.obj)
                0x000000000000cdf4                ticker_trigger
 .text.ticker_start
                0x000000000000ce18       0x94 zephyr/subsys/bluetooth/controller/libsubsys__bluetooth__controller.a(ticker.c.obj)
                0x000000000000ce18                ticker_start
 .text.ticker_update
                0x000000000000ceac       0x90 zephyr/subsys/bluetooth/controller/libsubsys__bluetooth__controller.a(ticker.c.obj)
                0x000000000000ceac                ticker_update
 .text.ticker_stop
                0x000000000000cf3c       0x74 zephyr/subsys/bluetooth/controller/libsubsys__bluetooth__controller.a(ticker.c.obj)
                0x000000000000cf3c                ticker_stop
 .text.ll_addr_get
                0x000000000000cfb0       0x34 zephyr/subsys/bluetooth/controller/libsubsys__bluetooth__controller.a(ll_addr.c.obj)
                0x000000000000cfb0                ll_addr_get
 .text.ll_addr_set
                0x000000000000cfe4       0x38 zephyr/subsys/bluetooth/controller/libsubsys__bluetooth__controller.a(ll_addr.c.obj)
                0x000000000000cfe4                ll_addr_set
 .text.hci_driver_init
                0x000000000000d01c       0x10 zephyr/subsys/bluetooth/controller/libsubsys__bluetooth__controller.a(hci_driver.c.obj)
 .text.recv_thread
                0x000000000000d02c       0xc8 zephyr/subsys/bluetooth/controller/libsubsys__bluetooth__controller.a(hci_driver.c.obj)
 .text.hci_driver_send
                0x000000000000d0f4       0xb8 zephyr/subsys/bluetooth/controller/libsubsys__bluetooth__controller.a(hci_driver.c.obj)
 .text.prio_recv_thread
                0x000000000000d1ac       0x60 zephyr/subsys/bluetooth/controller/libsubsys__bluetooth__controller.a(hci_driver.c.obj)
 .text.hci_driver_open
                0x000000000000d20c       0xc0 zephyr/subsys/bluetooth/controller/libsubsys__bluetooth__controller.a(hci_driver.c.obj)
 .text.dup_found
                0x000000000000d2cc       0xc4 zephyr/subsys/bluetooth/controller/libsubsys__bluetooth__controller.a(hci.c.obj)
 .text.cmd_status
                0x000000000000d390       0x38 zephyr/subsys/bluetooth/controller/libsubsys__bluetooth__controller.a(hci.c.obj)
 .text.le_remote_feat_complete
                0x000000000000d3c8       0x5c zephyr/subsys/bluetooth/controller/libsubsys__bluetooth__controller.a(hci.c.obj)
 .text.encrypt_change
                0x000000000000d424       0x40 zephyr/subsys/bluetooth/controller/libsubsys__bluetooth__controller.a(hci.c.obj)
 .text.hci_cmd_complete
                0x000000000000d464       0x48 zephyr/subsys/bluetooth/controller/libsubsys__bluetooth__controller.a(hci.c.obj)
                0x000000000000d464                hci_cmd_complete
 .text.hci_vendor_cmd_handle_common
                0x000000000000d4ac      0x230 zephyr/subsys/bluetooth/controller/libsubsys__bluetooth__controller.a(hci.c.obj)
                0x000000000000d4ac                hci_vendor_cmd_handle_common
 .text.hci_cmd_handle
                0x000000000000d6dc      0x890 zephyr/subsys/bluetooth/controller/libsubsys__bluetooth__controller.a(hci.c.obj)
                0x000000000000d6dc                hci_cmd_handle
 .text.hci_acl_handle
                0x000000000000df6c      0x164 zephyr/subsys/bluetooth/controller/libsubsys__bluetooth__controller.a(hci.c.obj)
                0x000000000000df6c                hci_acl_handle
 .text.hci_acl_encode
                0x000000000000e0d0       0x94 zephyr/subsys/bluetooth/controller/libsubsys__bluetooth__controller.a(hci.c.obj)
                0x000000000000e0d0                hci_acl_encode
 .text.hci_evt_encode
                0x000000000000e164      0x6d4 zephyr/subsys/bluetooth/controller/libsubsys__bluetooth__controller.a(hci.c.obj)
                0x000000000000e164                hci_evt_encode
 .text.hci_init
                0x000000000000e838       0x3c zephyr/subsys/bluetooth/controller/libsubsys__bluetooth__controller.a(hci.c.obj)
                0x000000000000e838                hci_init
 .text.rx_alloc
                0x000000000000e874       0xd4 zephyr/subsys/bluetooth/controller/libsubsys__bluetooth__controller.a(ull.c.obj)
 .text.init_reset
                0x000000000000e948      0x10c zephyr/subsys/bluetooth/controller/libsubsys__bluetooth__controller.a(ull.c.obj)
 .text.tx_cmplt_get
                0x000000000000ea54       0xb0 zephyr/subsys/bluetooth/controller/libsubsys__bluetooth__controller.a(ull.c.obj)
 .text.ll_init  0x000000000000eb04       0xf8 zephyr/subsys/bluetooth/controller/libsubsys__bluetooth__controller.a(ull.c.obj)
                0x000000000000eb04                ll_init
 .text.ll_reset
                0x000000000000ebfc       0xd8 zephyr/subsys/bluetooth/controller/libsubsys__bluetooth__controller.a(ull.c.obj)
                0x000000000000ebfc                ll_reset
 .text.ll_rx_get
                0x000000000000ecd4       0xf8 zephyr/subsys/bluetooth/controller/libsubsys__bluetooth__controller.a(ull.c.obj)
                0x000000000000ecd4                ll_rx_get
 .text.ll_rx_mem_release
                0x000000000000edcc      0x1e8 zephyr/subsys/bluetooth/controller/libsubsys__bluetooth__controller.a(ull.c.obj)
                0x000000000000edcc                ll_rx_mem_release
 .text.ll_rx_link_alloc
                0x000000000000efb4        0xc zephyr/subsys/bluetooth/controller/libsubsys__bluetooth__controller.a(ull.c.obj)
                0x000000000000efb4                ll_rx_link_alloc
 .text.ll_rx_link_release
                0x000000000000efc0        0xc zephyr/subsys/bluetooth/controller/libsubsys__bluetooth__controller.a(ull.c.obj)
                0x000000000000efc0                ll_rx_link_release
 .text.ll_rx_alloc
                0x000000000000efcc        0xc zephyr/subsys/bluetooth/controller/libsubsys__bluetooth__controller.a(ull.c.obj)
                0x000000000000efcc                ll_rx_alloc
 .text.ll_rx_release
                0x000000000000efd8        0xc zephyr/subsys/bluetooth/controller/libsubsys__bluetooth__controller.a(ull.c.obj)
                0x000000000000efd8                ll_rx_release
 .text.ll_rx_dequeue
                0x000000000000efe4      0x1b8 zephyr/subsys/bluetooth/controller/libsubsys__bluetooth__controller.a(ull.c.obj)
                0x000000000000efe4                ll_rx_dequeue
 .text.ll_rx_put
                0x000000000000f19c       0x14 zephyr/subsys/bluetooth/controller/libsubsys__bluetooth__controller.a(ull.c.obj)
                0x000000000000f19c                ll_rx_put
 .text.ll_rx_sched
                0x000000000000f1b0        0xc zephyr/subsys/bluetooth/controller/libsubsys__bluetooth__controller.a(ull.c.obj)
                0x000000000000f1b0                ll_rx_sched
 .text.ll_pdu_rx_alloc_peek
                0x000000000000f1bc       0x30 zephyr/subsys/bluetooth/controller/libsubsys__bluetooth__controller.a(ull.c.obj)
                0x000000000000f1bc                ll_pdu_rx_alloc_peek
 .text.ll_pdu_rx_alloc
                0x000000000000f1ec       0x2c zephyr/subsys/bluetooth/controller/libsubsys__bluetooth__controller.a(ull.c.obj)
                0x000000000000f1ec                ll_pdu_rx_alloc
 .text.ll_tx_ack_put
                0x000000000000f218       0x70 zephyr/subsys/bluetooth/controller/libsubsys__bluetooth__controller.a(ull.c.obj)
                0x000000000000f218                ll_tx_ack_put
 .text.ull_ticker_status_give
                0x000000000000f288        0xc zephyr/subsys/bluetooth/controller/libsubsys__bluetooth__controller.a(ull.c.obj)
                0x000000000000f288                ull_ticker_status_give
 .text.ull_ticker_status_take
                0x000000000000f294       0x18 zephyr/subsys/bluetooth/controller/libsubsys__bluetooth__controller.a(ull.c.obj)
                0x000000000000f294                ull_ticker_status_take
 .text.ull_disable_mark
                0x000000000000f2ac       0x10 zephyr/subsys/bluetooth/controller/libsubsys__bluetooth__controller.a(ull.c.obj)
                0x000000000000f2ac                ull_disable_mark
 .text.ull_disable_unmark
                0x000000000000f2bc       0x1c zephyr/subsys/bluetooth/controller/libsubsys__bluetooth__controller.a(ull.c.obj)
                0x000000000000f2bc                ull_disable_unmark
 .text.ull_disable_mark_get
                0x000000000000f2d8        0xc zephyr/subsys/bluetooth/controller/libsubsys__bluetooth__controller.a(ull.c.obj)
                0x000000000000f2d8                ull_disable_mark_get
 .text.ull_update_mark
                0x000000000000f2e4       0x10 zephyr/subsys/bluetooth/controller/libsubsys__bluetooth__controller.a(ull.c.obj)
                0x000000000000f2e4                ull_update_mark
 .text.ull_update_unmark
                0x000000000000f2f4       0x1c zephyr/subsys/bluetooth/controller/libsubsys__bluetooth__controller.a(ull.c.obj)
                0x000000000000f2f4                ull_update_unmark
 .text.ull_update_mark_get
                0x000000000000f310        0xc zephyr/subsys/bluetooth/controller/libsubsys__bluetooth__controller.a(ull.c.obj)
                0x000000000000f310                ull_update_mark_get
 .text.ull_disable
                0x000000000000f31c       0x8c zephyr/subsys/bluetooth/controller/libsubsys__bluetooth__controller.a(ull.c.obj)
                0x000000000000f31c                ull_disable
 .text.ull_pdu_rx_alloc_peek
                0x000000000000f3a8       0x30 zephyr/subsys/bluetooth/controller/libsubsys__bluetooth__controller.a(ull.c.obj)
                0x000000000000f3a8                ull_pdu_rx_alloc_peek
 .text.ull_pdu_rx_alloc
                0x000000000000f3d8       0x2c zephyr/subsys/bluetooth/controller/libsubsys__bluetooth__controller.a(ull.c.obj)
                0x000000000000f3d8                ull_pdu_rx_alloc
 .text.ull_rx_put
                0x000000000000f404       0x20 zephyr/subsys/bluetooth/controller/libsubsys__bluetooth__controller.a(ull.c.obj)
                0x000000000000f404                ull_rx_put
 .text.ull_rx_sched
                0x000000000000f424       0x10 zephyr/subsys/bluetooth/controller/libsubsys__bluetooth__controller.a(ull.c.obj)
                0x000000000000f424                ull_rx_sched
 .text.ull_prepare_enqueue
                0x000000000000f434       0x64 zephyr/subsys/bluetooth/controller/libsubsys__bluetooth__controller.a(ull.c.obj)
                0x000000000000f434                ull_prepare_enqueue
 .text.ull_prepare_dequeue_get
                0x000000000000f498       0x1c zephyr/subsys/bluetooth/controller/libsubsys__bluetooth__controller.a(ull.c.obj)
                0x000000000000f498                ull_prepare_dequeue_get
 .text.rx_demux
                0x000000000000f4b4      0x278 zephyr/subsys/bluetooth/controller/libsubsys__bluetooth__controller.a(ull.c.obj)
 .text.ull_prepare_dequeue_iter
                0x000000000000f72c       0x3c zephyr/subsys/bluetooth/controller/libsubsys__bluetooth__controller.a(ull.c.obj)
                0x000000000000f72c                ull_prepare_dequeue_iter
 .text.ull_event_done_extra_get
                0x000000000000f768       0x20 zephyr/subsys/bluetooth/controller/libsubsys__bluetooth__controller.a(ull.c.obj)
                0x000000000000f768                ull_event_done_extra_get
 .text.ull_event_done
                0x000000000000f788       0x48 zephyr/subsys/bluetooth/controller/libsubsys__bluetooth__controller.a(ull.c.obj)
                0x000000000000f788                ull_event_done
 .text.lll_chan_sel_2
                0x000000000000f7d0       0xa4 zephyr/subsys/bluetooth/controller/libsubsys__bluetooth__controller.a(lll_chan.c.obj)
                0x000000000000f7d0                lll_chan_sel_2
 .text.rtc0_nrf5_isr
                0x000000000000f874       0x24 zephyr/subsys/bluetooth/controller/libsubsys__bluetooth__controller.a(lll.c.obj)
 .text.preempt  0x000000000000f898      0x134 zephyr/subsys/bluetooth/controller/libsubsys__bluetooth__controller.a(lll.c.obj)
 .text.ticker_start_op_cb
                0x000000000000f9cc       0x48 zephyr/subsys/bluetooth/controller/libsubsys__bluetooth__controller.a(lll.c.obj)
 .text.prepare  0x000000000000fa14      0x114 zephyr/subsys/bluetooth/controller/libsubsys__bluetooth__controller.a(lll.c.obj)
 .text.preempt_ticker_cb
                0x000000000000fb28       0x58 zephyr/subsys/bluetooth/controller/libsubsys__bluetooth__controller.a(lll.c.obj)
 .text.lll_init
                0x000000000000fb80       0x94 zephyr/subsys/bluetooth/controller/libsubsys__bluetooth__controller.a(lll.c.obj)
                0x000000000000fb80                lll_init
 .text.lll_entropy_get
                0x000000000000fc14       0x24 zephyr/subsys/bluetooth/controller/libsubsys__bluetooth__controller.a(lll.c.obj)
                0x000000000000fc14                lll_entropy_get
 .text.lll_resume
                0x000000000000fc38       0x68 zephyr/subsys/bluetooth/controller/libsubsys__bluetooth__controller.a(lll.c.obj)
                0x000000000000fc38                lll_resume
 .text.lll_disable
                0x000000000000fca0       0x94 zephyr/subsys/bluetooth/controller/libsubsys__bluetooth__controller.a(lll.c.obj)
                0x000000000000fca0                lll_disable
 .text.lll_done
                0x000000000000fd34       0xc0 zephyr/subsys/bluetooth/controller/libsubsys__bluetooth__controller.a(lll.c.obj)
                0x000000000000fd34                lll_done
 .text.lll_is_done
                0x000000000000fdf4       0x10 zephyr/subsys/bluetooth/controller/libsubsys__bluetooth__controller.a(lll.c.obj)
                0x000000000000fdf4                lll_is_done
 .text.lll_clk_on
                0x000000000000fe04       0x10 zephyr/subsys/bluetooth/controller/libsubsys__bluetooth__controller.a(lll.c.obj)
                0x000000000000fe04                lll_clk_on
 .text.lll_clk_off
                0x000000000000fe14       0x10 zephyr/subsys/bluetooth/controller/libsubsys__bluetooth__controller.a(lll.c.obj)
                0x000000000000fe14                lll_clk_off
 .text.lll_chan_set
                0x000000000000fe24       0x7c zephyr/subsys/bluetooth/controller/libsubsys__bluetooth__controller.a(lll.c.obj)
                0x000000000000fe24                lll_chan_set
 .text.disabled_cb
                0x000000000000fea0       0xac zephyr/subsys/bluetooth/controller/libsubsys__bluetooth__controller.a(ull_adv.c.obj)
 .text.ticker_cb
                0x000000000000ff4c      0x120 zephyr/subsys/bluetooth/controller/libsubsys__bluetooth__controller.a(ull_adv.c.obj)
 .text.ticker_op_stop_cb
                0x000000000001006c       0xa8 zephyr/subsys/bluetooth/controller/libsubsys__bluetooth__controller.a(ull_adv.c.obj)
 .text.ticker_op_update_cb
                0x0000000000010114       0x50 zephyr/subsys/bluetooth/controller/libsubsys__bluetooth__controller.a(ull_adv.c.obj)
 .text.conn_release
                0x0000000000010164       0xa4 zephyr/subsys/bluetooth/controller/libsubsys__bluetooth__controller.a(ull_adv.c.obj)
 .text.ticker_stop_cb
                0x0000000000010208       0x98 zephyr/subsys/bluetooth/controller/libsubsys__bluetooth__controller.a(ull_adv.c.obj)
 .text.ll_adv_params_set
                0x00000000000102a0      0x120 zephyr/subsys/bluetooth/controller/libsubsys__bluetooth__controller.a(ull_adv.c.obj)
                0x00000000000102a0                ll_adv_params_set
 .text.ll_adv_data_set
                0x00000000000103c0       0xb0 zephyr/subsys/bluetooth/controller/libsubsys__bluetooth__controller.a(ull_adv.c.obj)
                0x00000000000103c0                ll_adv_data_set
 .text.ll_adv_scan_rsp_set
                0x0000000000010470       0x84 zephyr/subsys/bluetooth/controller/libsubsys__bluetooth__controller.a(ull_adv.c.obj)
                0x0000000000010470                ll_adv_scan_rsp_set
 .text.ull_adv_handle_get
                0x00000000000104f4       0x14 zephyr/subsys/bluetooth/controller/libsubsys__bluetooth__controller.a(ull_adv.c.obj)
                0x00000000000104f4                ull_adv_handle_get
 .text.ull_adv_lll_handle_get
                0x0000000000010508       0x14 zephyr/subsys/bluetooth/controller/libsubsys__bluetooth__controller.a(ull_adv.c.obj)
                0x0000000000010508                ull_adv_lll_handle_get
 .text.ull_adv_is_enabled_get
                0x000000000001051c       0x1c zephyr/subsys/bluetooth/controller/libsubsys__bluetooth__controller.a(ull_adv.c.obj)
                0x000000000001051c                ull_adv_is_enabled_get
 .text.disable.constprop.7
                0x0000000000010538      0x108 zephyr/subsys/bluetooth/controller/libsubsys__bluetooth__controller.a(ull_adv.c.obj)
 .text.isr_tx   0x0000000000010640       0xbc zephyr/subsys/bluetooth/controller/libsubsys__bluetooth__controller.a(lll_adv.c.obj)
 .text.is_abort_cb
                0x00000000000106fc       0x8c zephyr/subsys/bluetooth/controller/libsubsys__bluetooth__controller.a(lll_adv.c.obj)
 .text.abort_cb.part.1
                0x0000000000010788       0x44 zephyr/subsys/bluetooth/controller/libsubsys__bluetooth__controller.a(lll_adv.c.obj)
 .text.abort_cb
                0x00000000000107cc       0x30 zephyr/subsys/bluetooth/controller/libsubsys__bluetooth__controller.a(lll_adv.c.obj)
 .text.isr_cleanup
                0x00000000000107fc       0x2c zephyr/subsys/bluetooth/controller/libsubsys__bluetooth__controller.a(lll_adv.c.obj)
 .text.isr_rx   0x0000000000010828      0x2ec zephyr/subsys/bluetooth/controller/libsubsys__bluetooth__controller.a(lll_adv.c.obj)
 .text.chan_prepare
                0x0000000000010b14      0x118 zephyr/subsys/bluetooth/controller/libsubsys__bluetooth__controller.a(lll_adv.c.obj)
 .text.prepare_cb
                0x0000000000010c2c      0x148 zephyr/subsys/bluetooth/controller/libsubsys__bluetooth__controller.a(lll_adv.c.obj)
 .text.lll_adv_prepare
                0x0000000000010d74       0x74 zephyr/subsys/bluetooth/controller/libsubsys__bluetooth__controller.a(lll_adv.c.obj)
                0x0000000000010d74                lll_adv_prepare
 .text.ticker_cb
                0x0000000000010de8       0xdc zephyr/subsys/bluetooth/controller/libsubsys__bluetooth__controller.a(ull_scan.c.obj)
 .text.ull_scan_disable
                0x0000000000010ec4       0xc4 zephyr/subsys/bluetooth/controller/libsubsys__bluetooth__controller.a(ull_scan.c.obj)
                0x0000000000010ec4                ull_scan_disable
 .text.ull_scan_handle_get
                0x0000000000010f88       0x14 zephyr/subsys/bluetooth/controller/libsubsys__bluetooth__controller.a(ull_scan.c.obj)
                0x0000000000010f88                ull_scan_handle_get
 .text.ull_scan_lll_handle_get
                0x0000000000010f9c       0x14 zephyr/subsys/bluetooth/controller/libsubsys__bluetooth__controller.a(ull_scan.c.obj)
                0x0000000000010f9c                ull_scan_lll_handle_get
 .text.ull_scan_is_enabled_get
                0x0000000000010fb0       0x1c zephyr/subsys/bluetooth/controller/libsubsys__bluetooth__controller.a(ull_scan.c.obj)
                0x0000000000010fb0                ull_scan_is_enabled_get
 .text.ull_scan_is_disabled_get
                0x0000000000010fcc       0x1c zephyr/subsys/bluetooth/controller/libsubsys__bluetooth__controller.a(ull_scan.c.obj)
                0x0000000000010fcc                ull_scan_is_disabled_get
 .text.ticker_stop_cb
                0x0000000000010fe8       0x18 zephyr/subsys/bluetooth/controller/libsubsys__bluetooth__controller.a(lll_scan.c.obj)
 .text.prepare_cb
                0x0000000000011000      0x220 zephyr/subsys/bluetooth/controller/libsubsys__bluetooth__controller.a(lll_scan.c.obj)
 .text.isr_tx   0x0000000000011220       0xec zephyr/subsys/bluetooth/controller/libsubsys__bluetooth__controller.a(lll_scan.c.obj)
 .text.ticker_op_start_cb
                0x000000000001130c       0x48 zephyr/subsys/bluetooth/controller/libsubsys__bluetooth__controller.a(lll_scan.c.obj)
 .text.abort_cb.part.1
                0x0000000000011354       0x44 zephyr/subsys/bluetooth/controller/libsubsys__bluetooth__controller.a(lll_scan.c.obj)
 .text.abort_cb
                0x0000000000011398       0x30 zephyr/subsys/bluetooth/controller/libsubsys__bluetooth__controller.a(lll_scan.c.obj)
 .text.is_abort_cb
                0x00000000000113c8       0xa4 zephyr/subsys/bluetooth/controller/libsubsys__bluetooth__controller.a(lll_scan.c.obj)
 .text.isr_cleanup
                0x000000000001146c       0x54 zephyr/subsys/bluetooth/controller/libsubsys__bluetooth__controller.a(lll_scan.c.obj)
 .text.isr_common_done
                0x00000000000114c0       0xa8 zephyr/subsys/bluetooth/controller/libsubsys__bluetooth__controller.a(lll_scan.c.obj)
 .text.lll_scan_prepare
                0x0000000000011568       0x74 zephyr/subsys/bluetooth/controller/libsubsys__bluetooth__controller.a(lll_scan.c.obj)
                0x0000000000011568                lll_scan_prepare
 .text.pdu_len_cmp
                0x00000000000115dc       0x3c zephyr/subsys/bluetooth/controller/libsubsys__bluetooth__controller.a(ull_conn.c.obj)
 .text.init_reset
                0x0000000000011618       0x74 zephyr/subsys/bluetooth/controller/libsubsys__bluetooth__controller.a(ull_conn.c.obj)
 .text.ticker_op_stop_cb
                0x000000000001168c       0x80 zephyr/subsys/bluetooth/controller/libsubsys__bluetooth__controller.a(ull_conn.c.obj)
 .text.terminate_ind_rx_enqueue
                0x000000000001170c       0x74 zephyr/subsys/bluetooth/controller/libsubsys__bluetooth__controller.a(ull_conn.c.obj)
 .text.conn_cleanup
                0x0000000000011780       0x8c zephyr/subsys/bluetooth/controller/libsubsys__bluetooth__controller.a(ull_conn.c.obj)
 .text.ticker_start_conn_op_cb.part.18
                0x000000000001180c       0x44 zephyr/subsys/bluetooth/controller/libsubsys__bluetooth__controller.a(ull_conn.c.obj)
 .text.ticker_start_conn_op_cb
                0x0000000000011850       0x58 zephyr/subsys/bluetooth/controller/libsubsys__bluetooth__controller.a(ull_conn.c.obj)
 .text.ticker_stop_conn_op_cb
                0x00000000000118a8       0x58 zephyr/subsys/bluetooth/controller/libsubsys__bluetooth__controller.a(ull_conn.c.obj)
 .text.ticker_update_conn_op_cb
                0x0000000000011900       0x58 zephyr/subsys/bluetooth/controller/libsubsys__bluetooth__controller.a(ull_conn.c.obj)
 .text.ull_conn_lll_tx_flush
                0x0000000000011958       0xa4 zephyr/subsys/bluetooth/controller/libsubsys__bluetooth__controller.a(ull_conn.c.obj)
                0x0000000000011958                ull_conn_lll_tx_flush
 .text.feature_rsp_send.isra.14
                0x00000000000119fc       0x8c zephyr/subsys/bluetooth/controller/libsubsys__bluetooth__controller.a(ull_conn.c.obj)
 .text.reject_ext_ind_send.isra.9
                0x0000000000011a88       0x44 zephyr/subsys/bluetooth/controller/libsubsys__bluetooth__controller.a(ull_conn.c.obj)
 .text.ll_conn_acquire
                0x0000000000011acc        0xc zephyr/subsys/bluetooth/controller/libsubsys__bluetooth__controller.a(ull_conn.c.obj)
                0x0000000000011acc                ll_conn_acquire
 .text.ll_conn_release
                0x0000000000011ad8        0xc zephyr/subsys/bluetooth/controller/libsubsys__bluetooth__controller.a(ull_conn.c.obj)
                0x0000000000011ad8                ll_conn_release
 .text.ll_conn_handle_get
                0x0000000000011ae4       0x10 zephyr/subsys/bluetooth/controller/libsubsys__bluetooth__controller.a(ull_conn.c.obj)
                0x0000000000011ae4                ll_conn_handle_get
 .text.ll_conn_get
                0x0000000000011af4       0x10 zephyr/subsys/bluetooth/controller/libsubsys__bluetooth__controller.a(ull_conn.c.obj)
                0x0000000000011af4                ll_conn_get
 .text.ll_tx_mem_acquire
                0x0000000000011b04        0xc zephyr/subsys/bluetooth/controller/libsubsys__bluetooth__controller.a(ull_conn.c.obj)
                0x0000000000011b04                ll_tx_mem_acquire
 .text.ll_tx_mem_release
                0x0000000000011b10        0xc zephyr/subsys/bluetooth/controller/libsubsys__bluetooth__controller.a(ull_conn.c.obj)
                0x0000000000011b10                ll_tx_mem_release
 .text.ll_tx_mem_enqueue
                0x0000000000011b1c       0x48 zephyr/subsys/bluetooth/controller/libsubsys__bluetooth__controller.a(ull_conn.c.obj)
                0x0000000000011b1c                ll_tx_mem_enqueue
 .text.ll_length_default_get
                0x0000000000011b64       0x18 zephyr/subsys/bluetooth/controller/libsubsys__bluetooth__controller.a(ull_conn.c.obj)
                0x0000000000011b64                ll_length_default_get
 .text.ll_length_default_set
                0x0000000000011b7c       0x14 zephyr/subsys/bluetooth/controller/libsubsys__bluetooth__controller.a(ull_conn.c.obj)
                0x0000000000011b7c                ll_length_default_set
 .text.ll_phy_default_set
                0x0000000000011b90       0x14 zephyr/subsys/bluetooth/controller/libsubsys__bluetooth__controller.a(ull_conn.c.obj)
                0x0000000000011b90                ll_phy_default_set
 .text.ull_conn_init
                0x0000000000011ba4       0x24 zephyr/subsys/bluetooth/controller/libsubsys__bluetooth__controller.a(ull_conn.c.obj)
                0x0000000000011ba4                ull_conn_init
 .text.ull_conn_reset
                0x0000000000011bc8      0x108 zephyr/subsys/bluetooth/controller/libsubsys__bluetooth__controller.a(ull_conn.c.obj)
                0x0000000000011bc8                ull_conn_reset
 .text.ull_conn_chan_map_cpy
                0x0000000000011cd0       0x18 zephyr/subsys/bluetooth/controller/libsubsys__bluetooth__controller.a(ull_conn.c.obj)
                0x0000000000011cd0                ull_conn_chan_map_cpy
 .text.ull_conn_chan_map_set
                0x0000000000011ce8       0x24 zephyr/subsys/bluetooth/controller/libsubsys__bluetooth__controller.a(ull_conn.c.obj)
                0x0000000000011ce8                ull_conn_chan_map_set
 .text.ull_conn_default_tx_octets_get
                0x0000000000011d0c        0xc zephyr/subsys/bluetooth/controller/libsubsys__bluetooth__controller.a(ull_conn.c.obj)
                0x0000000000011d0c                ull_conn_default_tx_octets_get
 .text.ull_conn_default_tx_time_get
                0x0000000000011d18        0xc zephyr/subsys/bluetooth/controller/libsubsys__bluetooth__controller.a(ull_conn.c.obj)
                0x0000000000011d18                ull_conn_default_tx_time_get
 .text.ull_conn_default_phy_tx_get
                0x0000000000011d24        0xc zephyr/subsys/bluetooth/controller/libsubsys__bluetooth__controller.a(ull_conn.c.obj)
                0x0000000000011d24                ull_conn_default_phy_tx_get
 .text.ull_conn_default_phy_rx_get
                0x0000000000011d30        0xc zephyr/subsys/bluetooth/controller/libsubsys__bluetooth__controller.a(ull_conn.c.obj)
                0x0000000000011d30                ull_conn_default_phy_rx_get
 .text.ull_conn_setup
                0x0000000000011d3c       0x64 zephyr/subsys/bluetooth/controller/libsubsys__bluetooth__controller.a(ull_conn.c.obj)
                0x0000000000011d3c                ull_conn_setup
 .text.ull_conn_rx
                0x0000000000011da0     0x1448 zephyr/subsys/bluetooth/controller/libsubsys__bluetooth__controller.a(ull_conn.c.obj)
                0x0000000000011da0                ull_conn_rx
 .text.ull_conn_done
                0x00000000000131e8      0x298 zephyr/subsys/bluetooth/controller/libsubsys__bluetooth__controller.a(ull_conn.c.obj)
                0x00000000000131e8                ull_conn_done
 .text.ull_conn_tx_demux
                0x0000000000013480       0x8c zephyr/subsys/bluetooth/controller/libsubsys__bluetooth__controller.a(ull_conn.c.obj)
                0x0000000000013480                ull_conn_tx_demux
 .text.ull_conn_tx_lll_enqueue
                0x000000000001350c      0x1b4 zephyr/subsys/bluetooth/controller/libsubsys__bluetooth__controller.a(ull_conn.c.obj)
                0x000000000001350c                ull_conn_tx_lll_enqueue
 .text.ull_conn_link_tx_release
                0x00000000000136c0        0xc zephyr/subsys/bluetooth/controller/libsubsys__bluetooth__controller.a(ull_conn.c.obj)
                0x00000000000136c0                ull_conn_link_tx_release
 .text.ull_conn_ack_last_idx_get
                0x00000000000136cc        0xc zephyr/subsys/bluetooth/controller/libsubsys__bluetooth__controller.a(ull_conn.c.obj)
                0x00000000000136cc                ull_conn_ack_last_idx_get
 .text.ull_conn_ack_peek
                0x00000000000136d8       0x30 zephyr/subsys/bluetooth/controller/libsubsys__bluetooth__controller.a(ull_conn.c.obj)
                0x00000000000136d8                ull_conn_ack_peek
 .text.ull_conn_ack_by_last_peek
                0x0000000000013708       0x2c zephyr/subsys/bluetooth/controller/libsubsys__bluetooth__controller.a(ull_conn.c.obj)
                0x0000000000013708                ull_conn_ack_by_last_peek
 .text.ull_conn_ack_dequeue
                0x0000000000013734       0x2c zephyr/subsys/bluetooth/controller/libsubsys__bluetooth__controller.a(ull_conn.c.obj)
                0x0000000000013734                ull_conn_ack_dequeue
 .text.ull_conn_lll_ack_enqueue
                0x0000000000013760       0x70 zephyr/subsys/bluetooth/controller/libsubsys__bluetooth__controller.a(ull_conn.c.obj)
                0x0000000000013760                ull_conn_lll_ack_enqueue
 .text.ull_conn_tx_ack
                0x00000000000137d0      0x294 zephyr/subsys/bluetooth/controller/libsubsys__bluetooth__controller.a(ull_conn.c.obj)
                0x00000000000137d0                ull_conn_tx_ack
 .text.lll_clock_wait
                0x0000000000013a64       0x74 zephyr/subsys/bluetooth/controller/libsubsys__bluetooth__controller.a(lll_clock.c.obj)
                0x0000000000013a64                lll_clock_wait
 .text.isr_cleanup
                0x0000000000013ad8       0x68 zephyr/subsys/bluetooth/controller/libsubsys__bluetooth__controller.a(lll_conn.c.obj)
 .text.isr_done
                0x0000000000013b40       0xcc zephyr/subsys/bluetooth/controller/libsubsys__bluetooth__controller.a(lll_conn.c.obj)
 .text.lll_conn_ppm_get
                0x0000000000013c0c        0xc zephyr/subsys/bluetooth/controller/libsubsys__bluetooth__controller.a(lll_conn.c.obj)
                0x0000000000013c0c                lll_conn_ppm_get
 .text.lll_conn_prepare_reset
                0x0000000000013c18       0x24 zephyr/subsys/bluetooth/controller/libsubsys__bluetooth__controller.a(lll_conn.c.obj)
                0x0000000000013c18                lll_conn_prepare_reset
 .text.lll_conn_abort_cb
                0x0000000000013c3c       0x6c zephyr/subsys/bluetooth/controller/libsubsys__bluetooth__controller.a(lll_conn.c.obj)
                0x0000000000013c3c                lll_conn_abort_cb
 .text.lll_conn_rx_pkt_set
                0x0000000000013ca8       0xa0 zephyr/subsys/bluetooth/controller/libsubsys__bluetooth__controller.a(lll_conn.c.obj)
                0x0000000000013ca8                lll_conn_rx_pkt_set
 .text.lll_conn_isr_tx
                0x0000000000013d48       0xd4 zephyr/subsys/bluetooth/controller/libsubsys__bluetooth__controller.a(lll_conn.c.obj)
                0x0000000000013d48                lll_conn_isr_tx
 .text.lll_conn_isr_rx
                0x0000000000013e1c      0x3ec zephyr/subsys/bluetooth/controller/libsubsys__bluetooth__controller.a(lll_conn.c.obj)
                0x0000000000013e1c                lll_conn_isr_rx
 .text.ticker_op_cb
                0x0000000000014208       0x48 zephyr/subsys/bluetooth/controller/libsubsys__bluetooth__controller.a(ull_slave.c.obj)
 .text.ticker_op_stop_adv_cb
                0x0000000000014250       0x54 zephyr/subsys/bluetooth/controller/libsubsys__bluetooth__controller.a(ull_slave.c.obj)
 .text.ull_slave_ticker_cb
                0x00000000000142a4       0xc0 zephyr/subsys/bluetooth/controller/libsubsys__bluetooth__controller.a(ull_slave.c.obj)
                0x00000000000142a4                ull_slave_ticker_cb
 .text.prepare_cb
                0x0000000000014364      0x1d8 zephyr/subsys/bluetooth/controller/libsubsys__bluetooth__controller.a(lll_slave.c.obj)
 .text.lll_slave_prepare
                0x000000000001453c       0x74 zephyr/subsys/bluetooth/controller/libsubsys__bluetooth__controller.a(lll_slave.c.obj)
                0x000000000001453c                lll_slave_prepare
 .text.ticker_op_cb
                0x00000000000145b0       0x48 zephyr/subsys/bluetooth/controller/libsubsys__bluetooth__controller.a(ull_master.c.obj)
 .text.ull_master_ticker_cb
                0x00000000000145f8       0xd4 zephyr/subsys/bluetooth/controller/libsubsys__bluetooth__controller.a(ull_master.c.obj)
                0x00000000000145f8                ull_master_ticker_cb
 .text.ll_create_connection
                0x00000000000146cc      0x440 zephyr/subsys/bluetooth/controller/libsubsys__bluetooth__controller.a(ull_master.c.obj)
                0x00000000000146cc                ll_create_connection
 .text.ll_connect_disable
                0x0000000000014b0c       0x8c zephyr/subsys/bluetooth/controller/libsubsys__bluetooth__controller.a(ull_master.c.obj)
                0x0000000000014b0c                ll_connect_disable
 .text.prepare_cb
                0x0000000000014b98      0x164 zephyr/subsys/bluetooth/controller/libsubsys__bluetooth__controller.a(lll_master.c.obj)
 .text.lll_master_prepare
                0x0000000000014cfc       0x74 zephyr/subsys/bluetooth/controller/libsubsys__bluetooth__controller.a(lll_master.c.obj)
                0x0000000000014cfc                lll_master_prepare
 .text.wl_find  0x0000000000014d70       0x68 zephyr/subsys/bluetooth/controller/libsubsys__bluetooth__controller.a(ull_filter.c.obj)
 .text.rl_update
                0x0000000000014dd8       0x50 zephyr/subsys/bluetooth/controller/libsubsys__bluetooth__controller.a(ull_filter.c.obj)
 .text.wl_update
                0x0000000000014e28       0x80 zephyr/subsys/bluetooth/controller/libsubsys__bluetooth__controller.a(ull_filter.c.obj)
 .text.ll_wl_clear
                0x0000000000014ea8       0x78 zephyr/subsys/bluetooth/controller/libsubsys__bluetooth__controller.a(ull_filter.c.obj)
                0x0000000000014ea8                ll_wl_clear
 .text.ll_wl_remove
                0x0000000000014f20       0x70 zephyr/subsys/bluetooth/controller/libsubsys__bluetooth__controller.a(ull_filter.c.obj)
                0x0000000000014f20                ll_wl_remove
 .text.ll_rl_id_addr_get
                0x0000000000014f90       0x9c zephyr/subsys/bluetooth/controller/libsubsys__bluetooth__controller.a(ull_filter.c.obj)
                0x0000000000014f90                ll_rl_id_addr_get
 .text.ll_rl_clear
                0x000000000001502c       0x7c zephyr/subsys/bluetooth/controller/libsubsys__bluetooth__controller.a(ull_filter.c.obj)
                0x000000000001502c                ll_rl_clear
 .text.ll_rl_enable
                0x00000000000150a8       0x2c zephyr/subsys/bluetooth/controller/libsubsys__bluetooth__controller.a(ull_filter.c.obj)
                0x00000000000150a8                ll_rl_enable
 .text.ll_rl_timeout_set
                0x00000000000150d4       0x10 zephyr/subsys/bluetooth/controller/libsubsys__bluetooth__controller.a(ull_filter.c.obj)
                0x00000000000150d4                ll_rl_timeout_set
 .text.ull_filter_adv_scan_state_cb
                0x00000000000150e4       0x64 zephyr/subsys/bluetooth/controller/libsubsys__bluetooth__controller.a(ull_filter.c.obj)
                0x00000000000150e4                ull_filter_adv_scan_state_cb
 .text.ull_filter_adv_update
                0x0000000000015148       0x44 zephyr/subsys/bluetooth/controller/libsubsys__bluetooth__controller.a(ull_filter.c.obj)
                0x0000000000015148                ull_filter_adv_update
 .text.ull_filter_scan_update
                0x000000000001518c       0x44 zephyr/subsys/bluetooth/controller/libsubsys__bluetooth__controller.a(ull_filter.c.obj)
                0x000000000001518c                ull_filter_scan_update
 .text.ull_filter_adv_pdu_update
                0x00000000000151d0       0xe4 zephyr/subsys/bluetooth/controller/libsubsys__bluetooth__controller.a(ull_filter.c.obj)
                0x00000000000151d0                ull_filter_adv_pdu_update
 .text.ull_filter_rl_find
                0x00000000000152b4       0x6c zephyr/subsys/bluetooth/controller/libsubsys__bluetooth__controller.a(ull_filter.c.obj)
                0x00000000000152b4                ull_filter_rl_find
 .text.ll_wl_add
                0x0000000000015320       0xb4 zephyr/subsys/bluetooth/controller/libsubsys__bluetooth__controller.a(ull_filter.c.obj)
                0x0000000000015320                ll_wl_add
 .text.ll_rl_add
                0x00000000000153d4      0x144 zephyr/subsys/bluetooth/controller/libsubsys__bluetooth__controller.a(ull_filter.c.obj)
                0x00000000000153d4                ll_rl_add
 .text.ll_rl_remove
                0x0000000000015518       0xdc zephyr/subsys/bluetooth/controller/libsubsys__bluetooth__controller.a(ull_filter.c.obj)
                0x0000000000015518                ll_rl_remove
 .text.ll_rl_crpa_set
                0x00000000000155f4       0x44 zephyr/subsys/bluetooth/controller/libsubsys__bluetooth__controller.a(ull_filter.c.obj)
                0x00000000000155f4                ll_rl_crpa_set
 .text.ll_rl_crpa_get